
#################################################
unc         layer  location        net NodeID
3.40282e+38 metal1 546.8 492       VSS 648
3.40282e+38 metal1 640.4 492       VSS 776
3.40282e+38 metal1 626.7 481.2     VSS 97
3.40282e+38 metal1 531.1 488.4     VSS 584
3.40282e+38 metal1 499.8 495.6     VSS 904
3.40282e+38 metal1 664.3 481.2     VSS 81
3.40282e+38 metal1 406.6 492       VSS 712
3.40282e+38 metal1 248.6 492       VSS 795
3.40282e+38 metal1 535.795 495.425 VSS 840
3.40282e+38 metal1 426.2 481.2     VSS 113
3.40282e+38 metal1 587.3 488.4     VSS 552
3.40282e+38 metal1 560 495.6       VSS 968
3.40282e+38 metal1 584.5 481.2     VSS 73
3.40282e+38 metal1 366.5 488.4     VSS 616
3.40282e+38 metal1 698.9 492       VSS 667
3.40282e+38 metal1 365.3 492       VSS 680
3.40282e+38 metal1 632.1 481.2     VSS 89
3.40282e+38 metal1 618.2 492       VSS 744
3.40282e+38 metal1 626.5 484.8     VSS 407
3.40282e+38 metal1 300.7 492       VSS 808
3.40282e+38 metal1 552 481.2       VSS 105
3.40282e+38 metal1 690.9 495.6     VSS 872
3.40282e+38 metal1 540.4 495.6     VSS 923
3.40282e+38 metal1 453.7 495.6     VSS 936
3.40282e+38 metal1 572.2 481.2     VSS 121
3.40282e+38 metal1 453.3 488.4     VSS 536
3.40282e+38 metal1 654.5 488.4     VSS 500
3.40282e+38 metal1 554 481.2       VSS 69
3.40282e+38 metal1 472.2 488.4     VSS 568
3.40282e+38 metal1 704.5 488.4     VSS 603
3.40282e+38 metal1 782.5 488.4     VSS 600
3.40282e+38 metal1 443.9 481.2     VSS 77
3.40282e+38 metal1 550.395 492     VSS 632
3.40282e+38 metal1 636 484.8       VSS 343
3.40282e+38 metal1 695 492         VSS 664
3.40282e+38 metal1 647.7 481.2     VSS 85
3.40282e+38 metal1 478.2 492       VSS 696
3.40282e+38 metal1 501.7 492       VSS 731
3.40282e+38 metal1 552 492         VSS 728
3.40282e+38 metal1 433.4 481.2     VSS 93
3.40282e+38 metal1 460.5 492       VSS 760
3.40282e+38 metal1 724 495.6       VSS 847
3.40282e+38 metal1 296.6 492       VSS 792
3.40282e+38 metal1 638.4 481.2     VSS 101
3.40282e+38 metal1 418.5 492       VSS 824
3.40282e+38 metal1 729.4 495.6     VSS 859
3.40282e+38 metal1 678.1 495.6     VSS 856
3.40282e+38 metal1 581.2 481.2     VSS 109
3.40282e+38 metal1 653 495.6       VSS 888
3.40282e+38 metal1 691.7 488.4     VSS 471
3.40282e+38 metal1 447.9 495.6     VSS 920
3.40282e+38 metal1 362.5 481.2     VSS 117
3.40282e+38 metal1 628.9 495.6     VSS 952
3.40282e+38 metal1 280 495.6       VSS 987
3.40282e+38 metal1 289.2 495.6     VSS 984
3.40282e+38 metal1 698.1 481.2     VSS 62
3.40282e+38 metal1 662.3 488.4     VSS 528
3.40282e+38 metal1 540.2 488.4     VSS 510
3.40282e+38 metal1 738.2 481.2     VSS 33
3.40282e+38 metal1 357.8 488.4     VSS 544
3.40282e+38 metal1 402.6 488.4     VSS 571
3.40282e+38 metal1 598.3 488.4     VSS 560
3.40282e+38 metal1 595.195 481.2   VSS 17
3.40282e+38 metal1 475 488.4       VSS 576
3.40282e+38 metal1 558.8 484.8     VSS 311
3.40282e+38 metal1 304.9 488.4     VSS 592
3.40282e+38 metal1 509.8 481.2     VSS 37
3.40282e+38 metal1 574.5 488.4     VSS 608
3.40282e+38 metal1 540.995 491.825 VSS 635
3.40282e+38 metal1 720.005 492     VSS 624
3.40282e+38 metal1 655.395 481.2   VSS 9
3.40282e+38 metal1 376.805 492     VSS 640
3.40282e+38 metal1 496.2 492       VSS 719
3.40282e+38 metal1 720.005 491.637 VSS 656
3.40282e+38 metal1 715 481.2       VSS 41
3.40282e+38 metal1 708.8 492       VSS 672
3.40282e+38 metal1 491.195 492.363 VSS 699
3.40282e+38 metal1 428.7 492       VSS 688
3.40282e+38 metal1 589.595 481.2   VSS 21
3.40282e+38 metal1 370.9 492       VSS 704
3.40282e+38 metal1 335.5 484.8     VSS 375
3.40282e+38 metal1 603.9 492       VSS 720
3.40282e+38 metal1 727.4 481.2     VSS 45
3.40282e+38 metal1 448.5 492       VSS 736
3.40282e+38 metal1 639 492         VSS 763
3.40282e+38 metal1 572.3 492       VSS 752
3.40282e+38 metal1 709.805 481.2   VSS 5
3.40282e+38 metal1 482 492         VSS 768
3.40282e+38 metal1 652.5 481.2     VSS 223
3.40282e+38 metal1 250.6 492       VSS 784
3.40282e+38 metal1 716.795 480.838 VSS 49
3.40282e+38 metal1 316.3 492       VSS 800
3.40282e+38 metal1 340.5 492       VSS 827
3.40282e+38 metal1 652.5 492       VSS 816
3.40282e+38 metal1 554.205 481.2   VSS 25
3.40282e+38 metal1 210.5 492       VSS 832
3.40282e+38 metal1 655.995 488.575 VSS 439
3.40282e+38 metal1 545.2 495.6     VSS 848
3.40282e+38 metal1 708.2 481.2     VSS 53
3.40282e+38 metal1 706.5 495.6     VSS 864
3.40282e+38 metal1 549 495.6       VSS 891
3.40282e+38 metal1 480.9 495.6     VSS 880
3.40282e+38 metal1 611.995 481.2   VSS 13
3.40282e+38 metal1 420.3 495.6     VSS 896
3.40282e+38 metal1 251.6 495.6     VSS 975
3.40282e+38 metal1 586.3 495.6     VSS 912
3.40282e+38 metal1 709.805 481.562 VSS 57
3.40282e+38 metal1 625.7 495.6     VSS 928
3.40282e+38 metal1 601.7 495.6     VSS 955
3.40282e+38 metal1 409.6 495.6     VSS 944
3.40282e+38 metal1 503.195 481.2   VSS 29
3.40282e+38 metal1 338.2 495.6     VSS 960
3.40282e+38 metal1 692.4 484.8     VSS 251
3.40282e+38 metal1 274 495.6       VSS 976
3.40282e+38 metal1 692.6 481.2     VSS 61
3.40282e+38 metal1 316.8 495.6     VSS 992
3.40282e+38 metal1 530.9 488.4     VSS 513
3.40282e+38 metal1 608.6 484.8     VSS 255
3.40282e+38 metal1 653.6 481.2     VSS 129
3.40282e+38 metal1 541.6 488.4     VSS 524
3.40282e+38 metal1 375.1 488.4     VSS 516
3.40282e+38 metal1 340.2 481.2     VSS 133
3.40282e+38 metal1 537.9 488.4     VSS 532
3.40282e+38 metal1 628.3 488.4     VSS 555
3.40282e+38 metal1 340.9 488.4     VSS 540
3.40282e+38 metal1 558.595 481.562 VSS 137
3.40282e+38 metal1 494 488.4       VSS 548
3.40282e+38 metal1 666.1 484.8     VSS 295
3.40282e+38 metal1 489 488.4       VSS 556
3.40282e+38 metal1 348.2 481.2     VSS 141
3.40282e+38 metal1 470.6 488.4     VSS 564
3.40282e+38 metal1 300.5 488.4     VSS 587
3.40282e+38 metal1 661.7 488.4     VSS 572
3.40282e+38 metal1 549.2 481.2     VSS 145
3.40282e+38 metal1 550.2 488.4     VSS 580
3.40282e+38 metal1 717.7 492       VSS 655
3.40282e+38 metal1 306.9 488.4     VSS 588
3.40282e+38 metal1 343.7 481.2     VSS 149
3.40282e+38 metal1 318.5 488.4     VSS 596
3.40282e+38 metal1 262.5 488.4     VSS 619
3.40282e+38 metal1 678.5 488.4     VSS 604
3.40282e+38 metal1 359.9 481.2     VSS 153
3.40282e+38 metal1 470.5 488.4     VSS 612
3.40282e+38 metal1 348.5 484.8     VSS 327
3.40282e+38 metal1 236.5 488.4     VSS 620
3.40282e+38 metal1 618.395 480.838 VSS 157
3.40282e+38 metal1 639.795 492     VSS 628
3.40282e+38 metal1 269.4 492       VSS 651
3.40282e+38 metal1 491.195 492     VSS 636
3.40282e+38 metal1 617.8 481.2     VSS 161
3.40282e+38 metal1 274.995 492     VSS 644
3.40282e+38 metal1 622.9 481.2     VSS 95
3.40282e+38 metal1 714.2 492       VSS 652
3.40282e+38 metal1 532.6 481.2     VSS 165
3.40282e+38 metal1 714.4 492       VSS 660
3.40282e+38 metal1 545.2 492       VSS 683
3.40282e+38 metal1 730.8 492       VSS 668
3.40282e+38 metal1 430.6 481.2     VSS 169
3.40282e+38 metal1 633.1 492       VSS 676
3.40282e+38 metal1 496.5 484.8     VSS 359
3.40282e+38 metal1 540.995 491.637 VSS 684
3.40282e+38 metal1 602 481.2       VSS 173
3.40282e+38 metal1 653 492         VSS 692
3.40282e+38 metal1 487.8 492       VSS 715
3.40282e+38 metal1 458.2 492       VSS 700
3.40282e+38 metal1 501 481.2       VSS 177
3.40282e+38 metal1 533.4 492       VSS 708
3.40282e+38 metal1 501.3 492       VSS 783
3.40282e+38 metal1 498 492         VSS 716
3.40282e+38 metal1 603.595 481.562 VSS 181
3.40282e+38 metal1 375.805 492.363 VSS 724
3.40282e+38 metal1 603.5 492       VSS 747
3.40282e+38 metal1 441.8 492       VSS 732
3.40282e+38 metal1 406.1 481.2     VSS 185
3.40282e+38 metal1 346.1 492       VSS 740
3.40282e+38 metal1 329.8 484.8     VSS 391
3.40282e+38 metal1 596.9 492       VSS 748
3.40282e+38 metal1 434.8 481.2     VSS 189
3.40282e+38 metal1 411.9 492       VSS 756
3.40282e+38 metal1 533.1 492       VSS 779
3.40282e+38 metal1 452.1 492       VSS 764
3.40282e+38 metal1 656.195 481.562 VSS 193
3.40282e+38 metal1 636.6 492       VSS 772
3.40282e+38 metal1 434 488.4       VSS 543
3.40282e+38 metal1 565.5 492       VSS 780
3.40282e+38 metal1 289.1 481.2     VSS 197
3.40282e+38 metal1 329.9 492       VSS 788
3.40282e+38 metal1 782.5 492       VSS 811
3.40282e+38 metal1 313.2 492       VSS 796
3.40282e+38 metal1 279.9 481.2     VSS 201
3.40282e+38 metal1 258.4 492       VSS 804
3.40282e+38 metal1 184.5 484.8     VSS 423
3.40282e+38 metal1 756.5 492       VSS 812
3.40282e+38 metal1 324.2 481.2     VSS 205
3.40282e+38 metal1 548.5 492       VSS 820
3.40282e+38 metal1 276.595 495.6   VSS 843
3.40282e+38 metal1 314.5 492       VSS 828
3.40282e+38 metal1 283.7 481.2     VSS 209
3.40282e+38 metal1 554.795 495.425 VSS 836
3.40282e+38 metal1 663.9 495.6     VSS 911
3.40282e+38 metal1 276.595 495.425 VSS 844
3.40282e+38 metal1 312.5 481.2     VSS 213
3.40282e+38 metal1 733.8 495.6     VSS 852
3.40282e+38 metal1 720.2 495.6     VSS 875
3.40282e+38 metal1 690 495.6       VSS 860
3.40282e+38 metal1 808.5 481.2     VSS 217
3.40282e+38 metal1 718.6 495.6     VSS 868
3.40282e+38 metal1 686.7 488.4     VSS 455
3.40282e+38 metal1 681.5 495.6     VSS 876
3.40282e+38 metal1 704.5 481.2     VSS 221
3.40282e+38 metal1 596.7 495.6     VSS 884
3.40282e+38 metal1 356.9 495.6     VSS 907
3.40282e+38 metal1 551.8 495.6     VSS 892
3.40282e+38 metal1 600.5 481.2     VSS 225
3.40282e+38 metal1 501.8 495.6     VSS 900
3.40282e+38 metal1 280.2 495.6     VSS 991
3.40282e+38 metal1 442.5 495.6     VSS 908
3.40282e+38 metal1 496.5 481.2     VSS 229
3.40282e+38 metal1 358.7 495.6     VSS 916
3.40282e+38 metal1 435.8 495.6     VSS 939
3.40282e+38 metal1 419.4 495.6     VSS 924
3.40282e+38 metal1 392.5 481.2     VSS 233
3.40282e+38 metal1 431.9 495.6     VSS 932
3.40282e+38 metal1 685 488.4       VSS 487
3.40282e+38 metal1 460.9 495.6     VSS 940
3.40282e+38 metal1 288.5 481.2     VSS 237
3.40282e+38 metal1 362.3 495.6     VSS 948
3.40282e+38 metal1 632.9 495.6     VSS 971
3.40282e+38 metal1 650 495.6       VSS 956
3.40282e+38 metal1 184.5 481.2     VSS 241
3.40282e+38 metal1 535.795 495.238 VSS 964
3.40282e+38 metal1 721.8 484.8     VSS 263
3.40282e+38 metal1 412.4 495.6     VSS 972
3.40282e+38 metal1 652.205 484.8   VSS 245
3.40282e+38 metal1 266.4 495.6     VSS 980
3.40282e+38 metal1 478 488.4       VSS 501
3.40282e+38 metal1 247.4 495.6     VSS 988
3.40282e+38 metal1 552.195 484.8   VSS 249
3.40282e+38 metal1 322 495.6       VSS 996
3.40282e+38 metal1 624.7 488.4     VSS 523
3.40282e+38 metal1 603.595 481.2   VSS 15
3.40282e+38 metal1 504 481.2       VSS 126
3.40282e+38 metal1 426.7 484.8     VSS 254
3.40282e+38 metal1 432.6 488.4     VSS 531
3.40282e+38 metal1 347.3 488.4     VSS 514
3.40282e+38 metal1 734.4 484.8     VSS 261
3.40282e+38 metal1 555.595 488.038 VSS 522
3.40282e+38 metal1 652.8 488.4     VSS 518
3.40282e+38 metal1 721.2 484.8     VSS 265
3.40282e+38 metal1 341.9 488.4     VSS 526
3.40282e+38 metal1 655.995 488.762 VSS 547
3.40282e+38 metal1 654.6 488.4     VSS 530
3.40282e+38 metal1 708.9 484.8     VSS 269
3.40282e+38 metal1 428 488.4       VSS 534
3.40282e+38 metal1 641.1 481.2     VSS 71
3.40282e+38 metal1 649 488.4       VSS 538
3.40282e+38 metal1 701.9 484.8     VSS 273
3.40282e+38 metal1 447.9 488.4     VSS 542
3.40282e+38 metal1 581.7 488.4     VSS 563
3.40282e+38 metal1 564 488.4       VSS 546
3.40282e+38 metal1 724.3 484.8     VSS 277
3.40282e+38 metal1 551.6 488.4     VSS 550
3.40282e+38 metal1 151.1 488.4     VSS 623
3.40282e+38 metal1 656.2 488.4     VSS 554
3.40282e+38 metal1 671.5 484.8     VSS 281
3.40282e+38 metal1 480 488.4       VSS 558
3.40282e+38 metal1 638.7 488.4     VSS 579
3.40282e+38 metal1 363.1 488.4     VSS 562
3.40282e+38 metal1 685 484.8       VSS 285
3.40282e+38 metal1 368.5 488.4     VSS 566
3.40282e+38 metal1 462.9 481.2     VSS 151
3.40282e+38 metal1 643.9 488.4     VSS 570
3.40282e+38 metal1 679.9 484.8     VSS 289
3.40282e+38 metal1 417.9 488.4     VSS 574
3.40282e+38 metal1 323.9 488.4     VSS 595
3.40282e+38 metal1 602.7 488.4     VSS 578
3.40282e+38 metal1 490.5 484.8     VSS 293
3.40282e+38 metal1 490.3 488.4     VSS 582
3.40282e+38 metal1 413.9 484.8     VSS 351
3.40282e+38 metal1 288.5 488.4     VSS 586
3.40282e+38 metal1 618 484.8       VSS 297
3.40282e+38 metal1 313.7 488.4     VSS 590
3.40282e+38 metal1 496.5 488.4     VSS 611
3.40282e+38 metal1 297.9 488.4     VSS 594
3.40282e+38 metal1 589.2 484.8     VSS 301
3.40282e+38 metal1 848.9 488.4     VSS 598
3.40282e+38 metal1 636.4 481.2     VSS 39
3.40282e+38 metal1 730.5 488.4     VSS 602
3.40282e+38 metal1 576.5 484.8     VSS 305
3.40282e+38 metal1 626.5 488.4     VSS 606
3.40282e+38 metal1 651.595 491.825 VSS 627
3.40282e+38 metal1 522.5 488.4     VSS 610
3.40282e+38 metal1 615 484.8       VSS 309
3.40282e+38 metal1 418.5 488.4     VSS 614
3.40282e+38 metal1 457.195 491.637 VSS 687
3.40282e+38 metal1 314.5 488.4     VSS 618
3.40282e+38 metal1 639.4 484.8     VSS 313
3.40282e+38 metal1 184.5 488.4     VSS 622
3.40282e+38 metal1 375.805 492.175 VSS 643
3.40282e+38 metal1 651.595 492     VSS 626
3.40282e+38 metal1 501.7 484.8     VSS 317
3.40282e+38 metal1 551.995 492     VSS 630
3.40282e+38 metal1 506.6 481.2     VSS 167
3.40282e+38 metal1 540.995 492     VSS 634
3.40282e+38 metal1 419.9 484.8     VSS 321
3.40282e+38 metal1 457.195 492     VSS 638
3.40282e+38 metal1 691 492         VSS 659
3.40282e+38 metal1 375.805 492     VSS 642
3.40282e+38 metal1 611.4 484.8     VSS 325
3.40282e+38 metal1 440.2 492       VSS 646
3.40282e+38 metal1 236.5 492       VSS 831
3.40282e+38 metal1 538 492         VSS 650
3.40282e+38 metal1 516.6 484.8     VSS 329
3.40282e+38 metal1 666.9 492       VSS 654
3.40282e+38 metal1 561.6 492       VSS 675
3.40282e+38 metal1 672.3 492       VSS 658
3.40282e+38 metal1 617.8 484.8     VSS 333
3.40282e+38 metal1 716.4 492       VSS 662
3.40282e+38 metal1 373.4 481.2     VSS 87
3.40282e+38 metal1 702.5 492       VSS 666
3.40282e+38 metal1 503 484.8       VSS 337
3.40282e+38 metal1 709.5 492       VSS 670
3.40282e+38 metal1 555.4 492       VSS 691
3.40282e+38 metal1 591.5 492       VSS 674
3.40282e+38 metal1 631.5 484.8     VSS 341
3.40282e+38 metal1 486.3 492       VSS 678
3.40282e+38 metal1 560.6 492       VSS 751
3.40282e+38 metal1 551.995 491.637 VSS 682
3.40282e+38 metal1 552.195 484.438 VSS 345
3.40282e+38 metal1 630.1 492       VSS 686
3.40282e+38 metal1 555.2 492       VSS 707
3.40282e+38 metal1 556.7 492       VSS 690
3.40282e+38 metal1 336.1 484.8     VSS 349
3.40282e+38 metal1 641 492         VSS 694
3.40282e+38 metal1 422.8 481.2     VSS 183
3.40282e+38 metal1 542.2 492       VSS 698
3.40282e+38 metal1 439.9 484.8     VSS 353
3.40282e+38 metal1 654.8 492       VSS 702
3.40282e+38 metal1 581.3 492       VSS 723
3.40282e+38 metal1 334.5 492       VSS 706
3.40282e+38 metal1 554.8 484.8     VSS 357
3.40282e+38 metal1 371.7 492       VSS 710
3.40282e+38 metal1 392.5 484.8     VSS 415
3.40282e+38 metal1 348.3 492       VSS 714
3.40282e+38 metal1 506.6 484.8     VSS 361
3.40282e+38 metal1 613.3 492       VSS 718
3.40282e+38 metal1 340.7 492       VSS 739
3.40282e+38 metal1 591.7 492       VSS 722
3.40282e+38 metal1 641.4 484.8     VSS 365
3.40282e+38 metal1 575.9 492       VSS 726
3.40282e+38 metal1 558.595 481.2   VSS 23
3.40282e+38 metal1 492.8 492       VSS 730
3.40282e+38 metal1 466.1 484.8     VSS 369
3.40282e+38 metal1 651.595 491.637 VSS 734
3.40282e+38 metal1 359.7 492       VSS 755
3.40282e+38 metal1 434.1 492       VSS 738
3.40282e+38 metal1 444.4 484.8     VSS 373
3.40282e+38 metal1 488.4 492       VSS 742
3.40282e+38 metal1 678.5 492       VSS 815
3.40282e+38 metal1 610.1 492       VSS 746
3.40282e+38 metal1 409.4 484.8     VSS 377
3.40282e+38 metal1 626.9 492       VSS 750
3.40282e+38 metal1 597.3 492       VSS 771
3.40282e+38 metal1 417.9 492       VSS 754
3.40282e+38 metal1 324.5 484.8     VSS 381
3.40282e+38 metal1 526.1 492       VSS 758
3.40282e+38 metal1 306.2 481.2     VSS 199
3.40282e+38 metal1 480.4 492       VSS 762
3.40282e+38 metal1 284.1 484.8     VSS 385
3.40282e+38 metal1 444.5 492       VSS 766
3.40282e+38 metal1 323.9 492       VSS 787
3.40282e+38 metal1 403.2 492       VSS 770
3.40282e+38 metal1 324.1 484.8     VSS 389
3.40282e+38 metal1 535 492         VSS 774
3.40282e+38 metal1 517.5 495.6     VSS 895
3.40282e+38 metal1 506.7 492       VSS 778
3.40282e+38 metal1 293.8 484.8     VSS 393
3.40282e+38 metal1 616.8 492       VSS 782
3.40282e+38 metal1 309.7 492       VSS 803
3.40282e+38 metal1 277.9 492       VSS 786
3.40282e+38 metal1 319.3 484.8     VSS 397
3.40282e+38 metal1 289.2 492       VSS 790
3.40282e+38 metal1 547.4 481.2     VSS 103
3.40282e+38 metal1 301.6 492       VSS 794
3.40282e+38 metal1 782.5 484.8     VSS 401
3.40282e+38 metal1 274.995 492.363 VSS 798
3.40282e+38 metal1 574.5 492       VSS 819
3.40282e+38 metal1 295.3 492       VSS 802
3.40282e+38 metal1 678.5 484.8     VSS 405
3.40282e+38 metal1 274.2 492       VSS 806
3.40282e+38 metal1 556.6 495.6     VSS 879
3.40282e+38 metal1 808.5 492       VSS 810
3.40282e+38 metal1 574.5 484.8     VSS 409
3.40282e+38 metal1 704.5 492       VSS 814
3.40282e+38 metal1 554.795 495.6   VSS 835
3.40282e+38 metal1 600.5 492       VSS 818
3.40282e+38 metal1 444.5 484.8     VSS 413
3.40282e+38 metal1 496.5 492       VSS 822
3.40282e+38 metal1 300.6 481.2     VSS 215
3.40282e+38 metal1 366.5 492       VSS 826
3.40282e+38 metal1 340.5 484.8     VSS 417
3.40282e+38 metal1 262.5 492       VSS 830
3.40282e+38 metal1 700.9 495.6     VSS 851
3.40282e+38 metal1 151.1 492       VSS 834
3.40282e+38 metal1 236.5 484.8     VSS 421
3.40282e+38 metal1 542.395 495.775 VSS 838
3.40282e+38 metal1 688 488.4       VSS 479
3.40282e+38 metal1 500.595 495.775 VSS 842
3.40282e+38 metal1 617.34 488.4    VSS 425
3.40282e+38 metal1 687.8 495.6     VSS 846
3.40282e+38 metal1 713.9 495.6     VSS 867
3.40282e+38 metal1 693.1 495.6     VSS 850
3.40282e+38 metal1 721.205 488.225 VSS 429
3.40282e+38 metal1 694.4 495.6     VSS 854
3.40282e+38 metal1 721.6 481.2     VSS 55
3.40282e+38 metal1 683.5 495.6     VSS 858
3.40282e+38 metal1 706.995 488.225 VSS 433
3.40282e+38 metal1 735 495.6       VSS 862
3.40282e+38 metal1 479.3 495.6     VSS 883
3.40282e+38 metal1 705.9 495.6     VSS 866
3.40282e+38 metal1 692.795 488.575 VSS 437
3.40282e+38 metal1 692.2 495.6     VSS 870
3.40282e+38 metal1 423.2 495.6     VSS 943
3.40282e+38 metal1 689.2 495.6     VSS 874
3.40282e+38 metal1 555.595 488.225 VSS 441
3.40282e+38 metal1 550.4 495.6     VSS 878
3.40282e+38 metal1 564.2 495.6     VSS 899
3.40282e+38 metal1 651.9 495.6     VSS 882
3.40282e+38 metal1 508.9 488.4     VSS 445
3.40282e+38 metal1 453.5 495.6     VSS 886
3.40282e+38 metal1 444.5 481.2     VSS 231
3.40282e+38 metal1 651.4 495.6     VSS 890
3.40282e+38 metal1 721.205 488.038 VSS 449
3.40282e+38 metal1 526.3 495.6     VSS 894
3.40282e+38 metal1 580.9 495.6     VSS 915
3.40282e+38 metal1 472.7 495.6     VSS 898
3.40282e+38 metal1 693.995 488.762 VSS 453
3.40282e+38 metal1 535.6 495.6     VSS 902
3.40282e+38 metal1 720 484.8       VSS 287
3.40282e+38 metal1 618.1 495.6     VSS 906
3.40282e+38 metal1 729.4 488.4     VSS 457
3.40282e+38 metal1 461.1 495.6     VSS 910
3.40282e+38 metal1 606.9 495.6     VSS 931
3.40282e+38 metal1 658.5 495.6     VSS 914
3.40282e+38 metal1 668.1 488.4     VSS 461
3.40282e+38 metal1 377.6 495.6     VSS 918
3.40282e+38 metal1 593.4 481.2     VSS 119
3.40282e+38 metal1 411.6 495.6     VSS 922
3.40282e+38 metal1 686 488.4       VSS 465
3.40282e+38 metal1 498.4 495.6     VSS 926
3.40282e+38 metal1 350.9 495.6     VSS 947
3.40282e+38 metal1 488.6 495.6     VSS 930
3.40282e+38 metal1 704.2 488.4     VSS 469
3.40282e+38 metal1 531.2 495.6     VSS 934
3.40282e+38 metal1 525.5 488.4     VSS 519
3.40282e+38 metal1 500.595 495.963 VSS 938
3.40282e+38 metal1 711.7 488.4     VSS 473
3.40282e+38 metal1 666.3 495.6     VSS 942
3.40282e+38 metal1 487.6 495.6     VSS 963
3.40282e+38 metal1 660.1 495.6     VSS 946
3.40282e+38 metal1 720 488.4       VSS 477
3.40282e+38 metal1 497.8 495.6     VSS 950
3.40282e+38 metal1 618.995 484.8   VSS 247
3.40282e+38 metal1 607.7 495.6     VSS 954
3.40282e+38 metal1 718.4 488.4     VSS 481
3.40282e+38 metal1 564.8 495.6     VSS 958
3.40282e+38 metal1 296.4 495.6     VSS 979
3.40282e+38 metal1 520.5 495.6     VSS 962
3.40282e+38 metal1 723 488.4       VSS 485
3.40282e+38 metal1 417.8 495.6     VSS 966
3.40282e+38 metal1 520.7 488.4     VSS 559
3.40282e+38 metal1 370.7 495.6     VSS 970
3.40282e+38 metal1 708.4 488.4     VSS 489
3.40282e+38 metal1 272.2 495.6     VSS 974
3.40282e+38 metal1 249.4 495.6     VSS 995
3.40282e+38 metal1 275.4 495.6     VSS 978
3.40282e+38 metal1 413.3 488.4     VSS 493
3.40282e+38 metal1 317 495.6       VSS 982
3.40282e+38 metal1 606.9 488.4     VSS 507
3.40282e+38 metal1 258.7 495.6     VSS 986
3.40282e+38 metal1 374.5 488.4     VSS 497
3.40282e+38 metal1 307.4 495.6     VSS 990
3.40282e+38 metal1 352.7 488.4     VSS 505
3.40282e+38 metal1 301.8 495.6     VSS 994
3.40282e+38 metal1 552.195 484.625 VSS 250
3.40282e+38 metal1 323.7 495.6     VSS 998
3.40282e+38 metal1 414 481.2       VSS 135
3.40282e+38 metal1 712.595 481.2   VSS 3
3.40282e+38 metal1 707.6 484.8     VSS 252
3.40282e+38 metal1 683.1 481.2     VSS 63
3.40282e+38 metal1 403.4 484.8     VSS 257
3.40282e+38 metal1 636.6 488.4     VSS 511
3.40282e+38 metal1 434.3 488.4     VSS 517
3.40282e+38 metal1 426.3 488.4     VSS 512
3.40282e+38 metal1 487.9 488.4     VSS 551
3.40282e+38 metal1 457.6 484.8     VSS 256
3.40282e+38 metal1 464.7 488.4     VSS 521
3.40282e+38 metal1 603.6 481.2     VSS 128
3.40282e+38 metal1 689.4 484.8     VSS 267
3.40282e+38 metal1 650.4 484.8     VSS 258
3.40282e+38 metal1 456.7 488.4     VSS 525
3.40282e+38 metal1 733.4 484.8     VSS 260
3.40282e+38 metal1 676.3 481.2     VSS 64
3.40282e+38 metal1 578.3 488.4     VSS 529
3.40282e+38 metal1 528.6 481.2     VSS 130
3.40282e+38 metal1 558.5 481.2     VSS 67
3.40282e+38 metal1 738.2 484.8     VSS 262
3.40282e+38 metal1 478.795 488.762 VSS 533
3.40282e+38 metal1 356.205 481.025 VSS 32
3.40282e+38 metal1 567.7 488.4     VSS 567
3.40282e+38 metal1 696.4 484.8     VSS 264
3.40282e+38 metal1 429.4 488.4     VSS 537
3.40282e+38 metal1 612.2 481.2     VSS 132
3.40282e+38 metal1 732 484.8       VSS 275
3.40282e+38 metal1 740.2 484.8     VSS 266
3.40282e+38 metal1 638 488.4       VSS 541
3.40282e+38 metal1 670.9 481.2     VSS 66
3.40282e+38 metal1 352.9 484.8     VSS 303
3.40282e+38 metal1 723 484.8       VSS 268
3.40282e+38 metal1 442 488.4       VSS 545
3.40282e+38 metal1 634.2 481.2     VSS 134
3.40282e+38 metal1 514 481.2       VSS 139
3.40282e+38 metal1 717.8 484.8     VSS 270
3.40282e+38 metal1 564.2 488.4     VSS 549
3.40282e+38 metal1 603.595 481.375 VSS 16
3.40282e+38 metal1 457.8 488.4     VSS 583
3.40282e+38 metal1 668.3 484.8     VSS 272
3.40282e+38 metal1 423.3 488.4     VSS 553
3.40282e+38 metal1 448.1 481.2     VSS 136
3.40282e+38 metal1 687.4 484.8     VSS 283
3.40282e+38 metal1 676.9 484.8     VSS 274
3.40282e+38 metal1 430.6 488.4     VSS 557
3.40282e+38 metal1 560 481.2       VSS 68
3.40282e+38 metal1 711.4 492       VSS 671
3.40282e+38 metal1 698 484.8       VSS 276
3.40282e+38 metal1 574.1 488.4     VSS 561
3.40282e+38 metal1 549.4 481.2     VSS 138
3.40282e+38 metal1 712 481.2       VSS 35
3.40282e+38 metal1 714.2 484.8     VSS 278
3.40282e+38 metal1 587.1 488.4     VSS 565
3.40282e+38 metal1 739.8 481.2     VSS 34
3.40282e+38 metal1 808.5 488.4     VSS 599
3.40282e+38 metal1 694.5 484.8     VSS 280
3.40282e+38 metal1 630.1 488.4     VSS 569
3.40282e+38 metal1 651.8 481.2     VSS 140
3.40282e+38 metal1 688 484.8       VSS 291
3.40282e+38 metal1 739.8 484.8     VSS 282
3.40282e+38 metal1 565.8 488.4     VSS 573
3.40282e+38 metal1 512.1 481.2     VSS 70
3.40282e+38 metal1 485.5 481.2     VSS 79
3.40282e+38 metal1 729 484.8       VSS 284
3.40282e+38 metal1 647.9 488.4     VSS 577
3.40282e+38 metal1 505.995 481.562 VSS 142
3.40282e+38 metal1 419 481.2       VSS 147
3.40282e+38 metal1 730.1 484.8     VSS 286
3.40282e+38 metal1 413 488.4       VSS 581
3.40282e+38 metal1 656.195 481.375 VSS 8
3.40282e+38 metal1 392.5 488.4     VSS 615
3.40282e+38 metal1 705.2 484.8     VSS 288
3.40282e+38 metal1 640.2 488.4     VSS 585
3.40282e+38 metal1 655.4 481.2     VSS 144
3.40282e+38 metal1 549 484.8       VSS 299
3.40282e+38 metal1 696.2 484.8     VSS 290
3.40282e+38 metal1 320.1 488.4     VSS 589
3.40282e+38 metal1 543.8 481.2     VSS 72
3.40282e+38 metal1 578.2 481.2     VSS 191
3.40282e+38 metal1 462.3 484.8     VSS 292
3.40282e+38 metal1 330.5 488.4     VSS 593
3.40282e+38 metal1 456.1 481.2     VSS 146
3.40282e+38 metal1 367 481.2       VSS 75
3.40282e+38 metal1 474.8 484.8     VSS 294
3.40282e+38 metal1 311.3 488.4     VSS 597
3.40282e+38 metal1 566.8 481.2     VSS 36
3.40282e+38 metal1 551.995 491.825 VSS 631
3.40282e+38 metal1 661.5 484.8     VSS 296
3.40282e+38 metal1 756.5 488.4     VSS 601
3.40282e+38 metal1 413.8 481.2     VSS 148
3.40282e+38 metal1 468.3 484.8     VSS 307
3.40282e+38 metal1 478.3 484.8     VSS 298
3.40282e+38 metal1 652.5 488.4     VSS 605
3.40282e+38 metal1 555.6 481.2     VSS 74
3.40282e+38 metal1 557.7 484.8     VSS 335
3.40282e+38 metal1 368.3 484.8     VSS 300
3.40282e+38 metal1 548.5 488.4     VSS 609
3.40282e+38 metal1 352.9 481.2     VSS 150
3.40282e+38 metal1 417.7 481.2     VSS 155
3.40282e+38 metal1 594.8 484.8     VSS 302
3.40282e+38 metal1 444.5 488.4     VSS 613
3.40282e+38 metal1 595.195 481.025 VSS 18
3.40282e+38 metal1 494 492         VSS 647
3.40282e+38 metal1 618.995 484.438 VSS 304
3.40282e+38 metal1 340.5 488.4     VSS 617
3.40282e+38 metal1 339.9 481.2     VSS 152
3.40282e+38 metal1 542.3 484.8     VSS 315
3.40282e+38 metal1 504.6 484.8     VSS 306
3.40282e+38 metal1 210.5 488.4     VSS 621
3.40282e+38 metal1 592 481.2       VSS 76
3.40282e+38 metal1 639.795 491.637 VSS 735
3.40282e+38 metal1 612 484.8       VSS 308
3.40282e+38 metal1 720.005 491.825 VSS 625
3.40282e+38 metal1 410.9 481.2     VSS 154
3.40282e+38 metal1 593.595 481.2   VSS 19
3.40282e+38 metal1 411.2 484.8     VSS 310
3.40282e+38 metal1 639.795 491.825 VSS 629
3.40282e+38 metal1 354.7 481.2     VSS 38
3.40282e+38 metal1 729.2 492       VSS 663
3.40282e+38 metal1 526.5 484.8     VSS 312
3.40282e+38 metal1 550.395 492.175 VSS 633
3.40282e+38 metal1 574.6 481.2     VSS 156
3.40282e+38 metal1 582.1 484.8     VSS 323
3.40282e+38 metal1 498.7 484.8     VSS 314
3.40282e+38 metal1 491.195 492.175 VSS 637
3.40282e+38 metal1 582.6 481.2     VSS 78
3.40282e+38 metal1 554.205 480.838 VSS 175
3.40282e+38 metal1 532.1 484.8     VSS 316
3.40282e+38 metal1 376.805 492.175 VSS 641
3.40282e+38 metal1 513 481.2       VSS 158
3.40282e+38 metal1 655.395 480.838 VSS 163
3.40282e+38 metal1 573.7 484.8     VSS 318
3.40282e+38 metal1 274.995 492.175 VSS 645
3.40282e+38 metal1 712.595 481.025 VSS 4
3.40282e+38 metal1 654.6 492       VSS 679
3.40282e+38 metal1 639.9 484.8     VSS 320
3.40282e+38 metal1 402.4 492       VSS 649
3.40282e+38 metal1 424.4 481.2     VSS 160
3.40282e+38 metal1 652.205 484.438 VSS 331
3.40282e+38 metal1 597.1 484.8     VSS 322
3.40282e+38 metal1 671.1 492       VSS 653
3.40282e+38 metal1 635.3 481.2     VSS 80
3.40282e+38 metal1 458 488.4       VSS 575
3.40282e+38 metal1 520.3 484.8     VSS 324
3.40282e+38 metal1 682.9 492       VSS 657
3.40282e+38 metal1 557.2 481.2     VSS 162
3.40282e+38 metal1 497.1 481.2     VSS 83
3.40282e+38 metal1 603.2 484.8     VSS 326
3.40282e+38 metal1 679.5 492       VSS 661
3.40282e+38 metal1 679.9 481.2     VSS 40
3.40282e+38 metal1 424.8 492       VSS 695
3.40282e+38 metal1 614.6 484.8     VSS 328
3.40282e+38 metal1 707.4 492       VSS 665
3.40282e+38 metal1 643.9 481.2     VSS 164
3.40282e+38 metal1 545.5 484.8     VSS 339
3.40282e+38 metal1 473.2 484.8     VSS 330
3.40282e+38 metal1 712.8 492       VSS 669
3.40282e+38 metal1 608.7 481.2     VSS 82
3.40282e+38 metal1 473.7 484.8     VSS 367
3.40282e+38 metal1 631.1 484.8     VSS 332
3.40282e+38 metal1 730 492         VSS 673
3.40282e+38 metal1 570 481.2       VSS 166
3.40282e+38 metal1 626.1 481.2     VSS 171
3.40282e+38 metal1 550.4 484.8     VSS 334
3.40282e+38 metal1 342.9 492       VSS 677
3.40282e+38 metal1 593.595 481.025 VSS 20
3.40282e+38 metal1 377 492         VSS 711
3.40282e+38 metal1 483.5 484.8     VSS 336
3.40282e+38 metal1 635.2 492       VSS 681
3.40282e+38 metal1 363 481.2       VSS 168
3.40282e+38 metal1 619.6 484.8     VSS 347
3.40282e+38 metal1 653 484.8       VSS 338
3.40282e+38 metal1 495.8 492       VSS 685
3.40282e+38 metal1 438.3 481.2     VSS 84
3.40282e+38 metal1 251.4 492       VSS 799
3.40282e+38 metal1 537.9 484.8     VSS 340
3.40282e+38 metal1 487.3 492       VSS 689
3.40282e+38 metal1 540.8 481.2     VSS 170
3.40282e+38 metal1 716 481.2       VSS 43
3.40282e+38 metal1 436.4 484.8     VSS 342
3.40282e+38 metal1 561.8 492       VSS 693
3.40282e+38 metal1 672.7 481.2     VSS 42
3.40282e+38 metal1 541.2 492       VSS 727
3.40282e+38 metal1 597 484.8       VSS 344
3.40282e+38 metal1 550.395 492.363 VSS 697
3.40282e+38 metal1 614.9 481.2     VSS 172
3.40282e+38 metal1 410.4 484.8     VSS 355
3.40282e+38 metal1 572 484.8       VSS 346
3.40282e+38 metal1 472.8 492       VSS 701
3.40282e+38 metal1 371.3 481.2     VSS 86
3.40282e+38 metal1 708.4 481.2     VSS 47
3.40282e+38 metal1 551.4 484.8     VSS 348
3.40282e+38 metal1 618.9 492       VSS 705
3.40282e+38 metal1 356.205 480.838 VSS 174
3.40282e+38 metal1 358.1 481.2     VSS 179
3.40282e+38 metal1 653.4 484.8     VSS 350
3.40282e+38 metal1 358.7 492       VSS 709
3.40282e+38 metal1 655.395 481.025 VSS 10
3.40282e+38 metal1 527.5 492       VSS 743
3.40282e+38 metal1 453.3 484.8     VSS 352
3.40282e+38 metal1 431.2 492       VSS 713
3.40282e+38 metal1 547.2 481.2     VSS 176
3.40282e+38 metal1 610.2 484.8     VSS 363
3.40282e+38 metal1 442.8 484.8     VSS 354
3.40282e+38 metal1 645.5 492       VSS 717
3.40282e+38 metal1 579.3 481.2     VSS 88
3.40282e+38 metal1 486.4 488.4     VSS 447
3.40282e+38 metal1 587 484.8       VSS 356
3.40282e+38 metal1 489.4 492       VSS 721
3.40282e+38 metal1 562 481.2       VSS 178
3.40282e+38 metal1 508.2 481.2     VSS 91
3.40282e+38 metal1 635.4 484.8     VSS 358
3.40282e+38 metal1 376.805 492.363 VSS 725
3.40282e+38 metal1 732.1 481.2     VSS 44
3.40282e+38 metal1 466.1 492       VSS 759
3.40282e+38 metal1 641 484.8       VSS 360
3.40282e+38 metal1 516.9 492       VSS 729
3.40282e+38 metal1 538.2 481.2     VSS 180
3.40282e+38 metal1 567.4 484.8     VSS 371
3.40282e+38 metal1 447.9 484.8     VSS 362
3.40282e+38 metal1 423.8 492       VSS 733
3.40282e+38 metal1 531.9 481.2     VSS 90
3.40282e+38 metal1 848.9 484.8     VSS 399
3.40282e+38 metal1 339.1 484.8     VSS 364
3.40282e+38 metal1 475.4 492       VSS 737
3.40282e+38 metal1 611.995 481.562 VSS 182
3.40282e+38 metal1 619.4 481.2     VSS 187
3.40282e+38 metal1 612.8 484.8     VSS 366
3.40282e+38 metal1 353.3 492       VSS 741
3.40282e+38 metal1 589.595 481.025 VSS 22
3.40282e+38 metal1 514.3 492       VSS 775
3.40282e+38 metal1 655.8 484.8     VSS 368
3.40282e+38 metal1 585.1 492       VSS 745
3.40282e+38 metal1 503.195 480.838 VSS 184
3.40282e+38 metal1 567.2 484.8     VSS 379
3.40282e+38 metal1 569.6 484.8     VSS 370
3.40282e+38 metal1 638.8 492       VSS 749
3.40282e+38 metal1 564.2 481.2     VSS 92
3.40282e+38 metal1 735.9 495.6     VSS 863
3.40282e+38 metal1 654.8 484.8     VSS 372
3.40282e+38 metal1 423.4 492       VSS 753
3.40282e+38 metal1 533 481.2       VSS 186
3.40282e+38 metal1 618.395 481.2   VSS 11
3.40282e+38 metal1 443.6 484.8     VSS 374
3.40282e+38 metal1 409.3 492       VSS 757
3.40282e+38 metal1 685.3 481.2     VSS 46
3.40282e+38 metal1 306.8 492       VSS 791
3.40282e+38 metal1 362.3 484.8     VSS 376
3.40282e+38 metal1 405.2 492       VSS 761
3.40282e+38 metal1 408.4 481.2     VSS 188
3.40282e+38 metal1 303.3 484.8     VSS 387
3.40282e+38 metal1 506.2 484.8     VSS 378
3.40282e+38 metal1 649 492         VSS 765
3.40282e+38 metal1 637.9 481.2     VSS 94
3.40282e+38 metal1 308.4 481.2     VSS 207
3.40282e+38 metal1 305.2 484.8     VSS 380
3.40282e+38 metal1 548.8 492       VSS 769
3.40282e+38 metal1 593.595 480.838 VSS 190
3.40282e+38 metal1 587 481.2       VSS 195
3.40282e+38 metal1 313.1 484.8     VSS 382
3.40282e+38 metal1 577.7 492       VSS 773
3.40282e+38 metal1 716.795 481.025 VSS 2
3.40282e+38 metal1 276.4 492       VSS 807
3.40282e+38 metal1 326.9 484.8     VSS 384
3.40282e+38 metal1 520.7 492       VSS 777
3.40282e+38 metal1 589.595 480.838 VSS 192
3.40282e+38 metal1 301.7 484.8     VSS 395
3.40282e+38 metal1 284.7 484.8     VSS 386
3.40282e+38 metal1 554 492         VSS 781
3.40282e+38 metal1 584 481.2       VSS 96
3.40282e+38 metal1 419.9 492       VSS 767
3.40282e+38 metal1 311.9 484.8     VSS 388
3.40282e+38 metal1 252.8 492       VSS 785
3.40282e+38 metal1 569.4 481.2     VSS 194
3.40282e+38 metal1 369.6 481.2     VSS 99
3.40282e+38 metal1 290.9 484.8     VSS 390
3.40282e+38 metal1 291.2 492       VSS 789
3.40282e+38 metal1 709.7 481.2     VSS 48
3.40282e+38 metal1 470.5 492       VSS 823
3.40282e+38 metal1 285.6 484.8     VSS 392
3.40282e+38 metal1 319.5 492       VSS 793
3.40282e+38 metal1 595.195 480.838 VSS 196
3.40282e+38 metal1 730.5 484.8     VSS 403
3.40282e+38 metal1 291.2 484.8     VSS 394
3.40282e+38 metal1 272.6 492       VSS 797
3.40282e+38 metal1 361.4 481.2     VSS 98
3.40282e+38 metal1 707.995 488.575 VSS 431
3.40282e+38 metal1 307.6 484.8     VSS 396
3.40282e+38 metal1 248.8 492       VSS 801
3.40282e+38 metal1 304.6 481.2     VSS 198
3.40282e+38 metal1 296.2 481.2     VSS 203
3.40282e+38 metal1 298.7 484.8     VSS 398
3.40282e+38 metal1 279 492         VSS 805
3.40282e+38 metal1 558.595 481.375 VSS 24
3.40282e+38 metal1 535.795 495.6   VSS 839
3.40282e+38 metal1 808.5 484.8     VSS 400
3.40282e+38 metal1 848.9 492       VSS 809
3.40282e+38 metal1 315.5 481.2     VSS 200
3.40282e+38 metal1 522.5 484.8     VSS 411
3.40282e+38 metal1 756.5 484.8     VSS 402
3.40282e+38 metal1 730.5 492       VSS 813
3.40282e+38 metal1 417.6 481.2     VSS 100
3.40282e+38 metal1 527.1 495.6     VSS 927
3.40282e+38 metal1 704.5 484.8     VSS 404
3.40282e+38 metal1 626.5 492       VSS 817
3.40282e+38 metal1 276.7 481.2     VSS 202
3.40282e+38 metal1 712.595 480.838 VSS 51
3.40282e+38 metal1 652.5 484.8     VSS 406
3.40282e+38 metal1 522.5 492       VSS 821
3.40282e+38 metal1 742.6 481.2     VSS 50
3.40282e+38 metal1 696.4 495.6     VSS 855
3.40282e+38 metal1 600.5 484.8     VSS 408
3.40282e+38 metal1 392.5 492       VSS 825
3.40282e+38 metal1 328.6 481.2     VSS 204
3.40282e+38 metal1 288.5 484.8     VSS 419
3.40282e+38 metal1 548.5 484.8     VSS 410
3.40282e+38 metal1 288.5 492       VSS 829
3.40282e+38 metal1 574.4 481.2     VSS 102
3.40282e+38 metal1 602.8 481.2     VSS 111
3.40282e+38 metal1 470.5 484.8     VSS 412
3.40282e+38 metal1 184.5 492       VSS 833
3.40282e+38 metal1 329.2 481.2     VSS 206
3.40282e+38 metal1 311.2 481.2     VSS 211
3.40282e+38 metal1 418.5 484.8     VSS 414
3.40282e+38 metal1 542.395 495.6   VSS 837
3.40282e+38 metal1 618.395 481.025 VSS 12
3.40282e+38 metal1 691.6 495.6     VSS 871
3.40282e+38 metal1 366.5 484.8     VSS 416
3.40282e+38 metal1 500.595 495.6   VSS 841
3.40282e+38 metal1 303.4 481.2     VSS 208
3.40282e+38 metal1 484.54 488.4    VSS 427
3.40282e+38 metal1 314.5 484.8     VSS 418
3.40282e+38 metal1 722.6 495.6     VSS 845
3.40282e+38 metal1 458.5 481.2     VSS 104
3.40282e+38 metal1 514.5 495.6     VSS 959
3.40282e+38 metal1 262.5 484.8     VSS 420
3.40282e+38 metal1 561.8 495.6     VSS 849
3.40282e+38 metal1 292.9 481.2     VSS 210
3.40282e+38 metal1 597.8 481.2     VSS 107
3.40282e+38 metal1 210.5 484.8     VSS 422
3.40282e+38 metal1 671.3 495.6     VSS 853
3.40282e+38 metal1 694.4 481.2     VSS 52
3.40282e+38 metal1 647.6 495.6     VSS 887
3.40282e+38 metal1 151.1 484.8     VSS 424
3.40282e+38 metal1 729.2 495.6     VSS 857
3.40282e+38 metal1 320.4 481.2     VSS 212
3.40282e+38 metal1 693.995 488.575 VSS 435
3.40282e+38 metal1 486.14 488.4    VSS 426
3.40282e+38 metal1 719.3 495.6     VSS 861
3.40282e+38 metal1 335.3 481.2     VSS 106
3.40282e+38 metal1 718 488.4       VSS 463
3.40282e+38 metal1 721.205 488.4   VSS 428
3.40282e+38 metal1 730.8 495.6     VSS 865
3.40282e+38 metal1 309.5 481.2     VSS 214
3.40282e+38 metal1 756.5 481.2     VSS 219
3.40282e+38 metal1 707.995 488.4   VSS 430
3.40282e+38 metal1 694.6 495.6     VSS 869
3.40282e+38 metal1 554.205 481.025 VSS 26
3.40282e+38 metal1 349.8 495.6     VSS 903
3.40282e+38 metal1 706.995 488.4   VSS 432
3.40282e+38 metal1 674.5 495.6     VSS 873
3.40282e+38 metal1 848.9 481.2     VSS 216
3.40282e+38 metal1 478.795 488.575 VSS 443
3.40282e+38 metal1 693.995 488.4   VSS 434
3.40282e+38 metal1 686.4 495.6     VSS 877
3.40282e+38 metal1 432.4 481.2     VSS 108
3.40282e+38 metal1 336.1 488.4     VSS 527
3.40282e+38 metal1 692.795 488.4   VSS 436
3.40282e+38 metal1 365.3 495.6     VSS 881
3.40282e+38 metal1 782.5 481.2     VSS 218
3.40282e+38 metal1 505.995 481.2   VSS 27
3.40282e+38 metal1 655.995 488.4   VSS 438
3.40282e+38 metal1 591.3 495.6     VSS 885
3.40282e+38 metal1 714 481.2       VSS 54
3.40282e+38 metal1 467.3 495.6     VSS 919
3.40282e+38 metal1 555.595 488.4   VSS 440
3.40282e+38 metal1 473.9 495.6     VSS 889
3.40282e+38 metal1 730.5 481.2     VSS 220
3.40282e+38 metal1 724.5 488.4     VSS 451
3.40282e+38 metal1 478.795 488.4   VSS 442
3.40282e+38 metal1 500.6 495.6     VSS 893
3.40282e+38 metal1 556.4 481.2     VSS 110
3.40282e+38 metal1 236.5 481.2     VSS 239
3.40282e+38 metal1 484.8 488.4     VSS 444
3.40282e+38 metal1 548.7 495.6     VSS 897
3.40282e+38 metal1 678.5 481.2     VSS 222
3.40282e+38 metal1 548.5 481.2     VSS 227
3.40282e+38 metal1 617.6 488.4     VSS 446
3.40282e+38 metal1 647 495.6       VSS 901
3.40282e+38 metal1 709.805 481.375 VSS 6
3.40282e+38 metal1 497.3 495.6     VSS 935
3.40282e+38 metal1 715.6 488.4     VSS 448
3.40282e+38 metal1 532.6 495.6     VSS 905
3.40282e+38 metal1 626.5 481.2     VSS 224
3.40282e+38 metal1 673.7 488.4     VSS 459
3.40282e+38 metal1 706.995 488.038 VSS 450
3.40282e+38 metal1 335.3 495.6     VSS 909
3.40282e+38 metal1 410.6 481.2     VSS 112
3.40282e+38 metal1 616.5 484.8     VSS 319
3.40282e+38 metal1 692.795 488.762 VSS 452
3.40282e+38 metal1 404.8 495.6     VSS 913
3.40282e+38 metal1 574.5 481.2     VSS 226
3.40282e+38 metal1 579.6 481.2     VSS 115
3.40282e+38 metal1 707.995 488.762 VSS 454
3.40282e+38 metal1 568.2 495.6     VSS 917
3.40282e+38 metal1 720 481.2       VSS 56
3.40282e+38 metal1 542.395 495.963 VSS 951
3.40282e+38 metal1 700.7 488.4     VSS 456
3.40282e+38 metal1 571.7 495.6     VSS 921
3.40282e+38 metal1 522.5 481.2     VSS 228
3.40282e+38 metal1 712.8 488.4     VSS 467
3.40282e+38 metal1 721.5 488.4     VSS 458
3.40282e+38 metal1 489.6 495.6     VSS 925
3.40282e+38 metal1 560.4 481.2     VSS 114
3.40282e+38 metal1 472 488.4       VSS 495
3.40282e+38 metal1 705.6 488.4     VSS 460
3.40282e+38 metal1 503.6 495.6     VSS 929
3.40282e+38 metal1 470.5 481.2     VSS 230
3.40282e+38 metal1 340.5 481.2     VSS 235
3.40282e+38 metal1 682.5 488.4     VSS 462
3.40282e+38 metal1 343.8 495.6     VSS 933
3.40282e+38 metal1 505.995 481.375 VSS 28
3.40282e+38 metal1 443.1 495.6     VSS 967
3.40282e+38 metal1 670.9 488.4     VSS 464
3.40282e+38 metal1 429.2 495.6     VSS 937
3.40282e+38 metal1 418.5 481.2     VSS 232
3.40282e+38 metal1 689.6 488.4     VSS 475
3.40282e+38 metal1 714.8 488.4     VSS 466
3.40282e+38 metal1 542.8 495.6     VSS 941
3.40282e+38 metal1 540.2 481.2     VSS 116
3.40282e+38 metal1 719.595 485.163 VSS 271
3.40282e+38 metal1 691.4 488.4     VSS 468
3.40282e+38 metal1 619.3 495.6     VSS 945
3.40282e+38 metal1 366.5 481.2     VSS 234
3.40282e+38 metal1 704.4 481.2     VSS 59
3.40282e+38 metal1 722.2 488.4     VSS 470
3.40282e+38 metal1 638.3 495.6     VSS 949
3.40282e+38 metal1 706.6 481.2     VSS 58
3.40282e+38 metal1 329.9 495.6     VSS 983
3.40282e+38 metal1 723.5 488.4     VSS 472
3.40282e+38 metal1 623.5 495.6     VSS 953
3.40282e+38 metal1 314.5 481.2     VSS 236
3.40282e+38 metal1 733.6 488.4     VSS 483
3.40282e+38 metal1 695.4 488.4     VSS 474
3.40282e+38 metal1 596.1 495.6     VSS 957
3.40282e+38 metal1 534.6 481.2     VSS 118
3.40282e+38 metal1 420.1 488.4     VSS 503
3.40282e+38 metal1 730.8 488.4     VSS 476
3.40282e+38 metal1 554.795 495.238 VSS 961
3.40282e+38 metal1 262.5 481.2     VSS 238
3.40282e+38 metal1 719.595 484.8   VSS 243
3.40282e+38 metal1 694.8 488.4     VSS 478
3.40282e+38 metal1 467.5 495.6     VSS 965
3.40282e+38 metal1 611.995 481.375 VSS 14
3.40282e+38 metal1 310.4 495.6     VSS 999
3.40282e+38 metal1 697.6 488.4     VSS 480
3.40282e+38 metal1 565.8 495.6     VSS 969
3.40282e+38 metal1 210.5 481.2     VSS 240
3.40282e+38 metal1 514.5 488.4     VSS 491
3.40282e+38 metal1 687.4 488.4     VSS 482
3.40282e+38 metal1 420.8 495.6     VSS 973
3.40282e+38 metal1 484.5 481.2     VSS 120
3.40282e+38 metal1 600.5 488.4     VSS 607
3.40282e+38 metal1 693 488.4       VSS 484
3.40282e+38 metal1 278.2 495.6     VSS 977
3.40282e+38 metal1 151.1 481.2     VSS 242
3.40282e+38 metal1 434 481.2       VSS 123
3.40282e+38 metal1 731.5 488.4     VSS 486
3.40282e+38 metal1 291.2 495.6     VSS 981
3.40282e+38 metal1 714.4 481.2     VSS 60
3.40282e+38 metal1 450.3 488.4     VSS 515
3.40282e+38 metal1 724.6 488.4     VSS 488
3.40282e+38 metal1 276.595 495.238 VSS 985
3.40282e+38 metal1 719.595 484.975 VSS 244
3.40282e+38 metal1 498.3 488.4     VSS 499
3.40282e+38 metal1 697 488.4       VSS 490
3.40282e+38 metal1 332.6 495.6     VSS 989
3.40282e+38 metal1 435.8 481.2     VSS 122
3.40282e+38 metal1 516.9 488.4     VSS 535
3.40282e+38 metal1 494.8 488.4     VSS 492
3.40282e+38 metal1 270.6 495.6     VSS 993
3.40282e+38 metal1 652.205 484.625 VSS 246
3.40282e+38 metal1 473.9 481.2     VSS 125
3.40282e+38 metal1 431 488.4       VSS 494
3.40282e+38 metal1 310.9 495.6     VSS 997
3.40282e+38 metal1 503.195 481.025 VSS 30
3.40282e+38 metal1 406.4 484.8     VSS 259
3.40282e+38 metal1 548.9 488.4     VSS 496
3.40282e+38 metal1 314 495.6       VSS 1000
3.40282e+38 metal1 618.995 484.625 VSS 248
3.40282e+38 metal1 735.8 484.8     VSS 253
3.40282e+38 metal1 613.5 488.4     VSS 498
3.40282e+38 metal1 592.5 488.4     VSS 502
3.40282e+38 metal1 491.7 481.2     VSS 124
3.40282e+38 metal1 468.3 481.2     VSS 143
3.40282e+38 metal1 716.795 481.2   VSS 1
3.40282e+38 metal1 543.3 488.4     VSS 504
3.40282e+38 metal1 656.195 481.2   VSS 7
3.40282e+38 metal1 475.5 488.4     VSS 509
3.40282e+38 metal1 356.205 481.2   VSS 31
3.40282e+38 metal1 473.1 488.4     VSS 506
3.40282e+38 metal1 348.6 481.2     VSS 127
3.40282e+38 metal1 514.4 481.2     VSS 131
3.40282e+38 metal1 406.5 488.4     VSS 508
3.40282e+38 metal1 457.195 491.825 VSS 639
3.40282e+38 metal1 283.7 484.8     VSS 383
3.40282e+38 metal1 651.2 492       VSS 703
3.40282e+38 metal1 550.4 481.2     VSS 159
3.40282e+38 metal1 330.7 488.4     VSS 591
3.40282e+38 metal1 711.4 484.8     VSS 279
3.40282e+38 metal1 447.1 488.4     VSS 539
3.40282e+38 metal1 667.3 481.2     VSS 65
3.40282e+38 metal1 406.8 488.4     VSS 520

#################################################
Range        Total Count Displayed / Scissored Percentage
 > 1         0           0 / 0                  0.00%    
0.875 ~ 1    0           0 / 0                  0.00%    
0.75 ~ 0.875 0           0 / 0                  0.00%    
0.625 ~ 0.75 0           0 / 0                  0.00%    
0.5 ~ 0.625  0           0 / 0                  0.00%    
0.375 ~ 0.5  0           0 / 0                  0.00%    
0.25 ~ 0.375 0           0 / 0                  0.00%    
0.125 ~ 0.25 0           0 / 0                  0.00%    
0 ~ 0.125    0           0 / 0                  0.00%    
 < 0         0           0 / 0                  0.00%    
