
#################################################
rlrp (Ohm) Net Cell        Instance                       
46.2984    VSS BUFFD1LVT   I36/FE_OFC543_TIEOFF_LTIEHI_NET
45.9513    VSS TIEHHVT     I36/TIEOFF_LTIEHI
45.6357    VSS BUFFD3LVT   I36/FE_OFC234_TIEOFF_LTIELO_NET
45.0407    VSS TIELHVT     I36/TIEOFF_LTIELO
44.086     VSS NR2D0HVT    I0/minaj2_I/U1577
43.9867    VSS NR2D0HVT    I0/minaj2_I/U456
43.7363    VSS NR2D0HVT    I0/minaj2_I/U5302
43.6459    VSS OAI21D1LVT  I0/minaj2_I/U417
43.6282    VSS NR2XD0LVT   I0/minaj2_I/U5251
43.5289    VSS OAI21D1LVT  I0/minaj2_I/U5290
43.52      VSS AOI21D1LVT  I0/minaj2_I/U5291
43.4208    VSS NR2D0HVT    I0/minaj2_I/U5257
43.391     VSS ND2D0HVT    I0/minaj2_I/U2575
43.1925    VSS OAI21D0HVT  I0/minaj2_I/U5321
43.0413    VSS ND2D0HVT    I0/minaj2_I/U5303
42.9851    VSS AOI21D1LVT  I0/minaj2_I/U1483
42.9332    VSS ND2D0HVT    I0/minaj2_I/U5289
42.7459    VSS FA1D0HVT    I0/minaj2_I/U5465
42.6265    VSS ND2D0HVT    I0/minaj2_I/U5286
42.5648    VSS BUFFD1LVT   I35/FE_OFC540_TIEOFF_LTIEHI_NET
42.4368    VSS ND2D0HVT    I0/minaj2_I/U5288
42.3982    VSS NR2D0HVT    I0/minaj2_I/U2574
42.2858    VSS INVD1LVT    I0/minaj2_I/FE_OFC1465_n5127
42.2316    VSS FA1D0HVT    I0/minaj2_I/U5373
42.2294    VSS NR2D0HVT    I0/minaj2_I/U5285
42.2205    VSS OAI21D1LVT  I0/minaj2_I/U5287
42.2178    VSS TIEHHVT     I35/TIEOFF_LTIEHI
42.1974    VSS FA1D0LVT    I0/minaj2_I/U5301
42.0982    VSS FA1D0HVT    I0/minaj2_I/U5404
42.0982    VSS FA1D0HVT    I0/minaj2_I/U5406
42.0507    VSS FA1D0HVT    I0/minaj2_I/U5405
42.0356    VSS INVD1LVT    I0/minaj2_I/FE_OFC2333_n8201
41.9812    VSS INVD0HVT    I0/minaj2_I/U2429
41.9188    VSS INVD1LVT    I0/minaj2_I/FE_OFC2657_n8016
41.9021    VSS BUFFD3LVT   I35/FE_OFC241_TIEOFF_LTIELO_NET
41.8997    VSS FA1D0HVT    I0/minaj2_I/U5414
41.8092    VSS FA1D0HVT    I0/minaj2_I/U5319
41.7529    VSS FA1D0HVT    I0/minaj2_I/U5318
41.7442    VSS FA1D0HVT    I0/minaj2_I/U5474
41.7418    VSS NR2D0HVT    I0/minaj2_I/U5256
41.7032    VSS ND2D0HVT    I0/minaj2_I/U5320
41.6018    VSS INVD0HVT    I0/minaj2_I/U2718
41.5366    VSS FA1D0HVT    I0/minaj2_I/U5478
41.5256    VSS ND2D0HVT    I0/minaj2_I/U368
41.5191    VSS FA1D0HVT    I0/minaj2_I/U5504
41.4285    VSS FA1D0HVT    I0/minaj2_I/U5505
41.4263    VSS CKXOR2D1LVT I0/minaj2_I/U154
41.327     VSS AOI21D1LVT  I0/minaj2_I/U369
41.3178    VSS INVD1LVT    I0/minaj2_I/FE_OFC2482_n8244
41.3119    VSS INVD1LVT    I0/minaj2_I/FE_OFC1478_n5270
41.3072    VSS TIELHVT     I35/TIEOFF_LTIELO
41.3001    VSS INVD1LVT    I0/minaj2_I/FE_OFC2049_n8068
41.2884    VSS XNR2D1LVT   I0/minaj2_I/U2439
41.2366    VSS AOI21D1HVT  I0/minaj2_I/U240
41.23      VSS FA1D0HVT    I0/minaj2_I/U5506
41.2188    VSS ND2D0HVT    I0/minaj2_I/U2456
41.2013    VSS AOI21D1HVT  I0/minaj2_I/U284
41.2005    VSS NR2D0HVT    I0/minaj2_I/U2790
41.1945    VSS FA1D0HVT    I0/minaj2_I/U5533
41.156     VSS ND2D1LVT    I0/minaj2_I/U1728
41.1218    VSS FA1D0HVT    I0/minaj2_I/U5534
41.1142    VSS FA1D0HVT    I0/minaj2_I/U5292
41.1108    VSS ND2D1HVT    I0/minaj2_I/U395
41.083     VSS INVD1LVT    I0/minaj2_I/FE_OFC2505_n5267
41.0668    VSS FA1D0HVT    I0/minaj2_I/U5374
41.0115    VSS OAI21D1HVT  I0/minaj2_I/U385
41.0028    VSS NR2D0HVT    I0/minaj2_I/U2454
40.9995    VSS ND2D0HVT    I0/minaj2_I/U2475
40.9872    VSS FA1D0HVT    I0/minaj2_I/U5581
40.9795    VSS INVD0HVT    I0/minaj2_I/U388
40.9441    VSS FA1D0HVT    I0/minaj2_I/U6550
40.939     VSS ND2D0HVT    I0/minaj2_I/U2855
40.9119    VSS INVD1LVT    I0/minaj2_I/FE_OFC2312_n8237
40.8937    VSS ND2D0HVT    I0/minaj2_I/U5466
40.8857    VSS NR2XD0HVT   I0/minaj2_I/U435
40.8848    VSS AOI21D0HVT  I0/minaj2_I/U5408
40.8756    VSS INVD1LVT    I0/minaj2_I/FE_OFC2238_n5138
40.8506    VSS AOI21D1LVT  I0/minaj2_I/U2802
40.8395    VSS NR2D0HVT    I0/minaj2_I/U2414
40.8306    VSS NR2XD0LVT   I0/minaj2_I/U3846
40.8306    VSS ND2D0HVT    I0/minaj2_I/U5280
40.8271    VSS FA1D0HVT    I0/minaj2_I/U6539
40.8239    VSS FA1D0HVT    I0/minaj2_I/U5503
40.8217    VSS AOI21D1LVT  I0/minaj2_I/U5282
40.8151    VSS FA1D0HVT    I0/minaj2_I/U5531
40.792     VSS ND2D0HVT    I0/minaj2_I/U1492
40.7601    VSS FA1D0HVT    I0/minaj2_I/U5403
40.749     VSS XNR2D0HVT   I0/minaj2_I/U1371
40.7171    VSS FA1D0HVT    I0/minaj2_I/U5364
40.7024    VSS AOI21D1LVT  I0/minaj2_I/U2714
40.6774    VSS AOI21D0HVT  I0/minaj2_I/U5368
40.6697    VSS FA1D0HVT    I0/minaj2_I/U5308
40.6464    VSS INVD0HVT    I0/minaj2_I/U1520
40.644     VSS CKND1LVT    I0/minaj2_I/FE_OFC2103_n5260
40.632     VSS AOI21D0HVT  I0/minaj2_I/U1375
40.6232    VSS OAI21D1LVT  I0/minaj2_I/U5281
40.6231    VSS AOI21D0HVT  I0/minaj2_I/U269
40.6031    VSS ND2D0HVT    I0/minaj2_I/U5412
40.5957    VSS OAI21D0HVT  I0/minaj2_I/U630
40.5704    VSS FA1D0HVT    I0/minaj2_I/U5317
40.5438    VSS CKND1LVT    I0/minaj2_I/FE_OFC2892_n5034
40.5328    VSS NR2XD0HVT   I0/minaj2_I/U374
40.5241    VSS ND2D0HVT    I0/minaj2_I/U2824
40.4973    VSS ND2D1LVT    I0/minaj2_I/U434
40.4246    VSS NR2XD0HVT   I0/minaj2_I/U2448
40.4246    VSS INVD1LVT    I0/minaj2_I/FE_OFC3003_n4772
40.4211    VSS FA1D0HVT    I0/minaj2_I/U6526
40.406     VSS OAI21D1HVT  I0/minaj2_I/U586
40.406     VSS XNR2D1LVT   I0/minaj2_I/U2657
40.4015    VSS FA1D0HVT    I0/minaj2_I/U5283
40.398     VSS INVD1LVT    I0/minaj2_I/FE_OFC1483_n4767
40.3871    VSS ND2D0HVT    I0/minaj2_I/U1720
40.3433    VSS OAI21D0HVT  I0/minaj2_I/U2803
40.3429    VSS INVD1LVT    I0/minaj2_I/FE_OFC3017_n4791
40.3344    VSS ND2D1LVT    I0/minaj2_I/U713
40.3253    VSS CKXOR2D1LVT I0/minaj2_I/U210
40.2885    VSS INVD1LVT    I0/minaj2_I/FE_OFC2321_n5134
40.2669    VSS CKND1LVT    I0/minaj2_I/FE_OFC2501_n8247
40.2622    VSS OAI21D0HVT  I0/minaj2_I/U561
40.2547    VSS NR2XD0HVT   I0/minaj2_I/U675
40.2313    VSS BUFFD1LVT   I37/FE_OFC557_TIEOFF_LTIEHI_NET
40.2292    VSS FA1D0HVT    I0/minaj2_I/U5631
40.2174    VSS OAI21D1HVT  I0/minaj2_I/U1743
40.2052    VSS OAI21D1LVT  I0/minaj2_I/U1473
40.2049    VSS FA1D0HVT    I0/minaj2_I/U6512
40.1985    VSS AOI21D0HVT  I0/minaj2_I/U5468
40.1909    VSS BUFFD3LVT   I37/FE_OFC228_TIEOFF_LTIELO_NET
40.1356    VSS ND2D1LVT    I0/minaj2_I/U1431
40.0978    VSS ND2D0HVT    I0/minaj2_I/U2783
40.0948    VSS FA1D0HVT    I0/minaj2_I/U5284
40.0936    VSS FA1D0HVT    I0/minaj2_I/U5562
40.0669    VSS FA1D0       I0/minaj2_I/U1519
40.0653    VSS FA1D0HVT    I0/minaj2_I/U5471
40.0542    VSS XNR2D1LVT   I0/minaj2_I/U2664
40.0542    VSS AOI21D0HVT  I0/minaj2_I/U5240
40.0453    VSS NR2XD0HVT   I0/minaj2_I/U2941
40.0452    VSS OAI21D0HVT  I0/minaj2_I/U367
40.0452    VSS AOI21D1HVT  I0/minaj2_I/U226
40.0363    VSS ND2D0HVT    I0/minaj2_I/U5279
40.0363    VSS NR2D0HVT    I0/minaj2_I/U5261
40.0149    VSS INVD1LVT    I0/minaj2_I/FE_OFC2208_n4806
40.0011    VSS OAI21D1LVT  I0/minaj2_I/U2745
40.0011    VSS AOI21D1LVT  I0/minaj2_I/U394
39.9994    VSS INVD1LVT    I0/minaj2_I/FE_OFC3082_n5261
39.9985    VSS OAI21D1HVT  I0/minaj2_I/U2696
39.9977    VSS OAI21D0LVT  I0/minaj2_I/U5362
39.9282    VSS ND2D0HVT    I0/minaj2_I/U1457
39.9194    VSS ND2D0HVT    I0/minaj2_I/U2464
39.914     VSS FA1D0HVT    I0/minaj2_I/U5333
39.9107    VSS NR2XD0HVT   I0/minaj2_I/U1741
39.9107    VSS AOI21D1HVT  I0/minaj2_I/U2815
39.9031    VSS INVD1LVT    I0/minaj2_I/FE_OFC2161_n5121
39.8985    VSS NR2D0HVT    I0/minaj2_I/U2571
39.8963    VSS FA1D0HVT    I0/minaj2_I/U5260
39.8843    VSS TIEHHVT     I37/TIEOFF_LTIEHI
39.8755    VSS FA1D0HVT    I0/minaj2_I/U5415
39.8595    VSS FA1D0LVT    I0/minaj2_I/U3740
39.8577    VSS FA1D0HVT    I0/minaj2_I/U5323
39.8289    VSS NR2D0HVT    I0/minaj2_I/U5262
39.8157    VSS FA1D0HVT    I0/minaj2_I/U5656
39.8114    VSS XOR2D1LVT   I0/minaj2_I/U219
39.7912    VSS OAI21D1HVT  I0/minaj2_I/U2678
39.7822    VSS XNR2D1LVT   I0/minaj2_I/U2669
39.7609    VSS INVD1LVT    I0/minaj2_I/FE_OFC2328_n4792
39.7385    VSS AOI21D1LVT  I0/minaj2_I/U364
39.7297    VSS OAI21D1LVT  I0/minaj2_I/U5235
39.7296    VSS ND2D0HVT    I0/minaj2_I/U2466
39.7262    VSS FA1D0HVT    I0/minaj2_I/U6525
39.7231    VSS FA1D0HVT    I0/minaj2_I/U5530
39.7093    VSS XNR2D1LVT   I0/minaj2_I/U2670
39.6843    VSS OAI21D0HVT  I0/minaj2_I/U656
39.668     VSS FA1D0HVT    I0/minaj2_I/U5335
39.6394    VSS NR2D1LVT    I0/minaj2_I/U2926
39.6346    VSS INVD0HVT    I0/minaj2_I/U5370
39.6304    VSS AOI21D1LVT  I0/minaj2_I/U371
39.6268    VSS FA1D0HVT    I0/minaj2_I/U6513
39.6171    VSS FA1D0HVT    I0/minaj2_I/U5657
39.6149    VSS FA1D0HVT    I0/minaj2_I/U5563
39.5959    VSS TIELHVT     I37/TIEOFF_LTIELO
39.5796    VSS FA1D0LVT    I0/minaj2_I/U4465
39.5794    VSS FA1D0HVT    I0/minaj2_I/U4430
39.549     VSS ND2D0HVT    I0/minaj2_I/U5293
39.5454    VSS INVD0HVT    I0/minaj2_I/U2827
39.544     VSS FA1D0HVT    I0/minaj2_I/U4432
39.5223    VSS OAI21D1LVT  I0/minaj2_I/U1505
39.5168    VSS FA1D0HVT    I0/minaj2_I/U5252
39.509     VSS FA1D0HVT    I0/minaj2_I/U5655
39.501     VSS FA1D0LVT    I0/minaj2_I/U6105
39.4945    VSS NR2D0HVT    I0/minaj2_I/U5407
39.4803    VSS FA1D0HVT    I0/minaj2_I/U4460
39.4777    VSS ND2D0HVT    I0/minaj2_I/U5372
39.4726    VSS INVD0HVT    I0/minaj2_I/U2858
39.4713    VSS FA1D0HVT    I0/minaj2_I/U4429
39.4713    VSS FA1D0HVT    I0/minaj2_I/U4454
39.4396    VSS INVD1LVT    I0/minaj2_I/FE_OFC2731_n5647
39.4329    VSS OAI21D0HVT  I0/minaj2_I/U5629
39.4318    VSS OAI21D0HVT  I0/minaj2_I/U1454
39.4142    VSS ND2D0HVT    I0/minaj2_I/U2499
39.4106    VSS INVD1LVT    I0/minaj2_I/FE_OFC3245_n5122
39.4017    VSS FA1D0HVT    I0/minaj2_I/U6480
39.376     VSS FA1D0HVT    I0/minaj2_I/U6458
39.3703    VSS FA1D0HVT    I0/minaj2_I/U5472
39.3701    VSS FA1D0HVT    I0/minaj2_I/U5324
39.3592    VSS ND2D0HVT    I0/minaj2_I/U2826
39.3558    VSS INVD0HVT    I0/minaj2_I/U2847
39.3512    VSS ND2D0HVT    I0/minaj2_I/U5634
39.3502    VSS ND2D1LVT    I0/minaj2_I/U2935
39.3424    VSS AOI21D1LVT  I0/minaj2_I/U311
39.3414    VSS XNR2D1LVT   I0/minaj2_I/U2663
39.3379    VSS INVD0HVT    I0/minaj2_I/U5170
39.3271    VSS FA1D0HVT    I0/minaj2_I/U5363
39.3237    VSS OAI21D0HVT  I0/minaj2_I/U1467
39.3059    VSS NR2D1LVT    I0/minaj2_I/U1515
39.3059    VSS ND2D0HVT    I0/minaj2_I/U431
39.3025    VSS FA1D0HVT    I0/minaj2_I/U6481
39.2935    VSS FA1D0HVT    I0/minaj2_I/U6482
39.2751    VSS INVD1LVT    I0/minaj2_I/FE_OFC2716_n4610
39.2741    VSS INVD0HVT    I0/minaj2_I/U412
39.2554    VSS FA1D0HVT    I0/minaj2_I/U5243
39.251     VSS OAI21D0HVT  I0/minaj2_I/U5226
39.2329    VSS INVD1LVT    I0/minaj2_I/FE_OFC2597_n8235
39.2195    VSS CKND1LVT    I0/minaj2_I/FE_OFC2622_n4818
39.219     VSS FA1D0HVT    I0/minaj2_I/U5469
39.219     VSS FA1D0HVT    I0/minaj2_I/U5463
39.2124    VSS AOI21D0HVT  I0/minaj2_I/U5401
39.2119    VSS FA1D0HVT    I0/minaj2_I/U5244
39.2103    VSS FA1D0HVT    I0/minaj2_I/U5413
39.2069    VSS ND2D0HVT    I0/minaj2_I/U5216
39.2035    VSS ND2D1LVT    I0/minaj2_I/U5336
39.1892    VSS AOI21D1LVT  I0/minaj2_I/U2762
39.1714    VSS ND2D0HVT    I0/minaj2_I/U2843
39.1699    VSS AOI21D0HVT  I0/minaj2_I/U4442
39.1539    VSS FA1D0HVT    I0/minaj2_I/U5507
39.1519    VSS AOI21D0HVT  I0/minaj2_I/U5295
39.151     VSS NR2D0HVT    I0/minaj2_I/U2503
39.1469    VSS FA1D0HVT    I0/minaj2_I/U5369
39.1451    VSS FA1D0HVT    I0/minaj2_I/U5476
39.138     VSS FA1D0HVT    I0/minaj2_I/U83
39.1363    VSS FA1D0       I0/minaj2_I/U1585
39.1286    VSS FA1D0HVT    I0/minaj2_I/U5315
39.1195    VSS INVD1LVT    I0/minaj2_I/FE_OFC2010_n5041
39.1169    VSS INVD1LVT    I0/minaj2_I/FE_OFC3215_n3143
39.1164    VSS AOI21D1LVT  I0/minaj2_I/U1673
39.0843    VSS INVD0HVT    I0/minaj2_I/U409
39.0723    VSS FA1D0HVT    I0/minaj2_I/U5316
39.066     VSS INVD1LVT    I0/minaj2_I/FE_OFC2863_n4790
39.0636    VSS FA1D0HVT    I0/minaj2_I/U5479
39.0635    VSS FA1D0HVT    I0/minaj2_I/U5375
39.0565    VSS FA1D0       I0/minaj2_I/U113
39.0524    VSS XOR2D1LVT   I0/minaj2_I/U1357
39.0476    VSS FA1D0       I0/minaj2_I/U1541
39.0281    VSS FA1D0HVT    I0/minaj2_I/U5535
39.0223    VSS FA1D0HVT    I0/minaj2_I/U6527
39.0204    VSS FA1D0HVT    I0/minaj2_I/U5300
39.0083    VSS OR2D0HVT    I0/minaj2_I/U2558
38.978     VSS FA1D0HVT    I0/minaj2_I/U6097
38.953     VSS INVD1LVT    I0/minaj2_I/FE_OFC3130_n4877
38.9483    VSS FA1D0HVT    I0/minaj2_I/U4434
38.9408    VSS FA1D0HVT    I0/minaj2_I/U6524
38.9356    VSS ND2D0HVT    I0/minaj2_I/U1770
38.9187    VSS ND2D0HVT    I0/minaj2_I/U1402
38.9163    VSS ND2D0HVT    I0/minaj2_I/U2871
38.909     VSS ND2D0HVT    I0/minaj2_I/U1550
38.9       VSS OAI21D1LVT  I0/minaj2_I/U5237
38.8946    VSS CKND1LVT    I0/minaj2_I/FE_OFC2398_n8241
38.8913    VSS NR2XD0HVT   I0/minaj2_I/U2846
38.8811    VSS OR2D0HVT    I0/minaj2_I/U3738
38.8299    VSS BUFFD1LVT   I34/FE_OFC552_TIEOFF_LTIEHI_NET
38.8238    VSS INVD0HVT    I0/minaj2_I/U6433
38.8222    VSS CKND1LVT    I0/minaj2_I/FE_OFC1761_n4876
38.8186    VSS ND2D0HVT    I0/minaj2_I/U3850
38.8119    VSS FA1D0HVT    I0/minaj2_I/U5633
38.8097    VSS XNR2D1LVT   I0/minaj2_I/U5238
38.8009    VSS ND2D0HVT    I0/minaj2_I/U2814
38.8008    VSS ND2D0HVT    I0/minaj2_I/U2816
38.7955    VSS FA1D0HVT    I0/minaj2_I/U5230
38.7883    VSS FA1D0HVT    I0/minaj2_I/U6459
38.7778    VSS FA1D0HVT    I0/minaj2_I/U5214
38.7776    VSS CKND1LVT    I0/minaj2_I/FE_OFC2679_n7968
38.7743    VSS OAI21D1LVT  I0/minaj2_I/U5169
38.7726    VSS OAI21D0LVT  I0/minaj2_I/U582
38.7706    VSS FA1D0HVT    I0/minaj2_I/U6046
38.7585    VSS FA1D0HVT    I0/minaj2_I/U5313
38.7413    VSS FA1D0HVT    I0/minaj2_I/U5329
38.728     VSS NR2D1LVT    I0/minaj2_I/U1504
38.727     VSS AOI21D1HVT  I0/minaj2_I/U2379
38.7253    VSS ND2D0HVT    I0/minaj2_I/U5416
38.7213    VSS FA1D0HVT    I0/minaj2_I/U5606
38.7156    VSS FA1D0HVT    I0/minaj2_I/U6511
38.7137    VSS FA1D0HVT    I0/minaj2_I/U5236
38.7114    VSS OR2D0HVT    I0/minaj2_I/U1432
38.6824    VSS AOI21D1LVT  I0/minaj2_I/U2398
38.6642    VSS NR2D0HVT    I0/minaj2_I/U2860
38.656     VSS OR2D0HVT    I0/minaj2_I/U1563
38.643     VSS INVD1LVT    I0/minaj2_I/FE_OFC2085_n5698
38.6375    VSS OAI21D0HVT  I0/minaj2_I/U5278
38.6375    VSS ND2D0HVT    I0/minaj2_I/U5277
38.637     VSS AOI21D0LVT  I0/minaj2_I/U200
38.6296    VSS XOR2D1LVT   I0/minaj2_I/U182
38.6287    VSS ND2D0HVT    I0/minaj2_I/U677
38.6252    VSS FA1D0HVT    I0/minaj2_I/U6496
38.6169    VSS XOR2D0LVT   I0/minaj2_I/U5417
38.6109    VSS ND2D1HVT    I0/minaj2_I/U450
38.6109    VSS NR2XD0HVT   I0/minaj2_I/U439
38.6007    VSS XNR2D1LVT   I0/minaj2_I/U2660
38.5972    VSS FA1D0HVT    I0/minaj2_I/U5242
38.5968    VSS FA1D0HVT    I0/minaj2_I/U6643
38.5919    VSS ND2D0HVT    I0/minaj2_I/U4443
38.576     VSS NR2D0HVT    I0/minaj2_Q/U3005
38.5747    VSS CKXOR2D1LVT I0/minaj2_I/U243
38.5744    VSS AOI21D0LVT  I0/minaj2_I/U321
38.5744    VSS AOI21D1LVT  I0/minaj2_I/U2386
38.572     VSS FA1D0HVT    I0/minaj2_I/U6435
38.5672    VSS INVD0HVT    I0/minaj2_I/U2512
38.5562    VSS ND2D0HVT    I0/minaj2_I/U5246
38.5526    VSS FA1D0HVT    I0/minaj2_I/U6561
38.5458    VSS CKAN2D0LVT  I0/minaj2_I/U2449
38.5438    VSS CKND1LVT    I0/minaj2_I/FE_OFC2710_n4780
38.5294    VSS CKXOR2D1LVT I0/minaj2_I/U1645
38.5152    VSS FA1D0HVT    I0/minaj2_I/U5250
38.5139    VSS FA1D0HVT    I0/minaj2_I/U5630
38.5103    VSS CKAN2D0HVT  I0/minaj2_I/U4450
38.5102    VSS OR2D0HVT    I0/minaj2_I/U5410
38.4851    VSS XNR2D1LVT   I0/minaj2_I/U5167
38.4829    VSS TIEHHVT     I34/TIEOFF_LTIEHI
38.4746    VSS ND2D0HVT    I0/minaj2_I/U2839
38.4696    VSS FA1D0       I0/minaj2_I/U6
38.4696    VSS FA1D0HVT    I0/minaj2_I/U4455
38.4673    VSS INVD1LVT    I0/minaj2_I/FE_OFC1974_n4642
38.4558    VSS ND2D1LVT    I0/minaj2_I/U454
38.4558    VSS NR2XD0HVT   I0/minaj2_I/U1566
38.4532    VSS INVD1LVT    I0/minaj2_I/FE_OFC3137_n5699
38.4478    VSS AOI21D0HVT  I0/minaj2_I/U6628
38.4475    VSS INVD1LVT    I0/minaj2_I/FE_OFC3046_n8238
38.4465    VSS OR2D1LVT    I0/minaj2_I/U2450
38.4414    VSS FA1D0HVT    I0/minaj2_I/U5475
38.439     VSS NR2XD0LVT   I0/minaj2_I/U391
38.439     VSS ND2D0HVT    I0/minaj2_I/U6627
38.4215    VSS NR2XD0HVT   I0/minaj2_I/U1772
38.4214    VSS ND2D0HVT    I0/minaj2_I/U2489
38.4071    VSS CKND1LVT    I0/minaj2_I/FE_OFC2526_n4874
38.3896    VSS FA1D0HVT    I0/minaj2_I/U5223
38.3862    VSS FA1D0HVT    I0/minaj2_I/U5309
38.3777    VSS AOI21D1LVT  I0/minaj2_Q/U768
38.3757    VSS CKAN2D0HVT  I0/minaj2_I/U3737
38.3746    VSS BUFFD3LVT   I34/FE_OFC230_TIEOFF_LTIELO_NET
38.3469    VSS FA1D0HVT    I0/minaj2_I/U6076
38.3387    VSS INVD1LVT    I0/minaj2_I/FE_OFC1598_n3147
38.3133    VSS NR2XD0HVT   I0/minaj2_I/U672
38.3096    VSS FA1D0HVT    I0/minaj2_I/U6498
38.2911    VSS INVD1LVT    I0/minaj2_I/FE_OFC2363_n7880
38.2851    VSS XNR2D1LVT   I0/minaj2_I/U1393
38.2777    VSS ND2D0HVT    I0/minaj2_I/U6434
38.2708    VSS CKND1LVT    I0/minaj2_I/FE_OFC2575_n4905
38.2639    VSS FA1D0HVT    I0/minaj2_I/U5203
38.2546    VSS FA1D0HVT    I0/minaj2_I/U6540
38.2546    VSS FA1D0       I0/minaj2_I/U1549
38.2541    VSS AOI22D0HVT  I0/minaj2_I/U841
38.2533    VSS FA1D0       I0/minaj2_I/U1448
38.248     VSS OR2D0HVT    I0/minaj2_I/U2442
38.2462    VSS FA1D0HVT    I0/minaj2_I/U5201
38.2458    VSS FA1D0       I0/minaj2_I/U1587
38.2406    VSS NR2XD0LVT   I0/minaj2_I/U1775
38.2398    VSS XNR2D1LVT   I0/minaj2_I/U1349
38.2196    VSS XNR2D1LVT   I0/minaj2_I/U2437
38.2161    VSS FA1D0HVT    I0/minaj2_I/U5559
38.214     VSS ND2D0HVT    I0/minaj2_I/U453
38.2091    VSS FA1D0HVT    I0/minaj2_I/U5658
38.2072    VSS INVD1LVT    I0/minaj2_Q/FE_OFC1491_w2_Q_6
38.2034    VSS ND2D1LVT    I0/minaj2_I/U5365
38.1599    VSS CKXOR2D1LVT I0/minaj2_I/U261
38.1589    VSS XOR2D1LVT   I0/minaj2_I/U1354
38.1566    VSS INVD1LVT    I0/minaj2_I/FE_OFC3212_n6718
38.1542    VSS FA1D0HVT    I0/minaj2_I/U4639
38.1465    VSS CKND1LVT    I0/minaj2_I/FE_OFC2609_n7871
38.1452    VSS FA1D0HVT    I0/minaj2_I/U4653
38.1432    VSS OR2D0HVT    I0/minaj2_I/U2930
38.1199    VSS FA1D0HVT    I0/minaj2_I/U6497
38.1057    VSS ND2D0HVT    I0/minaj2_I/U1478
38.0974    VSS INVD1LVT    I0/minaj2_Q/FE_OFC2747_n2233
38.0971    VSS OAI21D1HVT  I0/minaj2_I/U1736
38.088     VSS ND2D0HVT    I0/minaj2_I/U5182
38.0793    VSS AOI21D0HVT  I0/minaj2_I/U5168
38.0792    VSS OAI21D1LVT  I0/minaj2_I/U1716
38.074     VSS FA1D0HVT    I0/minaj2_I/U5209
38.0711    VSS CKXOR2D1LVT I0/minaj2_I/U276
38.0705    VSS NR2D0HVT    I0/minaj2_Q/U3048
38.0703    VSS OAI21D1LVT  I0/minaj2_I/U1705
38.0649    VSS OAI21D2LVT  I0/minaj2_I/U2397
38.0618    VSS FA1D0HVT    I0/minaj2_I/U5473
38.0439    VSS OR2D0HVT    I0/minaj2_I/U2927
38.0422    VSS XNR2D1LVT   I0/minaj2_I/U1337
38.0318    VSS ND2D0HVT    I0/minaj2_I/U1394
38.0243    VSS AOI21D0LVT  I0/minaj2_I/U5247
38.0163    VSS ND2D0HVT    I0/minaj2_I/U2428
38.0118    VSS IOA21D0HVT  I0/minaj2_I/U2381
37.9933    VSS INVD1LVT    I0/minaj2_I/FE_OFC1460_n4641
37.9837    VSS FA1D0HVT    I0/minaj2_I/U5208
37.9801    VSS ND2D0HVT    I0/minaj2_I/U2856
37.9729    VSS OR2D0HVT    I0/minaj2_I/U3802
37.9659    VSS FA1D0HVT    I0/minaj2_I/U5204
37.9623    VSS NR2D0HVT    I0/minaj2_I/U2986
37.9623    VSS ND2D0HVT    I0/minaj2_I/U843
37.9622    VSS ND2D0HVT    I0/minaj2_I/U827
37.9609    VSS AOI21D0LVT  I0/minaj2_I/U313
37.9474    VSS INVD1LVT    I0/minaj2_I/FE_OFC2403_n5826
37.9425    VSS NR2D0HVT    I0/minaj2_I/U5276
37.9412    VSS CKAN2D0HVT  I0/minaj2_I/U4457
37.9357    VSS ND2D1LVT    I0/minaj2_I/U6037
37.9337    VSS OAI21D1LVT  I0/minaj2_I/U392
37.9307    VSS ND2D1LVT    I0/minaj2_I/U1539
37.9299    VSS INVD1LVT    I0/minaj2_I/FE_OFC2022_n5827
37.9232    VSS NR2XD0LVT   I0/minaj2_I/U1725
37.92      VSS FA1D0HVT    I0/minaj2_I/U5714
37.9072    VSS XOR2D0LVT   I0/minaj2_I/U5181
37.8969    VSS NR2D0HVT    I0/minaj2_I/U4435
37.8947    VSS FA1D0LVT    I0/minaj2_Q/U3453
37.893     VSS INVD1LVT    I0/minaj2_I/FE_OFC3093_n1051
37.8929    VSS FA1D0HVT    I0/minaj2_I/U6614
37.8805    VSS INVD1LVT    I0/minaj2_I/FE_OFC3200_n4611
37.8754    VSS INVD0HVT    I0/minaj2_I/U6576
37.8719    VSS ND2D0HVT    I0/minaj2_I/U6102
37.8703    VSS NR2D0HVT    I0/minaj2_I/U2440
37.87      VSS OAI21D0LVT  I0/minaj2_I/U571
37.8682    VSS FA1D0HVT    I0/minaj2_I/U6456
37.8615    VSS ND2D0HVT    I0/minaj2_I/U3868
37.861     VSS ND2D0HVT    I0/minaj2_I/U2830
37.848     VSS INVD1LVT    I0/minaj2_I/FE_OFC2431_n8153
37.844     VSS ND2D0HVT    I0/minaj2_I/U2703
37.8332    VSS OAI21D1LVT  I0/minaj2_I/U2359
37.8331    VSS CKAN2D0HVT  I0/minaj2_I/U4456
37.8315    VSS XNR2D1LVT   I0/minaj2_I/U2387
37.8189    VSS FA1D0HVT    I0/minaj2_I/U5532
37.8154    VSS OR2D0HVT    I0/minaj2_I/U3789
37.815     VSS ND2D0HVT    I0/minaj2_I/U5411
37.8052    VSS FA1D0HVT    I0/minaj2_Q/U3852
37.7999    VSS OAI21D1HVT  I0/minaj2_Q/U4163
37.7991    VSS AOI21D1LVT  I0/minaj2_I/U254
37.7974    VSS CKXOR2D1LVT I0/minaj2_I/U255
37.796     VSS CKXOR2D1LVT I0/minaj2_I/U229
37.7888    VSS OAI21D0HVT  I0/minaj2_I/U4444
37.7864    VSS INVD1LVT    I0/minaj2_Q/FE_OFC2941_n2224
37.7798    VSS TIELHVT     I34/TIEOFF_LTIELO
37.7795    VSS XOR2D1LVT   I0/minaj2_I/U3856
37.7724    VSS NR2D0HVT    I0/minaj2_I/U2778
37.771     VSS NR2D0HVT    I0/minaj2_I/U2441
37.7619    VSS ND2D0HVT    I0/minaj2_I/U5232
37.7619    VSS OR2D0HVT    I0/minaj2_I/U1767
37.7528    VSS HA1D0HVT    I0/minaj2_I/U5233
37.7408    VSS FA1D0HVT    I0/minaj2_I/U5189
37.7352    VSS XOR2D0LVT   I0/minaj2_I/U1647
37.7317    VSS FA1D0HVT    I0/minaj2_I/U6510
37.7265    VSS ND2D0HVT    I0/minaj2_I/U1774
37.7265    VSS XNR2D1LVT   I0/minaj2_I/U5234
37.7229    VSS INVD1LVT    I0/minaj2_I/FE_OFC2138_n2404
37.7222    VSS FICIND1HVT  I0/minaj2_I/U3
37.7109    VSS FA1D0HVT    I0/minaj2_I/U5584
37.7085    VSS AOI21D1HVT  I0/minaj2_I/U1477
37.7072    VSS NR2D0HVT    I0/minaj2_I/U4447
37.6999    VSS CKND2D1LVT  I0/minaj2_I/U5180
37.6908    VSS CKXOR2D1LVT I0/minaj2_I/U1368
37.6836    VSS OAI21D1HVT  I0/minaj2_Q/U3887
37.6825    VSS FA1D0       I0/minaj2_Q/U61
37.682     VSS ND2D0HVT    I0/minaj2_I/U398
37.6749    VSS FA1D0HVT    I0/minaj2_I/U5305
37.6629    VSS NR2D0HVT    I0/minaj2_I/U2445
37.6523    VSS AOI21D1LVT  I0/minaj2_I/U4458
37.6495    VSS FA1D0HVT    I0/minaj2_I/U6608
37.6404    VSS FA1D0HVT    I0/minaj2_I/U5755
37.6329    VSS ND2D0HVT    I0/minaj2_I/U427
37.6323    VSS FA1D0       I0/minaj2_I/U1578
37.6281    VSS CKAN2D0HVT  I0/minaj2_I/U4649
37.6224    VSS FA1D0HVT    I0/minaj2_I/U4664
37.6181    VSS XOR2D1LVT   I0/minaj2_I/U1364
37.6168    VSS NR2D0HVT    I0/minaj2_I/U4433
37.615     VSS CKXOR2D1LVT I0/minaj2_I/U5509
37.6048    VSS INVD0HVT    I0/minaj2_I/U2570
37.6041    VSS FA1D0HVT    I0/minaj2_I/U5231
37.5987    VSS AOI21D1LVT  I0/minaj2_I/U663
37.5953    VSS FA1D0HVT    I0/minaj2_I/U5207
37.5945    VSS DFCNQD1HVT  I0/hist_Q\/w2_reg\[6\]
37.5921    VSS ND2D0HVT    I0/minaj2_Q/U2908
37.5846    VSS AOI21D0HVT  I0/minaj2_I/U3853
37.5809    VSS XNR2D1LVT   I0/minaj2_I/U1625
37.5778    VSS FA1D0HVT    I0/minaj2_I/U5202
37.5615    VSS FA1D0LVT    I0/minaj2_I/U6049
37.5562    VSS ND2D0HVT    I0/minaj2_I/U6042
37.5552    VSS ND2D0HVT    I0/minaj2_I/U2506
37.5543    VSS ND2D0HVT    I0/minaj2_I/U6617
37.5437    VSS FA1D0HVT    I0/minaj2_I/U6078
37.5369    VSS AOI21D1HVT  I0/minaj2_I/U1333
37.526     VSS OAI21D1LVT  I0/minaj2_I/U2794
37.5242    VSS INVD0HVT    I0/minaj2_I/U2479
37.52      VSS AOI21D0HVT  I0/minaj2_I/U541
37.5191    VSS OAI21D1HVT  I0/minaj2_I/U1738
37.519     VSS NR2XD0HVT   I0/minaj2_I/U459
37.4998    VSS CKAN2D0HVT  I0/minaj2_I/U4445
37.4933    VSS OAI21D1HVT  I0/minaj2_Q/U1542
37.4933    VSS NR2D0HVT    I0/minaj2_Q/U744
37.4927    VSS FA1D0HVT    I0/minaj2_I/U5334
37.489     VSS FA1D0HVT    I0/minaj2_I/U95
37.4834    VSS NR2XD0LVT   I0/minaj2_I/U413
37.4799    VSS FA1D0HVT    I0/minaj2_I/U6088
37.4753    VSS CKXOR2D1LVT I0/minaj2_I/U256
37.4676    VSS ND2D0HVT    I0/minaj2_I/U6054
37.4642    VSS INVD1LVT    I0/minaj2_I/FE_OFC2236_n5919
37.4502    VSS FA1D0HVT    I0/minaj2_I/U131
37.4482    VSS ND2D0HVT    I0/minaj2_I/U6041
37.4467    VSS ND2D0HVT    I0/minaj2_I/U2481
37.4461    VSS OR2D0HVT    I0/minaj2_I/U3748
37.4383    VSS CKAN2D0HVT  I0/minaj2_I/U3687
37.4378    VSS XOR2D1LVT   I0/minaj2_I/U2538
37.4295    VSS CKAN2D0HVT  I0/minaj2_I/U3688
37.4287    VSS ND2D0HVT    I0/minaj2_I/U2828
37.4253    VSS ND2D0HVT    I0/minaj2_I/U3869
37.4163    VSS FA1D0HVT    I0/minaj2_I/U5089
37.4144    VSS FA1D0HVT    I0/minaj2_I/U5241
37.4056    VSS FA1D0HVT    I0/minaj2_I/U5222
37.4006    VSS HA1D0HVT    I0/minaj2_I/U4428
37.3826    VSS CKAN2D0HVT  I0/minaj2_I/U383
37.3792    VSS CKND1LVT    I0/minaj2_I/FE_OFC1942_n5829
37.3764    VSS ND2D0HVT    I0/minaj2_Q/U3056
37.3755    VSS ND2D1LVT    I0/minaj2_I/U5155
37.3719    VSS ND2D0HVT    I0/minaj2_Q/U3080
37.3634    VSS NR2XD0HVT   I0/minaj2_I/U1565
37.3565    VSS NR2D1LVT    I0/minaj2_I/U334
37.3545    VSS CKAN2D0HVT  I0/minaj2_I/U4466
37.3523    VSS CKND1LVT    I0/minaj2_I/FE_OFC2615_n7876
37.3381    VSS AOI21D0HVT  I0/minaj2_I/U5273
37.3261    VSS OR2D0HVT    I0/minaj2_I/U2539
37.3114    VSS NR2XD0HVT   I0/minaj2_I/U410
37.309     VSS INVD2LVT    I0/minaj2_Q/FE_OFC1492_w2_Q_6
37.3084    VSS CKXOR2D1LVT I0/minaj2_I/U252
37.2975    VSS FA1D0HVT    I0/minaj2_I/U5217
37.2973    VSS INVD0HVT    I0/minaj2_I/U2413
37.2868    VSS CKAN2D0HVT  I0/minaj2_I/U6073
37.2833    VSS OAI21D0HVT  I0/minaj2_I/U5722
37.2778    VSS OAI21D0HVT  I0/minaj2_I/U6074
37.2728    VSS OAI21D1LVT  I0/minaj2_Q/U1583
37.2672    VSS OR2D0HVT    I0/minaj2_I/U2968
37.2599    VSS FA1D0HVT    I0/minaj2_I/U5328
37.2569    VSS ND2D0HVT    I0/minaj2_I/U5653
37.2565    VSS AOI21D1HVT  I0/minaj2_I/U231
37.2548    VSS FA1D0HVT    I0/minaj2_I/U6075
37.2478    VSS NR2XD0HVT   I0/minaj2_I/U2362
37.2467    VSS ND2D0HVT    I0/minaj2_I/U323
37.2463    VSS OR2D0HVT    I0/minaj2_I/U2453
37.2443    VSS FA1D0HVT    I0/minaj2_I/U5157
37.2391    VSS OAI21D1HVT  I0/minaj2_I/U202
37.2358    VSS NR2XD0HVT   I0/minaj2_I/U2569
37.2246    VSS FA1D0HVT    I0/minaj2_I/U5470
37.2212    VSS NR2XD0HVT   I0/minaj2_I/U704
37.2133    VSS OAI21D1LVT  I0/minaj2_I/U2644
37.2125    VSS ND2D0HVT    I0/minaj2_I/U279
37.2099    VSS INVD1LVT    I0/minaj2_I/FE_OFC2206_n4960
37.205     VSS FA1D0HVT    I0/minaj2_Q/U3886
37.1998    VSS FA1D0HVT    I0/minaj2_I/U6428
37.197     VSS CKND1LVT    I0/minaj2_I/FE_OFC2632_n3109
37.1927    VSS AOI21D0LVT  I0/minaj2_I/U287
37.1914    VSS OAI21D1LVT  I0/minaj2_I/U2427
37.177     VSS NR2D1LVT    I0/minaj2_I/U2972
37.1685    VSS FA1D0       I0/minaj2_Q/U1655
37.1664    VSS CKXOR2D1LVT I0/minaj2_I/U270
37.1616    VSS AOI22D0HVT  I0/minaj2_I/U848
37.159     VSS ND2D0HVT    I0/minaj2_I/U2463
37.1576    VSS AOI21D1LVT  I0/minaj2_I/U404
37.1559    VSS ND2D1LVT    I0/minaj2_I/U461
37.1502    VSS NR2XD0LVT   I0/minaj2_I/U1813
37.1502    VSS ND2D0HVT    I0/minaj2_I/U799
37.1488    VSS OR2D0HVT    I0/minaj2_I/U1651
37.1429    VSS FA1D0HVT    I0/minaj2_I/U5248
37.1404    VSS CMPE42D1HVT I0/minaj2_Q/U6734
37.1381    VSS OR2D0HVT    I0/minaj2_I/U3790
37.1379    VSS FA1D0HVT    I0/minaj2_I/U6055
37.1343    VSS FA1D0HVT    I0/minaj2_I/U5723
37.1341    VSS FA1D0HVT    I0/minaj2_I/U5255
37.1328    VSS FA1D0       I0/minaj2_I/U145
37.1236    VSS ND2D1LVT    I0/minaj2_I/U748
37.1194    VSS INVD1LVT    I0/minaj2_I/FE_OFC2016_n4954
37.1098    VSS ND2D0HVT    I0/minaj2_I/U1525
37.1098    VSS NR2XD0LVT   I0/minaj2_I/U1524
37.1058    VSS INVD1LVT    I0/minaj2_I/FE_OFC2563_n5530
37.1041    VSS NR2D0HVT    I0/minaj2_I/U2451
37.0989    VSS FA1D0HVT    I0/minaj2_I/U5229
37.0941    VSS HA1D0HVT    I0/minaj2_I/U4431
37.0927    VSS ND2D0HVT    I0/minaj2_Q/U4296
37.0916    VSS FA1D0HVT    I0/minaj2_I/U6437
37.0801    VSS NR2XD0LVT   I0/minaj2_Q/U3460
37.078     VSS FA1D0HVT    I0/minaj2_I/U5477
37.0779    VSS FA1D0HVT    I0/minaj2_I/U139
37.0708    VSS FA1D0HVT    I0/minaj2_I/U4638
37.0566    VSS OAI21D1LVT  I0/minaj2_I/U4459
37.0455    VSS FA1D0HVT    I0/minaj2_I/U6548
37.0405    VSS NR2XD0HVT   I0/minaj2_I/U2365
37.0332    VSS ND2D0HVT    I0/minaj2_I/U749
37.0265    VSS FA1D0LVT    I0/minaj2_I/U1412
37.0229    VSS CKXOR2D1LVT I0/minaj2_I/U1331
37.0224    VSS ND2D0HVT    I0/minaj2_I/U400
37.0211    VSS AOI21D0HVT  I0/minaj2_I/U4451
37.0123    VSS ND2D0HVT    I0/minaj2_I/U4448
37.0101    VSS FA1D0HVT    I0/minaj2_I/U6477
37.0082    VSS FA1D0HVT    I0/minaj2_I/U5274
37.0065    VSS ND2D0HVT    I0/minaj2_Q/U3875
37.005     VSS ND2D0HVT    I0/minaj2_I/U694
37.005     VSS NR2XD0HVT   I0/minaj2_I/U2873
36.9983    VSS AO21D1LVT   I0/minaj2_I/U4467
36.9979    VSS NR2D1HVT    I0/minaj2_I/U1752
36.9966    VSS CKXOR2D1LVT I0/minaj2_Q/U4165
36.9959    VSS AOI21D1HVT  I0/minaj2_I/U258
36.9934    VSS OAI21D1LVT  I0/minaj2_Q/U1334
36.9907    VSS FA1D0HVT    I0/minaj2_I/U5210
36.9871    VSS XNR2D1LVT   I0/minaj2_I/U1606
36.98      VSS OR2D0HVT    I0/minaj2_I/U3801
36.9782    VSS AOI21D1LVT  I0/minaj2_I/U2689
36.9765    VSS OAI21D0HVT  I0/minaj2_I/U5733
36.9762    VSS FA1D0HVT    I0/minaj2_I/U6044
36.9712    VSS FA1D0HVT    I0/minaj2_I/U5728
36.9693    VSS XNR2D1LVT   I0/minaj2_I/U2416
36.9677    VSS OAI21D0HVT  I0/minaj2_I/U5731
36.9639    VSS CKND1LVT    I0/minaj2_I/FE_OFC2548_n7870
36.9599    VSS DFCNQD1HVT  I0/latch_I\/y1_r_reg\[9\]
36.9562    VSS CKND1LVT    I0/minaj2_Q/FE_OFC1586_n2223
36.9543    VSS FA1D0HVT    I0/minaj2_I/U6597
36.9416    VSS ND2D1HVT    I0/minaj2_I/U336
36.9379    VSS NR2D1LVT    I0/minaj2_I/U1533
36.9374    VSS INVD0HVT    I0/minaj2_I/U6476
36.9325    VSS XNR2D1HVT   I0/minaj2_I/U2594
36.9278    VSS FA1D0HVT    I0/minaj2_I/U5650
36.9218    VSS ND2D0HVT    I0/minaj2_I/U4452
36.9132    VSS OAI21D0HVT  I0/minaj2_I/U558
36.909     VSS FA1D0HVT    I0/minaj2_I/U6629
36.9046    VSS INVD1LVT    I0/minaj2_I/FE_OFC2187_n2409
36.8877    VSS OAI21D1LVT  I0/minaj2_I/U1498
36.8864    VSS AO222D1LVT  I0/minaj2_I/U2322
36.8801    VSS AO222D1LVT  I0/minaj2_I/U2312
36.8771    VSS XNR2D1LVT   I0/minaj2_I/U2662
36.8738    VSS CKND1LVT    I0/minaj2_I/FE_OFC2550_n4810
36.8737    VSS FA1D0HVT    I0/minaj2_I/U6586
36.8704    VSS FA1D0HVT    I0/minaj2_I/U5376
36.87      VSS AOI21D1HVT  I0/minaj2_I/U340
36.8665    VSS FA1D0HVT    I0/minaj2_I/U6050
36.858     VSS ND2D0HVT    I0/minaj2_I/U2443
36.8494    VSS ND2D0HVT    I0/minaj2_I/U2426
36.8488    VSS FA1D0HVT    I0/minaj2_I/U6051
36.8469    VSS FA1D0       I0/minaj2_I/U1546
36.8386    VSS OAI21D0HVT  I0/minaj2_I/U5482
36.8384    VSS FA1D0HVT    I0/minaj2_I/U5163
36.8383    VSS FA1D0HVT    I0/minaj2_I/U5152
36.8383    VSS FA1D0HVT    I0/minaj2_I/U5164
36.8308    VSS NR2XD0HVT   I0/minaj2_I/U770
36.8296    VSS ND2D0HVT    I0/minaj2_I/U5377
36.8274    VSS FA1D0HVT    I0/minaj2_I/U5259
36.8204    VSS FA1D0HVT    I0/minaj2_I/U6494
36.8186    VSS INVD0HVT    I0/minaj2_I/U6631
36.8185    VSS FA1D0LVT    I0/minaj2_I/U5253
36.8139    VSS XNR2D1LVT   I0/minaj2_I/U2593
36.813     VSS OAI21D1HVT  I0/minaj2_I/U2688
36.8115    VSS CKND1LVT    I0/minaj2_I/FE_OFC2903_n7626
36.8048    VSS OR2D0HVT    I0/minaj2_I/U3756
36.8027    VSS FA1D0HVT    I0/minaj2_I/U6455
36.8026    VSS FA1D0HVT    I0/minaj2_I/U6454
36.8012    VSS CKND1LVT    I0/minaj2_I/FE_OFC1868_n5908
36.7977    VSS ND2D0HVT    I0/minaj2_I/U271
36.7943    VSS NR2XD0LVT   I0/minaj2_I/U1553
36.7943    VSS ND2D1HVT    I0/minaj2_I/U1551
36.791     VSS ND2D0HVT    I0/minaj2_Q/U1616
36.7815    VSS CKAN2D0HVT  I0/minaj2_I/U6072
36.781     VSS FA1D0LVT    I0/minaj2_Q/U3864
36.7796    VSS OAI21D1HVT  I0/minaj2_I/U543
36.7752    VSS INVD0HVT    I0/minaj2_I/U4406
36.7736    VSS INVD1LVT    I0/minaj2_I/FE_OFC2430_n8290
36.7578    VSS INVD1LVT    I0/minaj2_I/FE_OFC2154_n6639
36.7512    VSS HA1D0HVT    I0/minaj2_I/U5254
36.7512    VSS CKAN2D0HVT  I0/minaj2_I/U5272
36.7465    VSS FA1D0       I0/minaj2_I/U1476
36.7427    VSS ND2D1LVT    I0/minaj2_I/U194
36.7427    VSS OR2D0HVT    I0/minaj2_I/U1684
36.7361    VSS OR2D0HVT    I0/minaj2_Q/U2621
36.73      VSS FA1D0HVT    I0/minaj2_I/U6479
36.7283    VSS FA1D0HVT    I0/minaj2_I/U5716
36.7255    VSS ND2D0HVT    I0/minaj2_I/U562
36.7237    VSS FA1D0HVT    I0/minaj2_Q/U3901
36.7149    VSS FA1D0       I0/minaj2_Q/U113
36.706     VSS FA1D0       I0/minaj2_Q/U1632
36.7058    VSS XNR2D1LVT   I0/minaj2_I/U551
36.6988    VSS XNR2D1LVT   I0/minaj2_Q/U2781
36.6982    VSS INVD1LVT    I0/minaj2_I/FE_OFC2821_n5682
36.6981    VSS XNR2D1LVT   I0/minaj2_I/U5183
36.6961    VSS FA1D0LVT    I0/minaj2_Q/U3861
36.6948    VSS FA1D0HVT    I0/minaj2_I/U5099
36.6927    VSS CKND1LVT    I0/minaj2_I/FE_OFC2750_n8152
36.6912    VSS NR2D1HVT    I0/minaj2_I/U1749
36.6899    VSS ND2D0HVT    I0/minaj2_Q/U1557
36.6857    VSS FA1D0HVT    I0/minaj2_I/U6429
36.6805    VSS NR2D0HVT    I0/minaj2_I/U2938
36.6803    VSS NR2D1LVT    I0/minaj2_I/U1531
36.6779    VSS NR2D0HVT    I0/minaj2_Q/U1626
36.6733    VSS AO21D1LVT   I0/minaj2_I/U187
36.6665    VSS INVD0HVT    I0/minaj2_I/U5626
36.6647    VSS BUFFD3LVT   I38/FE_OFC239_TIEOFF_LTIELO_NET
36.6615    VSS ND2D1LVT    I0/minaj2_I/U2405
36.6591    VSS FA1D0LVT    I0/minaj2_I/U6043
36.656     VSS FA1D0HVT    I0/minaj2_I/U4425
36.6537    VSS AOI21D1LVT  I0/minaj2_I/U1434
36.6523    VSS CKXOR2D1LVT I0/minaj2_I/U1320
36.6519    VSS NR2D0HVT    I0/minaj2_I/U1418
36.6438    VSS NR2XD0LVT   I0/minaj2_I/U327
36.6346    VSS OAI21D1HVT  I0/minaj2_I/U206
36.6332    VSS FA1D0LVT    I0/minaj2_Q/U1600
36.6322    VSS ND2D0HVT    I0/minaj2_I/U2788
36.6219    VSS FA1D0HVT    I0/minaj2_I/U6495
36.6215    VSS AO21D1LVT   I0/minaj2_I/U189
36.6141    VSS DFCNQD1HVT  I0/spi_Q\/shreg_reg\[9\]
36.6117    VSS FA1D0       I0/minaj2_I/U1490
36.6099    VSS NR2D0HVT    I0/minaj2_Q/U3874
36.608     VSS OAI21D1LVT  I0/minaj2_I/U2393
36.6       VSS AOI21D1LVT  I0/minaj2_Q/U2857
36.5936    VSS FA1D0       I0/minaj2_I/U1803
36.5924    VSS ND2D1HVT    I0/minaj2_Q/U3903
36.5924    VSS NR2XD0LVT   I0/minaj2_Q/U2968
36.5921    VSS FA1D0HVT    I0/minaj2_I/U4468
36.5831    VSS ND2D1HVT    I0/minaj2_I/U1735
36.5825    VSS FA1D0HVT    I0/minaj2_I/U5312
36.5791    VSS FA1D0HVT    I0/minaj2_I/U6094
36.5759    VSS FA1D0HVT    I0/minaj2_I/U5200
36.5759    VSS FA1D0HVT    I0/minaj2_I/U6573
36.5722    VSS ND2D0HVT    I0/minaj2_I/U6093
36.5657    VSS INVD0HVT    I0/minaj2_I/U2738
36.5652    VSS FA1D0HVT    I0/minaj2_I/U6609
36.5615    VSS NR2D0HVT    I0/minaj2_I/U6630
36.5593    VSS CKND1LVT    I0/minaj2_I/U4811
36.5574    VSS FA1D0HVT    I0/minaj2_I/U6546
36.556     VSS FA1D0HVT    I0/minaj2_I/U5756
36.5529    VSS ND2D0HVT    I0/minaj2_I/U2725
36.5526    VSS OAI21D0HVT  I0/minaj2_I/U1416
36.5515    VSS OR2D0HVT    I0/minaj2_I/U1430
36.5494    VSS FA1D0HVT    I0/minaj2_I/U5176
36.5441    VSS NR2XD0HVT   I0/minaj2_I/U220
36.5385    VSS AO21D0HVT   I0/minaj2_I/U5753
36.5347    VSS INVD1LVT    I0/minaj2_I/FE_OFC2026_n8192
36.5263    VSS ND2D1LVT    I0/minaj2_I/U708
36.5261    VSS INVD1LVT    I0/minaj2_I/FE_OFC2534_n5576
36.5172    VSS OAI21D1HVT  I0/minaj2_I/U411
36.5102    VSS ND2D1HVT    I0/minaj2_I/U786
36.507     VSS AOI21D0HVT  I0/minaj2_I/U4446
36.5051    VSS FA1D0HVT    I0/minaj2_I/U5097
36.5019    VSS FA1D0HVT    I0/minaj2_I/U4475
36.5018    VSS FA1D0LVT    I0/minaj2_Q/U3863
36.5018    VSS FA1D0HVT    I0/minaj2_Q/U3860
36.501     VSS INVD1LVT    I0/minaj2_I/FE_OFC2775_n5534
36.4999    VSS ND2D1HVT    I0/minaj2_I/U1433
36.4978    VSS FA1D0HVT    I0/minaj2_Q/U3858
36.4978    VSS BUFFD1LVT   I38/FE_OFC545_TIEOFF_LTIEHI_NET
36.4858    VSS FA1D0HVT    I0/minaj2_I/U4784
36.4855    VSS FA1D0HVT    I0/minaj2_I/U5206
36.4781    VSS INVD1LVT    I0/minaj2_I/FE_OFC2963_n6747
36.4769    VSS INVD0HVT    I0/minaj2_I/U4405
36.4713    VSS ND2D0HVT    I0/minaj2_I/U5245
36.4642    VSS NR2D0HVT    I0/minaj2_I/U5674
36.4587    VSS FA1D0HVT    I0/minaj2_I/U6537
36.4545    VSS DFCNQD1HVT  I0/latch_I\/y2_r_reg\[10\]
36.4465    VSS OR2D0HVT    I0/minaj2_I/U3747
36.4448    VSS ND2D0HVT    I0/minaj2_I/U253
36.4447    VSS AOI21D1LVT  I0/minaj2_I/U470
36.441     VSS INVD0HVT    I0/minaj2_I/U6460
36.4359    VSS ND2D0HVT    I0/minaj2_I/U4419
36.4292    VSS INVD1LVT    I0/minaj2_I/FE_OFC3126_n5143
36.4286    VSS OR2D0HVT    I0/minaj2_I/U757
36.4286    VSS NR2XD0HVT   I0/minaj2_I/U2552
36.4259    VSS FA1D0HVT    I0/minaj2_Q/U3854
36.4228    VSS AO21D0HVT   I0/minaj2_I/U199
36.422     VSS FA1D0LVT    I0/minaj2_I/U1445
36.4214    VSS FA1D0HVT    I0/minaj2_I/U5258
36.4188    VSS ND2D0HVT    I0/minaj2_I/U1642
36.4183    VSS AOI21D1HVT  I0/minaj2_I/U2338
36.4144    VSS FA1D0HVT    I0/minaj2_I/U6478
36.4144    VSS INVD0HVT    I0/minaj2_I/U416
36.4086    VSS AOI21D1LVT  I0/minaj2_I/U556
36.3994    VSS CKXOR2D0HVT I0/minaj2_I/U831
36.3936    VSS FA1D0LVT    I0/minaj2_I/U3743
36.3922    VSS ND2D0HVT    I0/minaj2_Q/U2856
36.3902    VSS NR2D1LVT    I0/minaj2_I/U289
36.383     VSS FA1D0HVT    I0/minaj2_I/U5464
36.3758    VSS FA1D0LVT    I0/minaj2_I/U3741
36.3725    VSS NR2XD0HVT   I0/minaj2_I/U2403
36.3648    VSS ND2D0HVT    I0/minaj2_I/U6089
36.3634    VSS DFCNQD1HVT  I0/latch_I\/y0_r_reg\[10\]
36.3559    VSS NR2D0HVT    I0/minaj2_I/U1506
36.3543    VSS ND2D0HVT    I0/minaj2_I/U4464
36.3452    VSS OR2D0HVT    I0/minaj2_I/U5263
36.3439    VSS AOI21D0HVT  I0/minaj2_I/U2446
36.3371    VSS ND2D0HVT    I0/minaj2_I/U592
36.3362    VSS INVD1LVT    I0/minaj2_I/FE_OFC2484_n2429
36.334     VSS INVD1LVT    I0/minaj2_I/FE_OFC2217_n6581
36.3316    VSS FA1D0HVT    I0/minaj2_I/U4691
36.3296    VSS ND2D0HVT    I0/minaj2_I/U5106
36.328     VSS ND2D0HVT    I0/minaj2_I/U559
36.3266    VSS FA1D0HVT    I0/minaj2_Q/U3885
36.3253    VSS OAI21D1HVT  I0/minaj2_I/U2691
36.3244    VSS XNR2D1LVT   I0/minaj2_I/U2388
36.3244    VSS NR2XD0HVT   I0/minaj2_I/U1530
36.3222    VSS CKND1LVT    I0/minaj2_I/FE_OFC2266_n8287
36.3177    VSS FA1D0HVT    I0/minaj2_Q/U3898
36.3152    VSS INVD1LVT    I0/minaj2_I/FE_OFC1474_n5539
36.31      VSS NR2XD0LVT   I0/minaj2_I/U2872
36.3048    VSS AO21D0HVT   I0/minaj2_I/U1348
36.3028    VSS AOI21D1HVT  I0/minaj2_I/U1737
36.3028    VSS OAI21D1HVT  I0/minaj2_I/U732
36.2998    VSS OAI21D0HVT  I0/minaj2_I/U4441
36.2974    VSS FA1D0HVT    I0/minaj2_I/U134
36.2956    VSS AO21D0HVT   I0/minaj2_I/U5271
36.2897    VSS INVD1LVT    I0/minaj2_I/FE_OFC3662_n6557
36.2837    VSS CKND1LVT    I0/minaj2_I/FE_OFC1471_n5283
36.2836    VSS ND2D0HVT    I0/minaj2_I/U488
36.276     VSS INVD1LVT    I0/minaj2_I/FE_OFC2441_n6630
36.2725    VSS ND2D0HVT    I0/minaj2_I/U6632
36.2692    VSS FA1D0HVT    I0/minaj2_I/U5191
36.2655    VSS AOI21D0HVT  I0/minaj2_I/U6090
36.2637    VSS XOR2D1LVT   I0/minaj2_I/U1356
36.2595    VSS INVD1LVT    I0/minaj2_I/FE_OFC2888_n2553
36.2585    VSS INVD0HVT    I0/minaj2_I/U6650
36.2553    VSS NR2XD0LVT   I0/minaj2_I/U333
36.2551    VSS AOI21D1HVT  I0/minaj2_I/U2340
36.255     VSS CKXOR2D1LVT I0/minaj2_I/U1322
36.2498    VSS FA1D0HVT    I0/minaj2_I/U5703
36.2389    VSS OR2D0HVT    I0/minaj2_I/U752
36.2375    VSS OR2D0HVT    I0/minaj2_I/U5692
36.2373    VSS ND2D0HVT    I0/minaj2_I/U712
36.2372    VSS AOI21D0HVT  I0/minaj2_I/U6612
36.237     VSS NR2D0HVT    I0/minaj2_I/U5267
36.2326    VSS FA1D0HVT    I0/minaj2_I/U5298
36.2317    VSS INVD0HVT    I0/minaj2_I/U446
36.2284    VSS NR2XD0HVT   I0/minaj2_I/U457
36.2262    VSS FA1D0HVT    I0/minaj2_Q/U4079
36.2251    VSS ND2D1LVT    I0/minaj2_I/U1528
36.2209    VSS INVD1LVT    I0/minaj2_I/FE_OFC2820_n5415
36.2182    VSS CKXOR2D1LVT I0/minaj2_I/U1580
36.218     VSS OAI21D0HVT  I0/minaj2_I/U4449
36.2092    VSS NR2D0HVT    I0/minaj2_I/U4438
36.2051    VSS FA1D0HVT    I0/minaj2_I/U5275
36.2008    VSS FA1D0HVT    I0/minaj2_Q/U3818
36.1992    VSS INVD1LVT    I0/minaj2_I/FE_OFC2114_n5921
36.193     VSS OR2D0HVT    I0/minaj2_I/U2932
36.1876    VSS FA1D0HVT    I0/minaj2_I/U6600
36.1804    VSS FA1D0HVT    I0/minaj2_I/U6436
36.1756    VSS ND2D1LVT    I0/minaj2_I/U492
36.1709    VSS FA1D0LVT    I0/minaj2_Q/U4294
36.17      VSS FA1D0HVT    I0/minaj2_I/U5198
36.1651    VSS ND2D1LVT    I0/minaj2_I/U296
36.1609    VSS FA1D0HVT    I0/minaj2_I/U6562
36.1507    VSS TIEHHVT     I38/TIEOFF_LTIEHI
36.1484    VSS NR2D1LVT    I0/minaj2_I/U2530
36.1468    VSS OR2D0HVT    I0/minaj2_I/U1685
36.1451    VSS FA1D0HVT    I0/minaj2_I/U6052
36.1437    VSS ND2D0HVT    I0/minaj2_I/U2457
36.1437    VSS NR2D0HVT    I0/minaj2_I/U414
36.1434    VSS FA1D0HVT    I0/minaj2_I/U6592
36.1379    VSS INVD1LVT    I0/minaj2_I/FE_OFC2542_n5854
36.1356    VSS ND2D1LVT    I0/minaj2_I/U2975
36.1304    VSS INVD1LVT    I0/minaj2_I/FE_OFC2426_n5414
36.1293    VSS ND2D0HVT    I0/minaj2_I/U605
36.1293    VSS ND2D1LVT    I0/minaj2_I/U278
36.1276    VSS OAI21D0HVT  I0/minaj2_I/U4453
36.1236    VSS CKND1LVT    I0/minaj2_I/FE_OFC1799_n5925
36.1192    VSS FA1D0HVT    I0/minaj2_Q/U3856
36.1179    VSS ND2D0HVT    I0/minaj2_I/U2789
36.1179    VSS NR2D0HVT    I0/minaj2_I/U2993
36.1151    VSS AO21D1LVT   I0/minaj2_I/U190
36.1082    VSS AOI21D1LVT  I0/minaj2_I/U317
36.1061    VSS FA1D0HVT    I0/minaj2_I/U5221
36.1013    VSS ND2D0HVT    I0/minaj2_I/U557
36.1001    VSS AOI21D1HVT  I0/minaj2_Q/U1393
36.0989    VSS FA1D0HVT    I0/minaj2_I/U6457
36.0989    VSS FA1D0HVT    I0/minaj2_I/U6430
36.0972    VSS FA1D0HVT    I0/minaj2_I/U5211
36.096     VSS NR2XD0HVT   I0/minaj2_Q/U3059
36.0954    VSS NR2D0HVT    I0/minaj2_Q/U3025
36.094     VSS CKND1LVT    I0/minaj2_I/FE_OFC2472_n5313
36.0916    VSS NR2D0HVT    I0/minaj2_I/U2473
36.0899    VSS FA1D0HVT    I0/minaj2_I/U6106
36.0893    VSS INVD1LVT    I0/minaj2_I/FE_OFC2149_n7559
36.0849    VSS OR2D0HVT    I0/minaj2_I/U1588
36.0847    VSS ND2D0LVT    I0/minaj2_I/U6431
36.0846    VSS NR2XD0HVT   I0/minaj2_I/U420
36.0725    VSS FA1D0HVT    I0/minaj2_I/U5992
36.0698    VSS TIELHVT     I38/TIEOFF_LTIELO
36.0562    VSS INVD1LVT    I0/minaj2_I/FE_OFC2864_n5911
36.0475    VSS ND2D0HVT    I0/minaj2_I/U2727
36.0474    VSS ND2D0HVT    I0/minaj2_I/U6588
36.0474    VSS ND2D0HVT    I0/minaj2_I/U6611
36.0407    VSS FA1D0HVT    I0/minaj2_I/U5632
36.0383    VSS INVD1LVT    I0/minaj2_I/FE_OFC3113_n8193
36.0308    VSS CMPE42D1HVT I0/minaj2_Q/U6724
36.0303    VSS OR2D0HVT    I0/minaj2_I/U1682
36.0299    VSS NR2D1LVT    I0/minaj2_I/U1776
36.0296    VSS CKAN2D0HVT  I0/minaj2_I/U5264
36.0283    VSS OR2D0HVT    I0/minaj2_Q/U3545
36.0265    VSS AOI21D1LVT  I0/minaj2_I/U5502
36.0226    VSS NR2D1LVT    I0/minaj2_I/U2543
36.0197    VSS ND2D0HVT    I0/minaj2_I/U1686
36.0192    VSS OAI21D0HVT  I0/minaj2_Q/U3876
36.0184    VSS DFCNQD1HVT  I0/hist_Q\/w2_reg\[7\]
36.0177    VSS AOI21D0LVT  I0/minaj2_I/U315
36.0175    VSS FA1D0HVT    I0/minaj2_I/U5096
36.0156    VSS FA1D0HVT    I0/minaj2_I/U5228
36.012     VSS NR2D1LVT    I0/minaj2_I/U1538
36.0108    VSS CKND2D1LVT  I0/minaj2_I/U308
36.001     VSS ND2D0HVT    I0/minaj2_I/U5727
36         VSS NR2D1LVT    I0/minaj2_I/U1555
36         VSS ND2D0HVT    I0/minaj2_I/U1474
35.999     VSS CKND1LVT    I0/minaj2_Q/FE_OFC1584_n2596
35.9983    VSS FA1D0HVT    I0/minaj2_I/U4750
35.9963    VSS AOI21D1LVT  I0/minaj2_Q/U2932
35.9961    VSS OAI21D1LVT  I0/minaj2_I/U2726
35.9942    VSS OAI21D0HVT  I0/minaj2_I/U1722
35.9893    VSS FA1D0HVT    I0/minaj2_I/U6619
35.9874    VSS OAI21D1LVT  I0/minaj2_I/U729
35.9854    VSS AOI21D1LVT  I0/minaj2_I/U648
35.9853    VSS ND2D0HVT    I0/minaj2_I/U423
35.9804    VSS FA1D0HVT    I0/minaj2_I/U5195
35.9785    VSS ND2D0HVT    I0/minaj2_I/U2821
35.9747    VSS XOR2D1LVT   I0/minaj2_I/U1362
35.9699    VSS FA1D0       I0/minaj2_I/U1513
35.9625    VSS FA1D0HVT    I0/minaj2_I/U5174
35.9524    VSS FA1D0HVT    I0/minaj2_I/U4
35.9488    VSS ND2D1LVT    I0/minaj2_I/U1397
35.9487    VSS ND2D1LVT    I0/shift_I/U59
35.9481    VSS CKAN2D0HVT  I0/minaj2_I/U5270
35.9446    VSS FA1D0HVT    I0/minaj2_I/U6538
35.9396    VSS ND2D0HVT    I0/minaj2_I/U5693
35.9394    VSS OAI21D1HVT  I0/minaj2_I/U2601
35.9376    VSS INVD0HVT    I0/minaj2_I/U737
35.9351    VSS FA1D0HVT    I0/minaj2_I/U5553
35.933     VSS ND2D0HVT    I0/minaj2_Q/U630
35.9322    VSS OAI21D1LVT  I0/minaj2_I/U1449
35.9303    VSS CKAN2D0HVT  I0/minaj2_I/U5265
35.9281    VSS ND2D0HVT    I0/minaj2_I/U5314
35.9204    VSS XOR2D1LVT   I0/minaj2_I/U2698
35.9188    VSS INVD1LVT    I0/minaj2_Q/FE_OFC2746_n2614
35.9166    VSS IOA21D1LVT  I0/minaj2_I/U6584
35.9127    VSS OAI21D1HVT  I0/minaj2_I/U1472
35.9104    VSS ND2D0HVT    I0/minaj2_I/U5371
35.9096    VSS AOI22D0HVT  I0/minaj2_I/U895
35.8992    VSS CKND1LVT    I0/minaj2_I/FE_OFC3109_n3680
35.8883    VSS FA1D0HVT    I0/minaj2_I/U4648
35.8881    VSS NR2XD0HVT   I0/minaj2_I/U727
35.8827    VSS FA1D0       I0/minaj2_I/U1811
35.8811    VSS INVD0HVT    I0/minaj2_I/U2385
35.8753    VSS FA1D0LVT    I0/minaj2_Q/U3524
35.8739    VSS FA1D0HVT    I0/minaj2_I/U6019
35.8723    VSS OAI21D2LVT  I0/minaj2_I/U2347
35.8721    VSS FA1D0HVT    I0/minaj2_I/U5196
35.8668    VSS INVD1LVT    I0/minaj2_Q/FE_OFC2123_n2255
35.8665    VSS ND2D0HVT    I0/minaj2_I/U471
35.8665    VSS ND2D0HVT    I0/minaj2_I/U2701
35.8664    VSS NR2D0HVT    I0/minaj2_Q/U3859
35.8633    VSS CKND1LVT    I0/minaj2_I/FE_OFC2676_n5680
35.8586    VSS CKBD1LVT    I0/FE_OFC67_FE_DBTN3_wire_reset
35.85      VSS DFCNQD1LVT  I0/latch_I\/y2_r_reg\[9\]
35.844     VSS FA1D0HVT    I0/minaj2_I/U4669
35.8422    VSS FA1D0HVT    I0/minaj2_I/U5560
35.8422    VSS FA1D0HVT    I0/minaj2_I/U5582
35.8403    VSS ND2D0HVT    I0/minaj2_I/U304
35.8399    VSS ND2D0HVT    I0/minaj2_I/U5268
35.8314    VSS AOI21D1LVT  I0/minaj2_I/U511
35.8288    VSS XNR2D1LVT   I0/minaj2_I/U2658
35.8278    VSS FA1D0LVT    I0/minaj2_I/U5093
35.8222    VSS XOR2D1LVT   I0/minaj2_I/U213
35.8211    VSS OAI21D0HVT  I0/minaj2_I/U484
35.8199    VSS OAI21D1HVT  I0/minaj2_I/U2685
35.8187    VSS AO21D0HVT   I0/minaj2_I/U186
35.8152    VSS NR2D0HVT    I0/minaj2_I/U2525
35.8149    VSS OAI21D1HVT  I0/minaj2_Q/U1377
35.8124    VSS FA1D0HVT    I0/minaj2_Q/U3827
35.8101    VSS FA1D0HVT    I0/minaj2_I/U6034
35.8049    VSS NR2XD0LVT   I0/minaj2_I/U365
35.7995    VSS IOA21D1HVT  I0/minaj2_I/U6523
35.7992    VSS FA1D0HVT    I0/minaj2_I/U6613
35.7959    VSS OR2D0HVT    I0/minaj2_I/U1589
35.7921    VSS FA1D0HVT    I0/minaj2_I/U6107
35.7909    VSS FA1D0HVT    I0/minaj2_I/U4783
35.7896    VSS NR2D0HVT    I0/minaj2_Q/U4051
35.7887    VSS CKAN2D0HVT  I0/minaj2_I/U6070
35.787     VSS DFCNQD1HVT  I0/latch_I\/y1_r_reg\[14\]
35.7857    VSS AOI21D1LVT  I0/minaj2_I/U5665
35.7848    VSS ND2D0HVT    I0/minaj2_I/U1514
35.7807    VSS XNR2D1LVT   I0/minaj2_Q/U2681
35.7779    VSS CKXOR2D1LVT I0/minaj2_I/U155
35.7763    VSS OR2D0HVT    I0/minaj2_I/U1790
35.7746    VSS FA1D0HVT    I0/minaj2_I/U5998
35.7733    VSS FA1D0HVT    I0/minaj2_I/U4782
35.7718    VSS ND2D0HVT    I0/minaj2_Q/U1561
35.7713    VSS FA1D0HVT    I0/minaj2_I/U4426
35.7713    VSS FA1D0HVT    I0/minaj2_I/U6583
35.769     VSS ND2D0HVT    I0/minaj2_I/U5682
35.7602    VSS OAI21D1HVT  I0/minaj2_I/U1508
35.7587    VSS ND2D0HVT    I0/minaj2_I/U331
35.7584    VSS AOI21D1HVT  I0/minaj2_I/U1374
35.7515    VSS CKAN2D0HVT  I0/minaj2_I/U5139
35.7422    VSS INVD1LVT    I0/minaj2_I/FE_OFC3250_n6566

#################################################
Range             Total Count Displayed / Scissored Percentage
 > 46.2984        0           0 / 0                  0.00%    
40.9731 ~ 46.2984 70          70 / 0                 0.25%    
35.6479 ~ 40.9731 963         963 / 0                3.38%    
30.3227 ~ 35.6479 3129        3129 / 0              10.99%    
24.9974 ~ 30.3227 6123        6123 / 0              21.51%    
19.6722 ~ 24.9974 7522        7522 / 0              26.43%    
14.347 ~ 19.6722  6887        6887 / 0              24.20%    
9.02172 ~ 14.347  3292        3292 / 0              11.57%    
3.69648 ~ 9.02172 473         473 / 0                1.66%    
 < 3.69648        1           1 / 0                  0.00%    
