*----------------------------------------------------------------------------------------
*	Innovus 22.15-s091_1 (64bit) 02/28/2024 12:21 (Linux 3.10.0-693.el7.x86_64)
*	
*
* 	Date & Time:	2026-Aug-26 16:25:07 (2026-Aug-26 13:25:07 GMT)
*
*----------------------------------------------------------------------------------------
*
*	Design: top
*
*	Liberty Libraries used: 
*	        FastView: /project/verif/users/marianajjar/ws/spline_3_1_rerun/innovus/dataout/design_saves/top_signoff.dat/libs/mmmc/tcbn65lplvtbc.lib
*	        FastView: /project/verif/users/marianajjar/ws/spline_3_1_rerun/innovus/dataout/design_saves/top_signoff.dat/libs/mmmc/tcbn65lphvtbc.lib
*	        FastView: /project/verif/users/marianajjar/ws/spline_3_1_rerun/innovus/dataout/design_saves/top_signoff.dat/libs/mmmc/tcbn65lpbc.lib
*	        FastView: /project/verif/users/marianajjar/ws/spline_3_1_rerun/innovus/dataout/design_saves/top_signoff.dat/libs/mmmc/tpdn65lpnv2od3bc.lib
*
*	Power Domain used: 
*              Rail:        VDD      Voltage:        1.2 
*
*       Power View : FastView
*
*       User-Defined Activity : N.A.
*
*	Switching Activity File used: 
*	        /project/verif/users/marianajjar/ws/spline_3_1_rerun/power_sim/core_sf_L3.saif
*
*            Total Design annotation coverage: 32562/43203 = 75.369766% 

*       Hierarchical Global Activity: N.A.
*
*       Global Activity: N.A.
*
*       Sequential Element Activity: 0.200000
*
*       Primary Input Activity: 0.200000
*
*       Default icg ratio: N.A.
*
*       Global Comb ClockGate Ratio: N.A.
*
*	Power Units = 1mW
*
*	Time Units = 1e-09 secs 
*
*       report_power -outfile /project/verif/users/marianajjar/ws/spline_3_1_rerun/innovus/work/power_signoff/fastRC_saif/core_I0_L3.rpt -instances {I0}
*
-----------------------------------------------------------------------------------------


Total Power 
-----------------------------------------------------------------------------------------
Total Internal Power:       78.83670133 	   50.7221%
Total Switching Power:      76.23266350 	   49.0467%
Total Leakage Power:         0.35944176 	    0.2313%
Total Power:               155.42880659 
-----------------------------------------------------------------------------------------


Group                           Internal   Switching     Leakage       Total  Percentage 
                                Power      Power         Power         Power  (%)        
-----------------------------------------------------------------------------------------
Sequential                         3.555      0.4921     0.03002       4.077       2.623 
Macro                                  0           0      0.0136      0.0136    0.008752 
IO                                  58.7       65.63   0.0005347       124.3       79.99 
Combinational                      16.28       9.197      0.3125       25.79       16.59 
Clock (Combinational)             0.2973      0.9162    0.002739       1.216      0.7825 
Clock (Sequential)                     0           0           0           0           0 
-----------------------------------------------------------------------------------------
Total                              78.84       76.23      0.3594       155.4         100 
-----------------------------------------------------------------------------------------


Clock                           Internal   Switching     Leakage       Total  Percentage 
                                Power      Power         Power         Power  (%)        
-----------------------------------------------------------------------------------------
clk                                5.762       32.55    0.002754       38.31       24.65 
-----------------------------------------------------------------------------------------
Total (excluding duplicates)       5.762       32.55    0.002754       38.31       24.65 
-----------------------------------------------------------------------------------------
Clock: clk
Clock Period: 0.001042 usec 
Clock Toggle Rate:  1919.9939 Mhz 
Clock Static Probability:  0.5000



Rail                  Voltage   Internal   Switching     Leakage       Total  Percentage 
                                Power      Power         Power         Power  (%)        
-----------------------------------------------------------------------------------------
Default                  1.32       58.7       65.63      0.0141       124.3          80 
VDD                       1.2      20.13       10.61      0.3453       31.08          20 


Instance                      Max Toggles   Total Toggles   Internal   Switching     Leakage       Total  Percentage    Cell
                              Input Pins    Output Pins     Power      Power         Power         Power  (%)           Name
----------------------------------------------------------------------------------------------------------------------------
I0                                      0               0      20.03       10.47      0.3403       30.84       19.84    
----------------------------------------------------------------------------------------------------------------------------
Total                                                          20.03       10.47      0.3403       30.84       19.84    


-----------------------------------------------------------------------------------------
*	Power Distribution Summary: 
*                Highest Average Power:                     I5/I1 (PDDW0204CDG):             37.1 
*                Highest Leakage Power:                PAD_POC/I1 (PVDD2POC):          0.01356 
*          Total Cap:      3.42677e-10 F
*          Total instances in design: 36484
*          Total instances in design with no power:     6
*          Total instances in design with no activity:     6
*          Total Fillers and Decap:     4
-----------------------------------------------------------------------------------------

