*----------------------------------------------------------------------------------------
*	Innovus 22.15-s091_1 (64bit) 02/28/2024 12:21 (Linux 3.10.0-693.el7.x86_64)
*	
*
* 	Date & Time:	2026-Aug-26 16:26:52 (2026-Aug-26 13:26:52 GMT)
*
*----------------------------------------------------------------------------------------
*
*	Design: top
*
*	Liberty Libraries used: 
*	        TypView: /data/tsmc/65LP/dig_libs/TSMCHOME/digital/Front_End/timing_power_noise/NLDM/tcbn65lplvt_220a/tcbn65lplvttc.lib
*	        TypView: /data/tsmc/65LP/dig_libs/TSMCHOME/digital/Front_End/timing_power_noise/NLDM/tcbn65lphvt_220a/tcbn65lphvttc.lib
*	        TypView: /data/tsmc/65LP/dig_libs/TSMCHOME/digital/Front_End/timing_power_noise/NLDM/tcbn65lp_220a/tcbn65lptc.lib
*	        TypView: /data/tsmc/65LP/dig_libs/TSMCHOME/digital/Front_End/timing_power_noise/NLDM/tpdn65lpnv2od3_200a/tpdn65lpnv2od3tc.lib
*
*	Power Domain used: 
*              Rail:        VDD      Voltage:        1.2 
*
*       Power View : TypView
*
*       User-Defined Activity : N.A.
*
*	Switching Activity File used: 
*	        /project/verif/users/marianajjar/ws/spline_3_1_rerun/power_sim/core_sf_L5.saif
*
*            Total Design annotation coverage: 32562/43203 = 75.369766% 

*       Hierarchical Global Activity: N.A.
*
*       Global Activity: N.A.
*
*       Sequential Element Activity: 0.200000
*
*       Primary Input Activity: 0.200000
*
*       Default icg ratio: N.A.
*
*       Global Comb ClockGate Ratio: N.A.
*
*	Power Units = 1mW
*
*	Time Units = 1e-09 secs 
*
*       report_power -outfile /project/verif/users/marianajjar/ws/spline_3_1_rerun/innovus/work/power_signoff/typ_saif/core_I0_L5.rpt -instances {I0}
*
-----------------------------------------------------------------------------------------


Total Power 
-----------------------------------------------------------------------------------------
Total Internal Power:       67.39302752 	   61.5412%
Total Switching Power:      42.08843200 	   38.4338%
Total Leakage Power:         0.02740821 	    0.0250%
Total Power:               109.50886774 
-----------------------------------------------------------------------------------------


Group                           Internal   Switching     Leakage       Total  Percentage 
                                Power      Power         Power         Power  (%)        
-----------------------------------------------------------------------------------------
Sequential                         3.397      0.6278    0.001316       4.027       3.677 
Macro                                  0           0    0.008145    0.008145    0.007438 
IO                                 45.57       28.83   0.0001539        74.4       67.94 
Combinational                      18.18       12.63     0.01766       30.83       28.15 
Clock (Combinational)             0.2453           0   0.0001371      0.2455      0.2242 
Clock (Sequential)                     0           0           0           0           0 
-----------------------------------------------------------------------------------------
Total                              67.39       42.09     0.02741       109.5         100 
-----------------------------------------------------------------------------------------


Clock                           Internal   Switching     Leakage       Total  Percentage 
                                Power      Power         Power         Power  (%)        
-----------------------------------------------------------------------------------------
clk                                3.903           0   0.0001414       3.903       3.564 
-----------------------------------------------------------------------------------------
Total (excluding duplicates)       3.903           0   0.0001414       3.903       3.564 
-----------------------------------------------------------------------------------------
Clock: clk
Clock Period: 0.001042 usec 
Clock Toggle Rate:  1919.9939 Mhz 
Clock Static Probability:  0.5000



Rail                  Voltage   Internal   Switching     Leakage       Total  Percentage 
                                Power      Power         Power         Power  (%)        
-----------------------------------------------------------------------------------------
Default                   1.2      45.57       28.83    0.008285       74.41       67.95 
VDD                       1.2      21.82       13.26     0.01912        35.1       32.05 


Instance                      Max Toggles   Total Toggles   Internal   Switching     Leakage       Total  Percentage    Cell
                              Input Pins    Output Pins     Power      Power         Power         Power  (%)           Name
----------------------------------------------------------------------------------------------------------------------------
I0                                      0               0      21.74       13.13     0.01886       34.89       31.86    
----------------------------------------------------------------------------------------------------------------------------
Total                                                          21.74       13.13     0.01886       34.89       31.86    


-----------------------------------------------------------------------------------------
*	Power Distribution Summary: 
*                Highest Average Power:                     I5/I1 (PDDW0204CDG):            3.657 
*                Highest Leakage Power:                PAD_POC/I1 (PVDD2POC):         0.008129 
*          Total Cap:      3.33786e-10 F
*          Total instances in design: 36484
*          Total instances in design with no power:     6
*          Total instances in design with no activity:     6
*          Total Fillers and Decap:     4
-----------------------------------------------------------------------------------------

