*----------------------------------------------------------------------------------------
*	Innovus 22.15-s091_1 (64bit) 02/28/2024 12:21 (Linux 3.10.0-693.el7.x86_64)
*	
*
* 	Date & Time:	2026-Aug-26 16:26:34 (2026-Aug-26 13:26:34 GMT)
*
*----------------------------------------------------------------------------------------
*
*	Design: top
*
*	Liberty Libraries used: 
*	        TypView: /data/tsmc/65LP/dig_libs/TSMCHOME/digital/Front_End/timing_power_noise/NLDM/tcbn65lplvt_220a/tcbn65lplvttc.lib
*	        TypView: /data/tsmc/65LP/dig_libs/TSMCHOME/digital/Front_End/timing_power_noise/NLDM/tcbn65lphvt_220a/tcbn65lphvttc.lib
*	        TypView: /data/tsmc/65LP/dig_libs/TSMCHOME/digital/Front_End/timing_power_noise/NLDM/tcbn65lp_220a/tcbn65lptc.lib
*	        TypView: /data/tsmc/65LP/dig_libs/TSMCHOME/digital/Front_End/timing_power_noise/NLDM/tpdn65lpnv2od3_200a/tpdn65lpnv2od3tc.lib
*
*	Power Domain used: 
*              Rail:        VDD      Voltage:        1.2 
*
*       Power View : TypView
*
*       User-Defined Activity : N.A.
*
*	Switching Activity File used: 
*	        /project/verif/users/marianajjar/ws/spline_3_1_rerun/power_sim/core_sf_L3.saif
*
*            Total Design annotation coverage: 32562/43203 = 75.369766% 

*       Hierarchical Global Activity: N.A.
*
*       Global Activity: N.A.
*
*       Sequential Element Activity: 0.200000
*
*       Primary Input Activity: 0.200000
*
*       Default icg ratio: N.A.
*
*       Global Comb ClockGate Ratio: N.A.
*
*	Power Units = 1mW
*
*	Time Units = 1e-09 secs 
*
*       report_power -outfile /project/verif/users/marianajjar/ws/spline_3_1_rerun/innovus/work/power_signoff/typ_saif/core_I0_L3.rpt -instances {I0}
*
-----------------------------------------------------------------------------------------


Total Power 
-----------------------------------------------------------------------------------------
Total Internal Power:       64.03612425 	   61.8130%
Total Switching Power:      39.53299997 	   38.1605%
Total Leakage Power:         0.02740806 	    0.0265%
Total Power:               103.59653228 
-----------------------------------------------------------------------------------------


Group                           Internal   Switching     Leakage       Total  Percentage 
                                Power      Power         Power         Power  (%)        
-----------------------------------------------------------------------------------------
Sequential                         2.724      0.4739    0.001325       3.199       3.088 
Macro                                  0           0    0.008145    0.008145    0.007862 
IO                                 48.19       30.15   0.0001539       78.34       75.62 
Combinational                      12.91       8.911     0.01765       21.84       21.08 
Clock (Combinational)             0.2168           0   0.0001344      0.2169      0.2094 
Clock (Sequential)                     0           0           0           0           0 
-----------------------------------------------------------------------------------------
Total                              64.04       39.53     0.02741       103.6         100 
-----------------------------------------------------------------------------------------


Clock                           Internal   Switching     Leakage       Total  Percentage 
                                Power      Power         Power         Power  (%)        
-----------------------------------------------------------------------------------------
clk                                3.874           0   0.0001387       3.874        3.74 
-----------------------------------------------------------------------------------------
Total (excluding duplicates)       3.874           0   0.0001387       3.874        3.74 
-----------------------------------------------------------------------------------------
Clock: clk
Clock Period: 0.001042 usec 
Clock Toggle Rate:  1919.9939 Mhz 
Clock Static Probability:  0.5000



Rail                  Voltage   Internal   Switching     Leakage       Total  Percentage 
                                Power      Power         Power         Power  (%)        
-----------------------------------------------------------------------------------------
Default                   1.2      48.19       30.15    0.008285       78.34       75.62 
VDD                       1.2      15.85       9.385     0.01912       25.25       24.38 


Instance                      Max Toggles   Total Toggles   Internal   Switching     Leakage       Total  Percentage    Cell
                              Input Pins    Output Pins     Power      Power         Power         Power  (%)           Name
----------------------------------------------------------------------------------------------------------------------------
I0                                      0               0      15.76       9.256     0.01886       25.04       24.17    
----------------------------------------------------------------------------------------------------------------------------
Total                                                          15.76       9.256     0.01886       25.04       24.17    


-----------------------------------------------------------------------------------------
*	Power Distribution Summary: 
*                Highest Average Power:                     I5/I1 (PDDW0204CDG):            3.657 
*                Highest Leakage Power:                PAD_POC/I1 (PVDD2POC):         0.008129 
*          Total Cap:      3.33786e-10 F
*          Total instances in design: 36484
*          Total instances in design with no power:     6
*          Total instances in design with no activity:     6
*          Total Fillers and Decap:     4
-----------------------------------------------------------------------------------------

