*----------------------------------------------------------------------------------------
*	Innovus 22.15-s091_1 (64bit) 02/28/2024 12:21 (Linux 3.10.0-693.el7.x86_64)
*	
*
* 	Date & Time:	2026-Aug-26 16:24:58 (2026-Aug-26 13:24:58 GMT)
*
*----------------------------------------------------------------------------------------
*
*	Design: top
*
*	Liberty Libraries used: 
*	        FastView: /project/verif/users/marianajjar/ws/spline_3_1_rerun/innovus/dataout/design_saves/top_signoff.dat/libs/mmmc/tcbn65lplvtbc.lib
*	        FastView: /project/verif/users/marianajjar/ws/spline_3_1_rerun/innovus/dataout/design_saves/top_signoff.dat/libs/mmmc/tcbn65lphvtbc.lib
*	        FastView: /project/verif/users/marianajjar/ws/spline_3_1_rerun/innovus/dataout/design_saves/top_signoff.dat/libs/mmmc/tcbn65lpbc.lib
*	        FastView: /project/verif/users/marianajjar/ws/spline_3_1_rerun/innovus/dataout/design_saves/top_signoff.dat/libs/mmmc/tpdn65lpnv2od3bc.lib
*
*	Power Domain used: 
*              Rail:        VDD      Voltage:        1.2 
*
*       Power View : FastView
*
*       User-Defined Activity : N.A.
*
*	Switching Activity File used: 
*	        /project/verif/users/marianajjar/ws/spline_3_1_rerun/power_sim/core_sf_L2.saif
*
*            Total Design annotation coverage: 32562/43203 = 75.369766% 

*       Hierarchical Global Activity: N.A.
*
*       Global Activity: N.A.
*
*       Sequential Element Activity: 0.200000
*
*       Primary Input Activity: 0.200000
*
*       Default icg ratio: N.A.
*
*       Global Comb ClockGate Ratio: N.A.
*
*	Power Units = 1mW
*
*	Time Units = 1e-09 secs 
*
*       report_power -outfile /project/verif/users/marianajjar/ws/spline_3_1_rerun/innovus/work/power_signoff/fastRC_saif/core_I0_L2.rpt -instances {I0}
*
-----------------------------------------------------------------------------------------


Total Power 
-----------------------------------------------------------------------------------------
Total Internal Power:       60.78346810 	   47.2930%
Total Switching Power:      67.38324236 	   52.4280%
Total Leakage Power:         0.35862868 	    0.2790%
Total Power:               128.52533914 
-----------------------------------------------------------------------------------------


Group                           Internal   Switching     Leakage       Total  Percentage 
                                Power      Power         Power         Power  (%)        
-----------------------------------------------------------------------------------------
Sequential                         3.045       0.403     0.03007       3.478       2.706 
Macro                                  0           0      0.0136      0.0136     0.01058 
IO                                 44.98       59.08   0.0005347       104.1       80.97 
Combinational                      12.48       7.059      0.3117       19.85       15.44 
Clock (Combinational)             0.2748      0.8407    0.002698       1.118      0.8701 
Clock (Sequential)                     0           0           0           0           0 
-----------------------------------------------------------------------------------------
Total                              60.78       67.38      0.3586       128.5         100 
-----------------------------------------------------------------------------------------


Clock                           Internal   Switching     Leakage       Total  Percentage 
                                Power      Power         Power         Power  (%)        
-----------------------------------------------------------------------------------------
clk                                5.739       32.47    0.002713       38.21       29.73 
-----------------------------------------------------------------------------------------
Total (excluding duplicates)       5.739       32.47    0.002713       38.21       29.73 
-----------------------------------------------------------------------------------------
Clock: clk
Clock Period: 0.001042 usec 
Clock Toggle Rate:  1919.9939 Mhz 
Clock Static Probability:  0.5000



Rail                  Voltage   Internal   Switching     Leakage       Total  Percentage 
                                Power      Power         Power         Power  (%)        
-----------------------------------------------------------------------------------------
Default                  1.32      44.98       59.08      0.0141       104.1       80.98 
VDD                       1.2       15.8       8.303      0.3445       24.45       19.02 


Instance                      Max Toggles   Total Toggles   Internal   Switching     Leakage       Total  Percentage    Cell
                              Input Pins    Output Pins     Power      Power         Power         Power  (%)           Name
----------------------------------------------------------------------------------------------------------------------------
I0                                      0               0      15.71       8.194      0.3395       24.24       18.86    
----------------------------------------------------------------------------------------------------------------------------
Total                                                          15.71       8.194      0.3395       24.24       18.86    


-----------------------------------------------------------------------------------------
*	Power Distribution Summary: 
*                Highest Average Power:                     I5/I1 (PDDW0204CDG):             37.1 
*                Highest Leakage Power:                PAD_POC/I1 (PVDD2POC):          0.01356 
*          Total Cap:      3.42677e-10 F
*          Total instances in design: 36484
*          Total instances in design with no power:     6
*          Total instances in design with no activity:     6
*          Total Fillers and Decap:     4
-----------------------------------------------------------------------------------------

