                          CONFORMAL (R)
                   Version 25.20-p100 (12-Nov-2025) (64 bit executable)
   Copyright (c) Cadence Design Systems, Inc., 1997-2025. All Rights Reserved


This program is proprietary and confidential information belonging to
Cadence Design Systems, Inc., and may be used and disclosed only as authorized
in a license agreement controlling such use and disclosure.

// Warning: This version is 233 days old. You can download the latest version from http://downloads.cadence.com.

CPU time     : 0.68    seconds
Elapse time  : 27      seconds
Memory usage : 172.55  M bytes
// Command: set compare effort low
// Command: read library -Both -Replace -sensitive -Statetable -Liberty \
//          /data/tsmc/65LP/dig_libs/TSMCHOME/digital/Front_End/timing_power_noise/NLDM/tcbn65lplvt_220a/tcbn65lplvttc.lib
// Parsing file /data/tsmc/65LP/dig_libs/TSMCHOME/digital/Front_End/timing_power_noise/NLDM/tcbn65lplvt_220a/tcbn65lplvttc.lib ...
// Warning: (RTL9.17) Cell doesn't have any output pins or all output pins are undriven (blackboxed) (occurrence:20)
// Note: (RTL9.26) Liberty pin with internal_node use default input_map (occurrence:20)
// Note: Read Liberty library successfully
CPU time     : 1.79    seconds
Elapse time  : 29      seconds
Memory usage : 212.94  M bytes
// Command: read library -Both -Append -sensitive -Statetable -Liberty \
//          /data/tsmc/65LP/dig_libs/TSMCHOME/digital/Front_End/timing_power_noise/NLDM/tcbn65lphvt_220a/tcbn65lphvttc.lib
// Parsing file /data/tsmc/65LP/dig_libs/TSMCHOME/digital/Front_End/timing_power_noise/NLDM/tcbn65lphvt_220a/tcbn65lphvttc.lib ...
// Warning: (RTL9.17) Cell doesn't have any output pins or all output pins are undriven (blackboxed) (occurrence:40)
// Note: (RTL9.26) Liberty pin with internal_node use default input_map (occurrence:40)
// Note: Read Liberty library successfully
CPU time     : 3.91    seconds
Elapse time  : 31      seconds
Memory usage : 245.34  M bytes
// Command: read library -Both -Append -sensitive -Statetable -Liberty \
//          /data/tsmc/65LP/dig_libs/TSMCHOME/digital/Front_End/timing_power_noise/NLDM/tcbn65lp_220a/tcbn65lptc.lib
// Parsing file /data/tsmc/65LP/dig_libs/TSMCHOME/digital/Front_End/timing_power_noise/NLDM/tcbn65lp_220a/tcbn65lptc.lib ...
// Warning: (RTL9.17) Cell doesn't have any output pins or all output pins are undriven (blackboxed) (occurrence:60)
// Note: (RTL9.26) Liberty pin with internal_node use default input_map (occurrence:60)
// Note: Read Liberty library successfully
CPU time     : 6.03    seconds
Elapse time  : 33      seconds
Memory usage : 279.45  M bytes
// Command: read library -Both -Append -sensitive -Statetable -Liberty \
//          /data/tsmc/65LP/dig_libs/TSMCHOME/digital/Front_End/timing_power_noise/NLDM/tpdn65lpnv2od3_200a/tpdn65lpnv2od3tc.lib
// Parsing file /data/tsmc/65LP/dig_libs/TSMCHOME/digital/Front_End/timing_power_noise/NLDM/tpdn65lpnv2od3_200a/tpdn65lpnv2od3tc.lib ...
// Warning: (RTL9.17) Cell doesn't have any output pins or all output pins are undriven (blackboxed) (occurrence:73)
// Note: (RTL9.26) Liberty pin with internal_node use default input_map (occurrence:60)
// Warning: (RTL14) Signal has input but it has no output (occurrence:64)
// Note: Read Liberty library successfully
// Command: read design \
//          ../datain/RTL/spi_L.v \
//          ../datain/RTL/spi_i.v \
//          ../datain/RTL/spi_q.v \
//          ../datain/RTL/spline.v \
//          ../datain/RTL/shift_30_I.v \
//          ../datain/RTL/shift_30_Q.v \
//          ../datain/RTL/top_spline.v \
//          ../datain/RTL/spi_register.v \
//          ../datain/RTL/spline_reg_out.v \
//          ../datain/RTL/filter4tweny.v \
//          -Verilog -sv09 -Golden -continuousassignment Bidirectional -nokeep_unreach -norangeconstraint
// Parsing file ../datain/RTL/spi_L.v ...
// Parsing file ../datain/RTL/spi_i.v ...
// Parsing file ../datain/RTL/spi_q.v ...
// Parsing file ../datain/RTL/spline.v ...
// Parsing file ../datain/RTL/shift_30_I.v ...
// Parsing file ../datain/RTL/shift_30_Q.v ...
// Parsing file ../datain/RTL/top_spline.v ...
// Parsing file ../datain/RTL/spi_register.v ...
// Parsing file ../datain/RTL/spline_reg_out.v ...
// Parsing file ../datain/RTL/filter4tweny.v ...
// Warning: (RTL1.5e) Lhs bit width is insufficient in shift expression
// Warning: Shifting 11 bit on operand of size 1 on line 43 at column 48 in file '../datain/RTL/filter4tweny.v'
// Golden root module is set to 'top_interpolator_dac'
// Warning: (RTL1.2) Variable/signal is assigned by multiple non-blocking assignments (occurrence:1)
// Warning: (RTL1.4) Assignment with LHS bit width is greater than RHS bit width (occurrence:2)
// Warning: (RTL1.5a) Assignment with RHS bit width is greater than LHS bit width (occurrence:1)
// Warning: (RTL1.5b) Potential loss of RHS msb or carry-out bit (occurrence:21)
// Warning: (RTL1.5e) Lhs bit width is insufficient in shift expression (occurrence:1)
// Warning: (RTL1.9) Parameter bit width does not match RHS bit width (occurrence:1)
// Note: (RTL5.5a) Default case item with non-X assignment(s) (occurrence:13)
// Warning: (RTL7.4) Array index in LHS might be out of range (occurrence:2)
// Warning: (RTL7.10a) Comparison with different data sizes (occurrence:3)
// Warning: (RTL7.10e) Relational comparison of different data sizes and signed operand(s) (occurrence:1)
// Warning: (RTL7.11a) Implicit unsigned expression is converted to signed (occurrence:2)
// Warning: (RTL7.11b) Unsigned reference with index/part selection to a signed variable (occurrence:3)
// Note: (RTL8.1) Multiple multipliers/dividers are in module/entity (occurrence:2)
// Warning: (RTL8.3) Unreachable DFF/DLAT is removed (occurrence:17)
// Warning: (RTL14.1) Fanout load of the signal is removed (occurrence:17)
// Note: (VLG6.4) Supported system datapath function call (occurrence:2)
// Warning: (DIR6.1) Ignored compiler directive is detected (occurrence:10)
// Note: (HRC3.5b) Open output port connection is detected (occurrence:1)
// Note: Read VERILOG design successfully
CPU time     : 6.30    seconds
Elapse time  : 34      seconds
Memory usage : 313.95  M bytes
// Command: read design \
//          ../datain/netlist/top_interpolator_dac.v \
//          -Verilog -Revised -sensitive -continuousassignment Bidirectional -nokeep_unreach -nosupply
// Parsing file ../datain/netlist/top_interpolator_dac.v ...
// Revised root module is set to 'top_interpolator_dac'
// Note: Read VERILOG design successfully
CPU time     : 6.90    seconds
Elapse time  : 35      seconds
Memory usage : 331.28  M bytes
// Command: set flatten model -gated_clock
// Command: read setup information ../datain/compile.vsdc -type vsdc
// Warning: Project was not set up. Create project 'LEC' ...
// Current project name is set to: LEC
// Project directory contains 2 Conformal runs with the size of 0.72 MBytes.
//    There are 3 LEC runs with the size of 0.58 MBytes.
// Run/memory Limit exceeded. Automatic clean up old runs.
// Run.2 is removed.
// Directory Run.4 is created for current LEC run.
// Profiling started.
// Program monitor activated
// Started multithreaded log file.
// Verification summary report is set to /project/tsmc65/users/khamaysi/ws/spline_3_1/lec_rvg/work/LEC.cfm/reports/summary.4.htm
// Processing file ../datain/compile.vsdc ...
// 1 sequential merge information are recorded
// 48 uniquification information are recorded
// 79 name changes information are recorded
// Warning: Cannot find module '(R) minaj2_interp_3samp_internalSlope_0_RSOP_183' in the design, at ../datain/compile.vsdc:69
// Warning: Cannot find module '(R) minaj2_interp_3samp_internalSlope_0_RSOP_184' in the design, at ../datain/compile.vsdc:165
// Warning: Cannot find module '(R) minaj2_interp_3samp_internalSlope_0_RSOP_185' in the design, at ../datain/compile.vsdc:237
CPU time     : 7.08    seconds
Elapse time  : 38      seconds
Memory usage : 335.00  M bytes
// Command: uniquify -all
Uniquified 2 instance(s) referring to module 'fir20_q16_fromx_WL16_FL12_NTAPS10' in Golden
Uniquified 1 instance(s) referring to module 'minaj2_window_latch_WL16' in Golden
Uniquified 2 instance(s) referring to module 'minaj2_interp_3samp_internalSlope' in Golden
Uniquified 1 instance(s) referring to module 'word_history3_WL16' in Golden
Uniquified 4 module(s)
CPU time     : 7.33    seconds
Elapse time  : 38      seconds
Memory usage : 339.97  M bytes
// Command: write hier_compare dofile hier.do -replace -prepend_string "analyze datapath -module -threads 4 ; analyze datapath -wordlevel -verbose" -usage
// Warning: Module 'spi_cfg4_nomode' exists in Golden only. Skip it for hierarchical comparison
// Warning: Module 'spi_i_master_W16' exists in Golden only. Skip it for hierarchical comparison
// Warning: Module 'spi_q_slave_W16' exists in Golden only. Skip it for hierarchical comparison
// Warning: Module 'word_history3_WL16' exists in Golden only. Skip it for hierarchical comparison
// Warning: Module 'word_history3_WL16_0' exists in Golden only. Skip it for hierarchical comparison
// Warning: Module 'minaj2_window_latch_WL16' exists in Golden only. Skip it for hierarchical comparison
// Warning: Module 'minaj2_window_latch_WL16_0' exists in Golden only. Skip it for hierarchical comparison
// Warning: Module 'sample_shift_ntaps_I_WL16_NTAPS10' exists in Golden only. Skip it for hierarchical comparison
// Warning: Module 'sample_shift_ntaps_Q_WL16_NTAPS10' exists in Golden only. Skip it for hierarchical comparison
// Warning: Module 'VDW_mult_nbw_s16_s16_32' exists in Golden only. Skip it for hierarchical comparison
// Note: Writing hierarchical compare dofile ...
5 modules are output for hierarchical compare
CPU time     : 7.47    seconds
Elapse time  : 39      seconds
Memory usage : 341.29  M bytes
// Command: set dofile abort OFF
// Command: set compare effort low
// Command: run hier_compare hier.do
// Running Module minaj2_interp_3samp_internalSlope_1 and minaj2_interp_3samp_internalSlope_1
// Command: set root module minaj2_interp_3samp_internalSlope_1 -Golden
// Command: set root module minaj2_interp_3samp_internalSlope_1 -Revised
// Command: set module property -instance /minaj2_I -Golden
// Command: set module property -instance /minaj2_I -Revised
// Command: report black box -NOHidden
// Command: set system mode lec
// Processing Golden ...
// Modeling Golden ...
// Processing Revised ...
// Modeling Revised ...
CPU time     : 7.96    seconds
Elapse time  : 40      seconds
Memory usage : 370.06  M bytes
// Mapping key points ...
================================================================================
Mapped points: SYSTEM class
--------------------------------------------------------------------------------
Mapped points     PI     PO     DFF       Total   
--------------------------------------------------------------------------------
Golden            55     80     16        151     
--------------------------------------------------------------------------------
Revised           55     80     16        151     
================================================================================
// Command: analyze datapath -module -threads 4 ; analyze datapath -wordlevel -verbose
// Note: Multithreaded module datapath analysis (MDP) is enabled
// Note: sub_89(clustered): quality evaluated 57% success 
// Note: sub_86_2(clustered): quality evaluated 52% success 
// Note: sub_66_2(clustered): quality evaluated 91% success 
// Note: add_70(clustered): quality evaluated 56% success 
// Note: eval_poly_163/add_134(clustered): quality evaluated 39% success 
// Note: eval_poly_163/add_132(clustered): quality evaluated 45% success 
// Note: eval_poly_163/add_130(clustered): quality evaluated 43% success 
// Note: eval_poly_157/add_134(clustered): quality evaluated 70% success 
// Note: eval_poly_157/add_132(clustered): quality evaluated 83% success 
// Note: eval_poly_157/add_130(clustered): quality evaluated 73% success 
// Note: eval_poly_162/add_134(clustered): quality evaluated 30% success 
// Note: eval_poly_162/add_132(clustered): quality evaluated 41% success 
// Note: eval_poly_162/add_130(clustered): quality evaluated 43% success 
// Note: eval_poly_152/add_134(clustered): quality evaluated 34% success 
// Note: eval_poly_152/add_132(clustered): quality evaluated 64% success 
// Note: eval_poly_152/add_130(clustered): quality evaluated 36% success 
// Note: eval_poly_161/add_134(clustered): quality evaluated 36% success 
// Note: eval_poly_161/add_132(clustered): quality evaluated 34% success 
// Note: eval_poly_161/add_130(clustered): quality evaluated 45% success 
// Note: eval_poly_151/add_134(clustered): quality evaluated 40% success 
// Note: eval_poly_151/add_132(clustered): quality evaluated 31% success 
// Note: eval_poly_151/add_130(clustered): quality evaluated 44% success 
// Note: eval_poly_160/add_134(clustered): quality evaluated 38% success 
// Note: eval_poly_160/add_132(clustered): quality evaluated 39% success 
// Note: eval_poly_160/add_130(clustered): quality evaluated 41% success 
CPU time     : 885.85  seconds
Elapse time  : 922     seconds
Memory usage : 528.92  M bytes
// Command: add compared points -all
// 96 compared points added to compare list
// Command: compare -noneq_stop 1 -abort_stop 1  
// Compare will stop on the 1st non-equivalent point
// Compare will stop on the 1st abort point
================================================================================
Compared points      PO     DFF       Total   
--------------------------------------------------------------------------------
Equivalent           16     16        32      
--------------------------------------------------------------------------------
Abort                1      0         1       
--------------------------------------------------------------------------------
Not-compared         63     0         63      
================================================================================
CPU time     : 3506.79 seconds
Elapse time  : 3553    seconds
Memory usage : 556.56  M bytes
// Command: save hier_compare result
CPU time     : 3506.89 seconds
Elapse time  : 3554    seconds
Memory usage : 556.69  M bytes
// Command: set system mode setup
// Command: add black box minaj2_interp_3samp_internalSlope_1 -module -hier -Golden
// Command: add black box minaj2_interp_3samp_internalSlope_1 -module -hier -Revised
// Command: usage
CPU time     : 3506.94 seconds
Memory usage : 556.69  M bytes
Processed 1 out of 5 module pairs	EQ: 0	NEQ: 0	ABORT: 1
// Running Module minaj2_interp_3samp_internalSlope_0 and minaj2_interp_3samp_internalSlope_0
// Command: set root module minaj2_interp_3samp_internalSlope_0 -Golden
// Command: set root module minaj2_interp_3samp_internalSlope_0 -Revised
// Command: set module property -instance /minaj2_Q -Golden
// Command: set module property -instance /minaj2_Q -Revised
// Command: report black box -NOHidden
// Command: set system mode lec
// Processing Golden ...
// Modeling Golden ...
// Processing Revised ...
// Modeling Revised ...
CPU time     : 3507.44 seconds
Elapse time  : 3555    seconds
Memory usage : 556.69  M bytes
// Mapping key points ...
================================================================================
Mapped points: SYSTEM class
--------------------------------------------------------------------------------
Mapped points     PI     PO     DFF       Total   
--------------------------------------------------------------------------------
Golden            55     80     16        151     
--------------------------------------------------------------------------------
Revised           55     80     16        151     
================================================================================
// Command: analyze datapath -module -threads 4 ; analyze datapath -wordlevel -verbose
// Note: Multithreaded module datapath analysis (MDP) is enabled
// Note: sub_89(clustered): quality evaluated 58% success 
// Note: sub_86_2(clustered): quality evaluated 54% success 
// Note: sub_66_2(clustered): quality evaluated 93% success 
// Note: add_70(clustered): quality evaluated 56% success 
// Note: eval_poly_163/add_134(clustered): quality evaluated 39% success 
// Note: eval_poly_163/add_132(clustered): quality evaluated 46% success 
// Note: eval_poly_163/add_130(clustered): quality evaluated 44% success 
// Note: eval_poly_157/add_134(clustered): quality evaluated 70% success 
// Note: eval_poly_157/add_132(clustered): quality evaluated 82% success 
// Note: eval_poly_157/add_130(clustered): quality evaluated 73% success 
// Note: eval_poly_162/add_134(clustered): quality evaluated 36% success 
// Note: eval_poly_162/add_132(clustered): quality evaluated 41% success 
// Note: eval_poly_162/add_130(clustered): quality evaluated 45% success 
// Note: eval_poly_152/add_134(clustered): quality evaluated 34% success 
// Note: eval_poly_152/add_132(clustered): quality evaluated 63% success 
// Note: eval_poly_152/add_130(clustered): quality evaluated 43% success 
// Note: eval_poly_161/add_134(clustered): quality evaluated 36% success 
// Note: eval_poly_161/add_132(clustered): quality evaluated 34% success 
// Note: eval_poly_161/add_130(clustered): quality evaluated 48% success 
// Note: eval_poly_151/add_134(clustered): quality evaluated 39% success 
// Note: eval_poly_151/add_132(clustered): quality evaluated 36% success 
// Note: eval_poly_151/add_130(clustered): quality evaluated 45% success 
// Note: eval_poly_160/add_134(clustered): quality evaluated 38% success 
// Note: eval_poly_160/add_132(clustered): quality evaluated 32% success 
// Note: eval_poly_160/add_130(clustered): quality evaluated 44% success 
CPU time     : 4346.79 seconds
Elapse time  : 4399    seconds
Memory usage : 595.27  M bytes
// Command: add compared points -all
// 96 compared points added to compare list
// Command: compare -noneq_stop 1 -abort_stop 1  
// Compare will stop on the 1st non-equivalent point
// Compare will stop on the 1st abort point
================================================================================
Compared points      PO     DFF       Total   
--------------------------------------------------------------------------------
Equivalent           16     16        32      
--------------------------------------------------------------------------------
Abort                1      0         1       
--------------------------------------------------------------------------------
Not-compared         63     0         63      
================================================================================
CPU time     : 7157.43 seconds
Elapse time  : 7218    seconds
Memory usage : 603.27  M bytes
// Command: save hier_compare result
// Command: set system mode setup
// Command: add black box minaj2_interp_3samp_internalSlope_0 -module -hier -Golden
// Command: add black box minaj2_interp_3samp_internalSlope_0 -module -hier -Revised
// Command: usage
CPU time     : 7157.55 seconds
Memory usage : 603.27  M bytes
Processed 2 out of 5 module pairs	EQ: 0	NEQ: 0	ABORT: 2
// Running Module fir20_q16_fromx_WL16_FL12_NTAPS10_1 and fir20_q16_fromx_WL16_FL12_NTAPS10_1
// Command: set root module fir20_q16_fromx_WL16_FL12_NTAPS10_1 -Golden
// Command: set root module fir20_q16_fromx_WL16_FL12_NTAPS10_1 -Revised
// Command: set module property -instance /fir_I_u -Golden
// Command: set module property -instance /fir_I_u -Revised
// Command: report black box -NOHidden
// Command: set system mode lec
// Processing Golden ...
// Modeling Golden ...
// Processing Revised ...
// Modeling Revised ...
CPU time     : 7157.91 seconds
Elapse time  : 7219    seconds
Memory usage : 603.27  M bytes
// Mapping key points ...
================================================================================
Mapped points: SYSTEM class
--------------------------------------------------------------------------------
Mapped points     PI     PO     DFF       Total   
--------------------------------------------------------------------------------
Golden            181    16     180       377     
--------------------------------------------------------------------------------
Revised           181    16     180       377     
================================================================================
// Command: analyze datapath -module -threads 4 ; analyze datapath -wordlevel -verbose
// Note: Multithreaded module datapath analysis (MDP) is enabled
// Note: add_92_9(clustered): quality evaluated 86% success 
CPU time     : 7192.95 seconds
Elapse time  : 7254    seconds
Memory usage : 603.27  M bytes
// Command: add compared points -all
// 196 compared points added to compare list
// Command: compare -noneq_stop 1 -abort_stop 1  
// Compare will stop on the 1st non-equivalent point
// Compare will stop on the 1st abort point
================================================================================
Compared points      PO     DFF       Total   
--------------------------------------------------------------------------------
Equivalent           16     180       196     
================================================================================
CPU time     : 7196.55 seconds
Elapse time  : 7258    seconds
Memory usage : 635.27  M bytes
// Command: save hier_compare result
// Command: set system mode setup
// Command: add black box fir20_q16_fromx_WL16_FL12_NTAPS10_1 -module -hier -Golden
// Command: add black box fir20_q16_fromx_WL16_FL12_NTAPS10_1 -module -hier -Revised
// Command: usage
CPU time     : 7196.59 seconds
Memory usage : 635.27  M bytes
Processed 3 out of 5 module pairs	EQ: 1	NEQ: 0	ABORT: 2
// Running Module fir20_q16_fromx_WL16_FL12_NTAPS10_0 and fir20_q16_fromx_WL16_FL12_NTAPS10_0
// Command: set root module fir20_q16_fromx_WL16_FL12_NTAPS10_0 -Golden
// Command: set root module fir20_q16_fromx_WL16_FL12_NTAPS10_0 -Revised
// Command: set module property -instance /fir_Q_u -Golden
// Command: set module property -instance /fir_Q_u -Revised
// Command: report black box -NOHidden
// Command: set system mode lec
// Processing Golden ...
// Modeling Golden ...
// Processing Revised ...
// Modeling Revised ...
CPU time     : 7196.93 seconds
Elapse time  : 7259    seconds
Memory usage : 603.27  M bytes
// Mapping key points ...
================================================================================
Mapped points: SYSTEM class
--------------------------------------------------------------------------------
Mapped points     PI     PO     DFF       Total   
--------------------------------------------------------------------------------
Golden            181    16     180       377     
--------------------------------------------------------------------------------
Revised           181    16     180       377     
================================================================================
// Command: analyze datapath -module -threads 4 ; analyze datapath -wordlevel -verbose
// Note: Multithreaded module datapath analysis (MDP) is enabled
// Note: add_92_9(clustered): quality evaluated 86% success 
CPU time     : 7231.94 seconds
Elapse time  : 7295    seconds
Memory usage : 603.27  M bytes
// Command: add compared points -all
// 196 compared points added to compare list
// Command: compare -noneq_stop 1 -abort_stop 1  
// Compare will stop on the 1st non-equivalent point
// Compare will stop on the 1st abort point
================================================================================
Compared points      PO     DFF       Total   
--------------------------------------------------------------------------------
Equivalent           16     180       196     
================================================================================
CPU time     : 7235.63 seconds
Elapse time  : 7298    seconds
Memory usage : 635.27  M bytes
// Command: save hier_compare result
// Command: set system mode setup
// Command: add black box fir20_q16_fromx_WL16_FL12_NTAPS10_0 -module -hier -Golden
// Command: add black box fir20_q16_fromx_WL16_FL12_NTAPS10_0 -module -hier -Revised
// Command: usage
CPU time     : 7235.67 seconds
Memory usage : 635.27  M bytes
Processed 4 out of 5 module pairs	EQ: 2	NEQ: 0	ABORT: 2
// Running Module top_interpolator_dac and top_interpolator_dac
// Command: set root module top_interpolator_dac -Golden
// Warning: Total black box modules referenced in Golden = 4
// Command: set root module top_interpolator_dac -Revised
// Warning: Total black box modules referenced in Revised = 4
// Command: set module property -instance / -Golden
// Command: set module property -instance / -Revised
// Command: report black box -NOHidden
HIER: (G R) fir20_q16_fromx_WL16_FL12_NTAPS10_0
HIER: (G R) fir20_q16_fromx_WL16_FL12_NTAPS10_1
HIER: (G R) minaj2_interp_3samp_internalSlope_0
HIER: (G R) minaj2_interp_3samp_internalSlope_1
// Command: set system mode lec
// Processing Golden ...
// Modeling Golden ...
// (F21) Merged 1 DFF/DLAT(s) due to added instance equivalences (flatten)
// Processing Revised ...
// Modeling Revised ...
CPU time     : 7235.91 seconds
Elapse time  : 7299    seconds
Memory usage : 603.27  M bytes
// Warning: Golden and Revised have different numbers of key points:
// Golden  key points = 674
// Revised key points = 673
// Mapping key points ...
================================================================================
Mapped points: SYSTEM class
--------------------------------------------------------------------------------
Mapped points     PI     PO     DFF    BBOX      Total   
--------------------------------------------------------------------------------
Golden            4      32     633    4         673     
--------------------------------------------------------------------------------
Revised           4      32     633    4         673     
================================================================================
// Note: A key point group is counted as one key point
// Golden has 1 key point groups
// Command: analyze datapath -module -threads 4 ; analyze datapath -wordlevel -verbose
// Note: Multithreaded module datapath analysis (MDP) is enabled
// Note: Comparator to subtractor rewriting analysis succeeded: spi_I/eq_113 
// Note: Comparator to subtractor rewriting analysis succeeded: shift_I/lt_98 
CPU time     : 7236.52 seconds
Elapse time  : 7301    seconds
Memory usage : 603.65  M bytes
// Command: add compared points -all
// 669 compared points added to compare list
// Command: compare -noneq_stop 1   
// Compare will stop on the 1st non-equivalent point
================================================================================
Compared points      PO     DFF    BBOX      Total   
--------------------------------------------------------------------------------
Equivalent           32     633    4         669     
================================================================================
Compare results of instance/output/pin equivalences and/or sequential merge      
================================================================================
Compared points      DFF       Total   
--------------------------------------------------------------------------------
Equivalent           1         1       
================================================================================
// Command: save hier_compare result
// Command: set system mode setup
// Command: usage
CPU time     : 7236.62 seconds
Memory usage : 603.65  M bytes
Processed 5 out of 5 module pairs	EQ: 3	NEQ: 0	ABORT: 2

--------------------------------------------------------------------------------
Status          Golden                            Revised                         
--------------------------------------------------------------------------------
Abort         : minaj2_interp_3samp_internalSlope_0  minaj2_interp_3samp_internalSlope_0
Abort         : minaj2_interp_3samp_internalSlope_1  minaj2_interp_3samp_internalSlope_1
Total Abort modules            = 2

================================================================================
Module Comparison Results
--------------------------------------------------------------------------------
Equivalent                     3
Abort                          2
--------------------------------------------------------------------------------
Total                          5/5
--------------------------------------------------------------------------------
Hierarchical compare : Inconclusive 
(2 modules have aborted)
================================================================================
// Command: set log file
