###############################################################
#  Generated by:      Cadence Innovus 22.15-s091_1
#  OS:                Linux x86_64(Host ID micron4.eng.tau.ac.il)
#  Generated on:      Wed Aug 26 22:31:15 2026
#  Design:            top
#  Command:           report_ccopt_clock_trees -summary -file /project/verif/users/marianajjar/ws/spline_3_1_rerun/innovus/final_final_reports/cts_summary.rpt
###############################################################

Clock DAG stats:
================

----------------------------------------------------------
Cell type                 Count    Area        Capacitance
----------------------------------------------------------
Buffers                    10        57.600       0.030
Inverters                   0         0.000       0.000
Integrated Clock Gates      0         0.000       0.000
Discrete Clock Gates       37       134.280       0.043
Clock Logic                 1      6000.000       2.783
All                        48      6191.880       2.856
----------------------------------------------------------

Clock DAG miscellaneous counts:
===============================

------------------------------
Type                     Count
------------------------------
Roots                      1
Preserved Ports            0
Multiple Clock Inputs      0
------------------------------


Clock DAG sink counts:
======================

-------------------------
Sink type           Count
-------------------------
Regular             1026
Enable Latch          37
Load Capacitance       0
Antenna Diode          0
Node Sink              0
Total               1063
-------------------------


Clock DAG wire lengths:
=======================

--------------------
Type     Wire Length
--------------------
Top           0.000
Trunk      3142.350
Leaf       9957.400
Total     13099.750
--------------------


Clock DAG hp wire lengths:
==========================

-----------------------
Type     hp Wire Length
-----------------------
Top            0.000
Trunk       2560.960
Leaf        6252.100
Total       8813.060
-----------------------


Clock DAG capacitances:
=======================

--------------------------------
Type     Gate     Wire     Total
--------------------------------
Top      0.000    0.000    0.000
Trunk    2.884    0.395    3.279
Leaf     0.776    1.312    2.087
Total    3.659    1.707    5.366
--------------------------------


Clock DAG sink capacitances:
============================

-----------------------------------------------
Total    Average    Std. Dev.    Min      Max
-----------------------------------------------
0.803     0.001       0.000      0.001    0.001
-----------------------------------------------


Clock DAG net violations:
=========================

------------------------------------------------------------------------------------------------
Type                    Units    Count    Average    Std. Dev.    Sum      Top 10 violations
------------------------------------------------------------------------------------------------
Remaining Transition    ns         3       0.011       0.005      0.032    [0.015, 0.012, 0.005]
------------------------------------------------------------------------------------------------


Clock DAG primary half-corner transition distribution:
======================================================

-------------------------------------------------------------------------------------------------------------------------------------------------------------------------------------------------------------------------
Net Type    Target    Count    Average    Std. Dev.    Min      Max      Distribution                                                               Over Target
-------------------------------------------------------------------------------------------------------------------------------------------------------------------------------------------------------------------------
Trunk       0.200       9       0.103       0.069      0.000    0.197    {6 <= 0.120ns, 0 <= 0.160ns, 1 <= 0.180ns, 0 <= 0.190ns, 2 <= 0.200ns}                                       -
Leaf        0.200      40       0.162       0.030      0.047    0.215    {2 <= 0.120ns, 18 <= 0.160ns, 8 <= 0.180ns, 5 <= 0.190ns, 4 <= 0.200ns}    {1 <= 0.210ns, 2 <= 0.220ns, 0 <= 0.240ns, 0 <= 0.300ns, 0 > 0.300ns}
-------------------------------------------------------------------------------------------------------------------------------------------------------------------------------------------------------------------------


Clock DAG library cell distribution:
====================================

--------------------------------------------
Name           Type      Inst     Inst Area 
                         Count    (um^2)
--------------------------------------------
CKBD16LVT      buffer      1         10.080
CKBD12LVT      buffer      2         15.840
CKBD8LVT       buffer      4         23.040
CKBD4LVT       buffer      2          6.480
CKBD2LVT       buffer      1          2.160
CKAN2D8LVT     dcg         4         24.480
AN2D4LVT       dcg         3         12.960
CKAN2D8        dcg         3         18.360
CKAN2D4LVT     dcg        14         45.360
CKAN2D4        dcg         3          9.720
AN2D2LVT       dcg         1          2.520
AN2D2          dcg         1          2.520
CKAN2D2LVT     dcg         2          5.040
CKAN2D2        dcg         1          2.520
CKAN2D0        dcg         5         10.800
PDDW0204CDG    logic       1       6000.000
--------------------------------------------



Please note that the following tables reflect only the defined clock trees, so the flop counts might not include all flops in your design.

Clock Tree Summary:
===================

---------------------------------------------------------------------------------------------------------------------
Clock Tree  Clock  Bufs  Invs  Other  Max       Max     Max     Max          Standard   Wire   Gate   Clock Tree Root
Name        Gates              Clock  Non-leaf  Leaf    Length  Source-sink  cell area  cap    cap    
                               Cells  Fanout    Fanout  (um)    Resistance   (um^2)     (pF)   (pF)   
                                                                (Ohms)                                
---------------------------------------------------------------------------------------------------------------------
clk          37     10    0      1       22       89    518.48    7459.76    6191.880   1.707  3.659  clk
---------------------------------------------------------------------------------------------------------------------

1 clock trees contain a total of 1 nets marked dont_touch, which will not have been buffered, and may have Design Rule Violations as a consequence.
1 clock trees contain a total of 1 nets marked ideal_network, which will not have been buffered, and may have Design Rule Violations as a consequence.

Clock Sink Summary:
===================

-------------------------------------------------------------------------------------------------------------------------------------------
Clock Tree  Explicit      Implicit      Explicit     Implicit     Explicit   Implicit   Posedge  Negedge  Memory  Enable  Non enable  Other
Name        exclude pins  exclude pins  ignore pins  ignore pins  stop pins  stop pins  Flops    Flops    Clock   Latch   Latch       Sinks
                                                                                                          Pins    Sinks   Sinks       
-------------------------------------------------------------------------------------------------------------------------------------------
clk              0             0             0            0           0          0       1026       0       0       37        0         0
-------------------------------------------------------------------------------------------------------------------------------------------

Summary across all clock trees:
===============================

------------------------------------------------------------------------------------------------------------
Clock  Bufs  Invs  Other  Max       Average   Max     Average  Max      Max          Standard   Wire   Gate
Gates              Clock  Non-leaf  Non-leaf  Leaf    Leaf     Length   Source-sink  cell area  cap    cap
                   Cells  Fanout    Fanout    Fanout  Fanout   (um)     Resistance   (um^2)     (pF)   (pF)
                                                                        (Ohms)                         
------------------------------------------------------------------------------------------------------------
 37     10    0      1       22     9.44444     89     25.65   518.480    745.976    6191.880   1.707  3.659
------------------------------------------------------------------------------------------------------------

Clock Sink Summary across all clock trees:
==========================================

-------------------------------------------------------------------------------------------------------------------------------
Explicit      Implicit      Explicit     Implicit     Explicit   Implicit   Posedge  Negedge  Memory  Enable  Non enable  Other
exclude pins  exclude pins  ignore pins  ignore pins  stop pins  stop pins  Flops    Flops    Clock   Latch   Latch       Sinks
                                                                                              Pins    Sinks   Sinks       
-------------------------------------------------------------------------------------------------------------------------------
     0             0             0            0           0          0       1026       0       0       37        0         0
-------------------------------------------------------------------------------------------------------------------------------

Physical metrics across all clock trees:
========================================

-----------------------------------------------------------------------
Metric                               Minimum  Average  Maximum  Std.dev
-----------------------------------------------------------------------
Source-sink routed net length (um)    0.000   149.780  518.480  129.799
Source-sink manhattan distance (um)   0.000   130.942  460.000  112.881
Source-sink resistance (Ohm)          0.001   218.910  745.976  184.913
-----------------------------------------------------------------------

Transition distribution for half-corner SlowDC:setup.late:
==========================================================

-------------------------------------------------------------------------------------------------------------------------------------------------------------------------------------------------------------------------
Net Type    Target    Count    Average    Std. Dev.    Min      Max      Distribution                                                               Over Target
-------------------------------------------------------------------------------------------------------------------------------------------------------------------------------------------------------------------------
Trunk       0.200       9       0.103       0.069      0.000    0.197    {6 <= 0.120ns, 0 <= 0.160ns, 1 <= 0.180ns, 0 <= 0.190ns, 2 <= 0.200ns}                                       -
Leaf        0.200      40       0.162       0.030      0.047    0.215    {2 <= 0.120ns, 18 <= 0.160ns, 8 <= 0.180ns, 5 <= 0.190ns, 4 <= 0.200ns}    {1 <= 0.210ns, 2 <= 0.220ns, 0 <= 0.240ns, 0 <= 0.300ns, 0 > 0.300ns}
-------------------------------------------------------------------------------------------------------------------------------------------------------------------------------------------------------------------------

Count of violations across all clock trees:
===========================================

---------------------------------------------------------------------------------------
Clock Tree  # Max capacitance  # Max resistance  # Max length  # Max fanout  # Slew
Name        violations         violations        violations    violations    violations
---------------------------------------------------------------------------------------
clk                 0                 0               0             0           211
---------------------------------------------------------------------------------------
Total               0                 0               0             0           211
---------------------------------------------------------------------------------------

Note the above table per clock tree is based on CCOpt clock tree view. The violations are counted across half corners.

Found a total of 0 clock tree pins with max capacitance violations.
Found a total of 0 clock tree nets with max resistance violations.
Found a total of 0 clock tree nets with max length violations.
Found a total of 0 clock tree nets with max fanout violations.
Found a total of 211 clock tree pins with a slew violation.

Slew violation summary across all clock trees - Top 10 violating pins:
======================================================================

Target and measured clock slews (in ns):

----------------------------------------------------------------------------------------------------
Half corner        Violation  Slew    Slew      Dont   Ideal  Target          Pin
                   amount     target  achieved  touch  net?   source          
                                                net?                          
----------------------------------------------------------------------------------------------------
SlowDC:setup.late    0.015    0.200    0.215    N      N      auto extracted  I0/hist_I/w2_reg[1]/CP
SlowDC:setup.late    0.015    0.200    0.215    N      N      auto extracted  I0/hist_I/w2_reg[3]/CP
SlowDC:setup.late    0.015    0.200    0.215    N      N      auto extracted  I0/hist_I/w2_reg[4]/CP
SlowDC:setup.late    0.015    0.200    0.215    N      N      auto extracted  I0/hist_I/w2_reg[5]/CP
SlowDC:setup.late    0.015    0.200    0.215    N      N      auto extracted  I0/hist_I/w2_reg[7]/CP
SlowDC:setup.late    0.015    0.200    0.215    N      N      auto extracted  I0/hist_I/w2_reg[8]/CP
SlowDC:setup.late    0.015    0.200    0.215    N      N      auto extracted  I0/hist_I/w2_reg[6]/CP
SlowDC:setup.late    0.015    0.200    0.215    N      N      auto extracted  I0/hist_I/w2_reg[2]/CP
SlowDC:setup.late    0.015    0.200    0.215    N      N      auto extracted  I0/hist_I/w2_reg[0]/CP
SlowDC:setup.late    0.015    0.200    0.215    N      N      auto extracted  I0/hist_I/w1_reg[0]/CP
----------------------------------------------------------------------------------------------------

Target sources:
auto extracted - target was extracted from SDC.
auto computed - target was computed when balancing trees.
explicit - target is explicitly set via target_max_trans property.
pin explicit - target is explicitly set for this pin via pin_target_max_trans property.
liberty explicit - target is explicitly set via max_transition from liberty library.

Found 0 pins on nets marked dont_touch that have slew violations.
Found 0 pins on nets marked dont_touch that do not have slew violations.
Found 0 pins on nets marked ideal_network that have slew violations.
Found 0 pins on nets marked ideal_network that do not have slew violations.


Clock Timing Summary:
=====================

Target and measured clock slews (in ns):

-----------------------------------------------------------------------------------------------------------------------------------------------
Clock tree  Timing Corner       Worst Rising  Worst Falling  Worst Rising  Worst Falling  Leaf Slew       Leaf Slew  Trunk Slew      Trunk Slew
                                Leaf Slew     Leaf Slew      Trunk Slew    Trunk Slew     Target Type     Target     Target Type     Target
-----------------------------------------------------------------------------------------------------------------------------------------------
clk         SlowDC:setup.early     0.215          0.193         0.197          0.165      ignored             -      ignored             -
clk         SlowDC:setup.late      0.215          0.193         0.197          0.165      auto extracted  *0.200     auto extracted   0.200
clk         FastDC:hold.early      0.118          0.109         0.115          0.099      ignored             -      ignored             -
clk         FastDC:hold.late       0.118          0.109         0.115          0.099      ignored             -      ignored             -
-----------------------------------------------------------------------------------------------------------------------------------------------

* - indicates that target was not met.

auto extracted - target was extracted from SDC.
auto computed - target was computed when balancing trees.

Total Transition Slacks Summary:
================================

-------------------------------------------------------------------------------------------------
Total       Total Leaf    Total        Total Leaf    Mean        Median      Std.Dev     Worst
Overslew    Overslew      Underslew    Underslew     Overslew    Overslew    Overslew    Overslew
-------------------------------------------------------------------------------------------------
 0.032        0.032        -2.231        -1.561       0.008       0.008       0.007       0.015
-------------------------------------------------------------------------------------------------

Transition times measured in the half-corner SlowDC:setup.late

Top Overslews:

----------------------------------------------------
Driving node                           Overslew (ns)
----------------------------------------------------
I0/hist_I/clk_gate_w2_reg/main_gate        0.015
I0/shift_Q/CTS_ccl_a_buf_00004             0.012
I0/shift_Q/CTS_ccl_a_buf_00003             0.005
clk                                        0.000
----------------------------------------------------

Top Underslews:

-------------------------------------------------------------
Driving node                                   Underslew (ns)
-------------------------------------------------------------
I0/CTS_ccl_a_buf_00001                             -0.153
I0/shift_I/clk_gate_x_reg[0]/main_gate             -0.151
I0/shift_Q/clk_gate_x_reg[0]/main_gate             -0.132
I0/CTS_ccd_buf_00010                               -0.122
I5/I1                                              -0.119
I0/CTS_ccl_a_buf_00009                             -0.111
I0/spi_Q/clk_gate_shreg_reg/main_gate              -0.084
I0/minaj2_Q/clk_gate_m_p_reg/main_gate             -0.078
I0/fir_Q_u/clk_gate_coeffs_reg[1]/main_gate        -0.063
I0/fir_I_u/clk_gate_coeffs_reg[3]/main_gate        -0.062
-------------------------------------------------------------

