
#################################################
ir      layer  location        net NodeID
213.615 metal1 610.3 528       VSS 3161
213.613 metal1 613.5 528       VSS 3117
213.571 metal1 606.9 528       VSS 3118
213.563 metal1 586.6 510       VSS 1758
213.563 metal1 587 510         VSS 1741
213.561 metal1 583.8 510       VSS 1835
213.56  metal1 587.9 510       VSS 1724
213.559 metal1 612.3 520.8     VSS 2557
213.559 metal1 612.1 520.8     VSS 2532
213.555 metal1 588.9 510       VSS 1809
213.548 metal1 583 510         VSS 1783
213.546 metal1 618.1 528       VSS 3159
213.543 metal1 590 528         VSS 3109
213.534 metal1 588 528         VSS 3119
213.532 metal1 590.395 510.363 VSS 1704
213.532 metal1 611.9 531.6     VSS 3382
213.531 metal1 590.395 510.175 VSS 1652
213.531 metal1 587.6 528       VSS 3146
213.53  metal1 590.395 510     VSS 1651
213.527 metal1 610.9 531.6     VSS 3405
213.526 metal1 591.8 528       VSS 3074
213.526 metal1 590.6 510       VSS 1725
213.523 metal1 586.605 527.638 VSS 3198
213.522 metal1 586.605 527.825 VSS 2998
213.521 metal1 586.605 528     VSS 2997
213.518 metal1 581.8 510       VSS 1732
213.517 metal1 586.2 528       VSS 3072
213.511 metal1 593.2 528       VSS 3140
213.509 metal1 585.395 527.638 VSS 3139
213.508 metal1 585.395 527.825 VSS 3000
213.507 metal1 585.395 528     VSS 2999
213.495 metal1 581 510         VSS 1774
213.494 metal1 617.7 520.8     VSS 2554
213.493 metal1 592.2 510       VSS 1796
213.493 metal1 603.9 528       VSS 3162
213.491 metal1 584.2 528       VSS 3120
213.49  metal1 617.3 531.6     VSS 3414
213.477 metal1 587.8 535.2     VSS 3621
213.475 metal1 605.7 520.8     VSS 2604
213.474 metal1 618.1 531.6     VSS 3407
213.472 metal1 586.405 535.562 VSS 3632
213.471 metal1 586.405 535.375 VSS 3565
213.469 metal1 586.405 535.2   VSS 3564
213.464 metal1 582.6 528       VSS 3116
213.463 metal1 563.1 524.4     VSS 2830
213.462 metal1 593.6 510       VSS 1779
213.461 metal1 597.3 528       VSS 3164
213.461 metal1 579.8 510       VSS 1838
213.461 metal1 609.1 517.2     VSS 2251
213.457 metal1 608.8 517.2     VSS 2332
213.457 metal1 593.8 510       VSS 1723
213.454 metal1 590.8 535.2     VSS 3674
213.453 metal1 591.3 502.8     VSS 1360
213.451 metal1 593.2 531.6     VSS 3445
213.45  metal1 591.6 502.8     VSS 1336
213.45  metal1 613.8 517.2     VSS 2244
213.449 metal1 614 517.2       VSS 2240
213.449 metal1 592.405 531.237 VSS 3470
213.449 metal1 593.4 531.6     VSS 3380
213.449 metal1 592.405 531.425 VSS 3288
213.448 metal1 592.405 531.6   VSS 3287
213.445 metal1 560.9 524.4     VSS 2846
213.445 metal1 562.5 528       VSS 3167
213.442 metal1 584 524.4       VSS 2843
213.442 metal1 590.8 531.6     VSS 3365
213.441 metal1 567.5 524.4     VSS 2847
213.439 metal1 583.2 535.2     VSS 3620
213.439 metal1 607.4 517.2     VSS 2271
213.438 metal1 590.2 531.6     VSS 3426
213.437 metal1 581.2 528       VSS 3073
213.437 metal1 587.1 502.8     VSS 1367
213.437 metal1 610.1 524.4     VSS 2815
213.435 metal1 587.8 524.4     VSS 2900
213.435 metal1 616 517.2       VSS 2306
213.433 metal1 581 528         VSS 3069
213.433 metal1 616.2 517.2     VSS 2349
213.432 metal1 611.9 524.4     VSS 2837
213.431 metal1 582.4 535.2     VSS 3644
213.429 metal1 586.6 502.8     VSS 1327
213.428 metal1 560.7 528       VSS 3125
213.426 metal1 567.5 528       VSS 3124
213.424 metal1 617 517.2       VSS 2256
213.424 metal1 562.2 510       VSS 1819
213.423 metal1 590.4 524.4     VSS 2927
213.422 metal1 598.9 528       VSS 3121
213.422 metal1 594.1 535.2     VSS 3643
213.422 metal1 562 510         VSS 1808
213.421 metal1 595.2 510       VSS 1722
213.421 metal1 581.6 535.2     VSS 3635
213.421 metal1 587.8 531.6     VSS 3322
213.421 metal1 563.6 510       VSS 1813
213.416 metal1 595.4 510       VSS 1846
213.416 metal1 582 524.4       VSS 2910
213.415 metal1 617.6 517.2     VSS 2338
213.413 metal1 617.795 516.837 VSS 2280
213.412 metal1 617.795 517.025 VSS 2167
213.412 metal1 581 535.2       VSS 3720
213.412 metal1 565.6 510       VSS 1795
213.412 metal1 617.795 517.2   VSS 2166
213.411 metal1 578.605 510.363 VSS 1748
213.411 metal1 578.605 510.175 VSS 1654
213.41  metal1 578.605 510     VSS 1653
213.407 metal1 607.3 535.2     VSS 3683
213.405 metal1 613.1 502.8     VSS 1369
213.404 metal1 597.1 531.6     VSS 3399
213.402 metal1 586.2 531.6     VSS 3425
213.402 metal1 612.8 510       VSS 1843
213.402 metal1 612.6 510       VSS 1817
213.401 metal1 613.195 510.363 VSS 1711
213.401 metal1 613.195 510.175 VSS 1650
213.4   metal1 613.195 510     VSS 1649
213.4   metal1 586 531.6       VSS 3376
213.398 metal1 592.4 520.8     VSS 2638
213.398 metal1 593.4 520.8     VSS 2599
213.397 metal1 559.6 510       VSS 1840
213.397 metal1 580.7 524.4     VSS 2825
213.396 metal1 590.7 520.8     VSS 2626
213.396 metal1 580 535.2       VSS 3622
213.395 metal1 594.8 520.8     VSS 2482
213.395 metal1 590 520.8       VSS 2588
213.394 metal1 605.9 535.2     VSS 3636
213.394 metal1 609.5 510       VSS 1834
213.392 metal1 621.6 520.8     VSS 2622
213.392 metal1 614.6 510       VSS 1772
213.392 metal1 608.9 538.8     VSS 3920
213.391 metal1 588.6 520.8     VSS 2605
213.389 metal1 610 538.8       VSS 3965
213.389 metal1 615 510         VSS 1812
213.389 metal1 609.9 502.8     VSS 1307
213.388 metal1 623.9 528       VSS 3191
213.387 metal1 608.2 510       VSS 1814
213.387 metal1 587.6 520.8     VSS 2559
213.385 metal1 587.2 520.8     VSS 2598
213.383 metal1 597.5 524.4     VSS 2827
213.383 metal1 579.8 524.4     VSS 2921
213.38  metal1 579.5 535.2     VSS 3733
213.379 metal1 606.8 510       VSS 1825
213.378 metal1 602.5 531.6     VSS 3403
213.376 metal1 596.8 510       VSS 1832
213.376 metal1 606.6 510       VSS 1787
213.376 metal1 577.8 510       VSS 1790
213.375 metal1 571.3 524.4     VSS 2859
213.375 metal1 599.1 520.8     VSS 2517
213.374 metal1 635.3 513.6     VSS 1988
213.373 metal1 558.4 510       VSS 1820
213.373 metal1 613.7 535.2     VSS 3633
213.371 metal1 624.3 528       VSS 3157
213.37  metal1 597 510         VSS 1708
213.37  metal1 637.5 513.6     VSS 2089
213.368 metal1 599.5 520.8     VSS 2546
213.366 metal1 578.8 524.4     VSS 2870
213.364 metal1 591.1 538.8     VSS 3911
213.363 metal1 640.9 531.6     VSS 3427
213.362 metal1 612.6 538.8     VSS 3976
213.362 metal1 600.5 528       VSS 3265
213.362 metal1 606.3 538.8     VSS 3966
213.362 metal1 578 528         VSS 3145
213.36  metal1 562.9 535.2     VSS 3670
213.36  metal1 568.2 510       VSS 1745
213.36  metal1 571.3 528       VSS 3166
213.36  metal1 602.5 517.2     VSS 2326
213.359 metal1 583 531.6       VSS 3356
213.358 metal1 591.9 538.8     VSS 3949
213.358 metal1 613 538.8       VSS 3997
213.357 metal1 561.7 531.6     VSS 3373
213.356 metal1 582.6 520.8     VSS 2556
213.355 metal1 618.9 502.8     VSS 1355
213.354 metal1 589.4 538.8     VSS 3952
213.354 metal1 601.5 524.4     VSS 2856
213.353 metal1 610.8 513.6     VSS 2042
213.351 metal2 600.5 528       VSS 40451
213.351 metal1 619.1 502.8     VSS 1305
213.351 metal1 621 517.2       VSS 2339
213.351 metal1 623 520.8       VSS 2628
213.35  metal1 557.1 528       VSS 3168
213.349 metal1 609 513.6       VSS 2017
213.349 metal1 638 531.6       VSS 3354
213.349 metal1 595.8 502.8     VSS 1352
213.348 metal1 641.9 531.6     VSS 3422
213.348 metal1 614.1 513.6     VSS 2073
213.348 metal1 581.5 520.8     VSS 2591
213.346 metal2 600.615 528     VSS 40453
213.345 metal1 565.3 531.6     VSS 3452
213.345 metal1 581.2 520.8     VSS 2595
213.345 metal1 604.4 510       VSS 1674
213.344 metal1 560.1 535.2     VSS 3658
213.344 metal1 607.7 513.6     VSS 1989
213.344 metal1 637.2 531.6     VSS 3455
213.343 metal1 607.6 513.6     VSS 2077
213.343 metal1 577.595 524.763 VSS 2864
213.342 metal1 614 538.8       VSS 3909
213.342 metal1 577.595 524.575 VSS 2762
213.341 metal1 577.595 524.4   VSS 2761
213.339 metal1 617.2 513.6     VSS 2044
213.339 metal1 636.6 531.6     VSS 3439
213.338 metal1 600.5 520.8     VSS 2741
213.338 metal1 632.1 513.6     VSS 2036
213.337 metal1 614.405 539.163 VSS 3995
213.337 metal1 566 535.2       VSS 3653
213.336 metal1 614.405 538.975 VSS 3831
213.336 metal2 599.695 528     VSS 40452
213.336 metal1 582.3 502.8     VSS 1291
213.335 metal2 601.42 528      VSS 40454
213.335 metal1 614.405 538.8   VSS 3830
213.335 metal1 586.6 538.8     VSS 3901
213.334 metal1 606.4 513.6     VSS 2059
213.333 metal1 590.2 513.6     VSS 2006
213.333 metal1 590.6 513.6     VSS 1998
213.332 metal1 592.8 517.2     VSS 2344
213.332 metal1 588.4 513.6     VSS 2007
213.332 metal1 593 517.2       VSS 2315
213.332 metal1 588.2 513.6     VSS 2013
213.332 metal1 606.2 513.6     VSS 2061
213.332 metal1 590.2 517.2     VSS 2281
213.331 metal1 630.7 528       VSS 3138
213.33  metal3 600.615 528     VSS 57088
213.33  metal1 576.8 528       VSS 3151
213.33  metal2 600.5 520.8     VSS 40443
213.33  metal1 600.5 524.4     VSS 2977
213.328 metal1 636.1 510       VSS 1742
213.328 metal1 620.195 513.237 VSS 1995
213.327 metal3 601.42 528      VSS 57089
213.327 metal3 599.695 528     VSS 57087
213.327 metal1 588.1 517.2     VSS 2322
213.327 metal1 595.2 517.2     VSS 2279
213.326 metal1 586.5 513.6     VSS 2065
213.326 metal2 600.615 520.8   VSS 40445
213.326 metal1 592.8 513.6     VSS 2068
213.326 metal1 620.195 513.425 VSS 1909
213.325 metal1 622.2 517.2     VSS 2242
213.325 metal1 636.7 510       VSS 1707
213.325 metal1 593.1 513.6     VSS 2004
213.324 metal1 580.6 531.6     VSS 3398
213.324 metal2 600.5 524.4     VSS 40447
213.324 metal1 620.195 513.6   VSS 1908
213.324 metal1 620.2 513.6     VSS 2019
213.323 metal1 586.6 517.2     VSS 2204
213.322 metal1 585.2 538.8     VSS 3925
213.321 metal2 600.615 524.4   VSS 40449
213.321 metal1 576.6 510       VSS 1728
213.32  metal1 567.4 535.2     VSS 3664
213.32  metal1 593.9 513.6     VSS 1993
213.319 metal1 580.3 531.6     VSS 3394
213.319 metal2 599.695 520.8   VSS 40444
213.318 metal1 594.2 513.6     VSS 2060
213.318 metal2 601.42 520.8    VSS 40446
213.318 metal1 577.6 535.2     VSS 3623
213.318 metal4 600.615 528     VSS 70834
213.317 metal4 601.42 528      VSS 70835
213.317 metal4 599.695 528     VSS 70833
213.317 metal1 620.995 513.962 VSS 2002
213.316 metal1 629.3 528       VSS 3114
213.316 metal1 638.2 528       VSS 3153
213.316 metal1 620.995 513.775 VSS 1907
213.316 metal1 597.9 517.2     VSS 2353
213.316 metal1 600.5 531.6     VSS 3547
213.316 metal2 599.695 524.4   VSS 40448
213.315 metal2 601.42 524.4    VSS 40450
213.315 metal1 620.995 513.6   VSS 1906
213.314 metal3 600.615 520.8   VSS 57082
213.312 metal3 600.615 524.4   VSS 57085
213.312 metal3 601.42 520.8    VSS 57083
213.312 metal3 599.695 520.8   VSS 57081
213.312 metal1 640.7 538.8     VSS 3900
213.311 metal1 573.5 524.4     VSS 2852
213.311 metal1 599 517.2       VSS 2352
213.311 metal3 601.42 524.4    VSS 57086
213.311 metal3 599.695 524.4   VSS 57084
213.311 metal1 584.405 538.438 VSS 3945
213.311 metal1 595.2 513.6     VSS 2072
213.31  metal1 596.7 538.8     VSS 3921
213.31  metal1 604.3 513.6     VSS 2071
213.31  metal1 584.405 538.625 VSS 3833
213.309 metal1 554.2 524.4     VSS 2853
213.308 metal1 568.395 535.562 VSS 3702
213.308 metal1 584.405 538.8   VSS 3832
213.308 metal1 609.1 506.4     VSS 1571
213.308 metal1 621.6 513.6     VSS 1991
213.308 metal2 600.5 531.6     VSS 40455
213.307 metal1 568.395 535.375 VSS 3569
213.307 metal1 556.3 531.6     VSS 3358
213.307 metal5 600.615 528     VSS 84296
213.307 metal1 579.605 531.237 VSS 3472
213.307 metal5 601.42 528      VSS 84297
213.306 metal1 599.5 535.2     VSS 3631
213.306 metal5 599.695 528     VSS 84295
213.306 metal1 568.395 535.2   VSS 3568
213.306 metal1 579.605 531.425 VSS 3290
213.306 metal4 600.615 524.4   VSS 70831
213.305 metal1 579.605 531.6   VSS 3289
213.305 metal4 601.42 524.4    VSS 70832
213.305 metal1 582.2 513.6     VSS 2045
213.305 metal4 599.695 524.4   VSS 70830
213.305 metal4 600.615 520.8   VSS 70828
213.305 metal1 624.4 520.8     VSS 2649
213.305 metal4 601.42 520.8    VSS 70829
213.305 metal1 641.3 538.8     VSS 3973
213.304 metal4 599.695 520.8   VSS 70827
213.304 metal1 582 513.6       VSS 2081
213.304 metal2 600.615 531.6   VSS 40457
213.303 metal1 576.9 520.8     VSS 2541
213.302 metal1 600.5 517.2     VSS 2420
213.302 metal1 634.5 538.8     VSS 3994
213.301 metal1 621.2 510       VSS 1744
213.301 metal1 582.8 517.2     VSS 2345
213.3   metal1 568.8 535.2     VSS 3641
213.3   metal5 600.615 524.4   VSS 84293
213.299 metal5 601.42 524.4    VSS 84294
213.299 metal5 599.695 524.4   VSS 84292
213.298 metal1 607.1 506.4     VSS 1552
213.298 metal1 555.9 531.6     VSS 3406
213.298 metal1 571.1 510       VSS 1764
213.297 metal2 600.5 517.2     VSS 40439
213.297 metal5 600.615 520.8   VSS 84290
213.297 metal5 601.42 520.8    VSS 84291
213.296 metal5 599.695 520.8   VSS 84289
213.296 metal1 634.1 538.8     VSS 3954
213.296 metal2 599.695 531.6   VSS 40456
213.296 metal1 571.2 510       VSS 1845
213.296 metal2 601.42 531.6    VSS 40458
213.296 metal6 601.42 528      VSS 110852
213.296 metal6 600.615 528     VSS 110851
213.296 metal6 599.695 528     VSS 110850
213.296 metal6 600.5 528       VSS 110395
213.295 metal1 621.6 510       VSS 1803
213.295 metal2 600.615 517.2   VSS 40441
213.294 metal1 597.1 513.6     VSS 2067
213.294 metal1 597.3 502.8     VSS 1287
213.293 metal6 599.695 524.4   VSS 110853
213.293 metal6 601.42 524.4    VSS 110855
213.293 metal6 600.615 524.4   VSS 110854
213.293 metal6 600.5 524.4     VSS 110396
213.293 metal1 581.6 517.2     VSS 2323
213.292 metal3 600.615 531.6   VSS 57091
213.292 metal1 631.3 510       VSS 1811
213.291 metal1 581.4 517.2     VSS 2278
213.29  metal2 599.695 517.2   VSS 40440
213.29  metal2 601.42 517.2    VSS 40442
213.29  metal3 601.42 531.6    VSS 57092
213.29  metal3 599.695 531.6   VSS 57090
213.289 metal1 575.4 528       VSS 3105
213.289 metal1 580.6 513.6     VSS 1996
213.288 metal6 600.5 520.8     VSS 110400
213.288 metal6 600.615 520.8   VSS 110857
213.288 metal6 599.695 520.8   VSS 110856
213.288 metal6 601.42 520.8    VSS 110858
213.288 metal6 599.695 523.42  VSS 110634
213.288 metal6 600.5 523.42    VSS 110397
213.288 metal6 601.42 523.42   VSS 110636
213.288 metal6 600.615 523.42  VSS 110635
213.288 metal3 600.615 517.2   VSS 57079
213.287 metal1 580.5 513.6     VSS 2046
213.287 metal1 555.6 510       VSS 1766
213.287 metal6 601.42 521.695  VSS 110630
213.287 metal6 600.615 521.695 VSS 110629
213.287 metal6 600.5 521.695   VSS 110399
213.287 metal6 599.695 521.695 VSS 110628
213.287 metal6 601.42 522.615  VSS 110633
213.287 metal6 600.5 522.615   VSS 110398
213.287 metal3 601.42 517.2    VSS 57080
213.287 metal6 599.695 522.615 VSS 110631
213.287 metal6 600.615 522.615 VSS 110632
213.286 metal3 599.695 517.2   VSS 57078
213.286 metal7 600.615 521.695 VSS 120424
213.286 metal7 600.615 523.42  VSS 120430
213.286 metal7 600.615 522.5   VSS 120289
213.286 metal7 600.615 522.615 VSS 120427
213.285 metal7 599.695 523.42  VSS 120429
213.285 metal7 599.695 522.5   VSS 120290
213.285 metal7 599.695 521.695 VSS 120423
213.285 metal7 599.695 522.615 VSS 120426
213.285 metal7 601.42 523.42   VSS 120431
213.285 metal7 601.42 522.615  VSS 120428
213.285 metal7 601.42 522.5    VSS 120288
213.285 metal7 601.42 521.695  VSS 120425
213.284 metal1 553.4 524.4     VSS 2838
213.283 metal1 575.2 528       VSS 3065
213.283 metal1 588.3 546       VSS 4494
213.283 metal4 600.615 531.6   VSS 70837
213.283 metal1 573.8 528       VSS 3143
213.282 metal4 600.615 517.2   VSS 70825
213.282 metal4 601.42 531.6    VSS 70838
213.282 metal4 599.695 531.6   VSS 70836
213.282 metal4 601.42 517.2    VSS 70826
213.282 metal4 599.695 517.2   VSS 70824
213.281 metal1 575.9 520.8     VSS 2570
213.28  metal1 644.4 531.6     VSS 3460
213.28  metal1 624.195 517.562 VSS 2351
213.28  metal1 564.2 506.4     VSS 1508
213.279 metal1 624.195 517.375 VSS 2165
213.279 metal1 630.1 531.6     VSS 3416
213.279 metal1 630.6 510       VSS 1801
213.278 metal1 624.195 517.2   VSS 2164
213.277 metal1 564.4 506.4     VSS 1588
213.277 metal5 600.615 517.2   VSS 84287
213.277 metal5 601.42 517.2    VSS 84288
213.277 metal5 599.695 517.2   VSS 84286
213.277 metal1 578.2 531.6     VSS 3364
213.277 metal1 603.9 502.8     VSS 1378
213.275 metal1 632.7 520.8     VSS 2634
213.275 metal1 570.2 535.2     VSS 3659
213.275 metal1 602.7 538.8     VSS 3918
213.274 metal1 632.4 520.8     VSS 2597
213.274 metal5 600.615 531.6   VSS 84299
213.274 metal1 601 510         VSS 1830
213.274 metal5 601.42 531.6    VSS 84300
213.274 metal5 599.695 531.6   VSS 84298
213.274 metal1 598.3 538.8     VSS 3978
213.273 metal1 624.4 517.2     VSS 2307
213.273 metal1 600.5 535.2     VSS 3637
213.273 metal1 631.805 521.163 VSS 2548
213.272 metal1 579.5 517.2     VSS 2288
213.272 metal6 599.695 517.2   VSS 110859
213.272 metal6 600.615 517.2   VSS 110860
213.272 metal6 600.5 517.2     VSS 110401
213.272 metal6 601.42 517.2    VSS 110861
213.272 metal1 631.805 520.975 VSS 2443
213.271 metal1 631.805 520.8   VSS 2442
213.27  metal1 640.6 528       VSS 3172
213.27  metal1 622.7 510       VSS 1713
213.27  metal1 579.2 513.6     VSS 2009
213.269 metal1 632.9 517.2     VSS 2252
213.269 metal1 574.5 524.4     VSS 2978
213.269 metal1 591.1 546       VSS 4410
213.268 metal1 561.6 506.4     VSS 1547
213.267 metal1 582.4 538.8     VSS 3910
213.266 metal6 599.695 531.6   VSS 110847
213.266 metal6 601.42 531.6    VSS 110849
213.266 metal6 600.5 531.6     VSS 110394
213.266 metal6 600.615 531.6   VSS 110848
213.266 metal1 633.8 520.8     VSS 2586
213.265 metal1 644 513.6       VSS 2003
213.264 metal1 555.7 535.2     VSS 3673
213.264 metal1 578.8 517.2     VSS 2346
213.264 metal1 603.5 502.8     VSS 1302
213.263 metal2 600.5 535.2     VSS 40459
213.261 metal1 600.5 513.6     VSS 2144
213.261 metal1 585.7 546       VSS 4434
213.259 metal2 574.5 524.4     VSS 40120
213.259 metal1 574.5 528       VSS 3266
213.258 metal1 571 535.2       VSS 3649
213.258 metal2 600.615 535.2   VSS 40461
213.258 metal1 635.7 517.2     VSS 2266
213.258 metal1 600.5 510       VSS 1887
213.258 metal1 572.8 510       VSS 1844
213.258 metal2 600.5 513.6     VSS 40435
213.257 metal1 578.2 517.2     VSS 2329
213.256 metal2 600.615 513.6   VSS 40437
213.255 metal1 572.9 510       VSS 1768
213.255 metal2 574.615 524.4   VSS 40122
213.254 metal1 566 506.4       VSS 1471
213.253 metal2 599.695 513.6   VSS 40436
213.253 metal2 601.42 513.6    VSS 40438
213.252 metal1 586.2 506.4     VSS 1564
213.252 metal3 600.615 513.6   VSS 57076
213.251 metal1 644.8 513.6     VSS 2088
213.251 metal1 626.5 528       VSS 3264
213.251 metal1 645.4 531.6     VSS 3429
213.251 metal3 601.42 513.6    VSS 57077
213.251 metal3 599.695 513.6   VSS 57075
213.25  metal2 574.5 528       VSS 40124
213.249 metal1 628.405 521.163 VSS 2549
213.249 metal1 644.9 513.6     VSS 1972
213.249 metal2 599.695 535.2   VSS 40460
213.249 metal1 625.3 517.2     VSS 2343
213.249 metal1 628.405 520.975 VSS 2445
213.249 metal2 600.5 510       VSS 40431
213.249 metal1 635.2 520.8     VSS 2637
213.249 metal2 601.42 535.2    VSS 40462
213.248 metal1 558.6 506.4     VSS 1531
213.248 metal1 626 520.8       VSS 2617
213.248 metal4 600.615 513.6   VSS 70822
213.248 metal1 628.405 520.8   VSS 2444
213.248 metal4 601.42 513.6    VSS 70823
213.248 metal4 599.695 513.6   VSS 70821
213.247 metal1 567.2 513.6     VSS 2048
213.247 metal1 588.5 506.4     VSS 1543
213.246 metal2 573.695 524.4   VSS 40121
213.246 metal1 563.8 513.6     VSS 1977
213.246 metal1 571.605 534.837 VSS 3732
213.246 metal2 575.42 524.4    VSS 40123
213.245 metal1 571.605 535.025 VSS 3567
213.245 metal1 577.5 513.6     VSS 2080
213.245 metal2 574.615 528     VSS 40126
213.245 metal1 568.2 513.6     VSS 1980
213.245 metal5 600.615 513.6   VSS 84284
213.245 metal5 601.42 513.6    VSS 84285
213.245 metal5 599.695 513.6   VSS 84283
213.245 metal1 571.605 535.2   VSS 3566
213.244 metal2 600.615 510     VSS 40433
213.244 metal3 600.615 535.2   VSS 57094
213.244 metal1 624.6 513.6     VSS 2000
213.244 metal1 575 510         VSS 1810
213.242 metal1 568.8 513.6     VSS 2049
213.241 metal3 601.42 535.2    VSS 57095
213.241 metal6 599.695 513.6   VSS 110862
213.241 metal6 600.5 513.6     VSS 110402
213.241 metal6 600.615 513.6   VSS 110863
213.241 metal6 601.42 513.6    VSS 110864
213.241 metal3 574.615 524.4   VSS 56834
213.241 metal3 599.695 535.2   VSS 57093
213.241 metal1 627.6 520.8     VSS 2589
213.24  metal1 642 528         VSS 3096
213.24  metal2 626.5 528       VSS 40779
213.239 metal1 587.3 499.2     VSS 1091
213.239 metal3 575.42 524.4    VSS 56835
213.239 metal3 573.695 524.4   VSS 56833
213.238 metal1 591.4 506.4     VSS 1513
213.237 metal1 562.1 513.6     VSS 2070
213.237 metal1 552.2 524.4     VSS 2822
213.236 metal1 562 513.6       VSS 2016
213.236 metal2 573.695 528     VSS 40125
213.236 metal1 638.1 535.2     VSS 3706
213.236 metal2 599.695 510     VSS 40432
213.236 metal2 575.42 528      VSS 40127
213.235 metal2 601.42 510      VSS 40434
213.234 metal2 626.615 528     VSS 40781
213.234 metal1 574.8 510       VSS 1833
213.233 metal1 574.5 520.8     VSS 2742
213.233 metal4 600.615 535.2   VSS 70840
213.233 metal1 626.8 520.8     VSS 2665
213.232 metal1 612.5 499.2     VSS 1161
213.232 metal4 601.42 535.2    VSS 70841
213.232 metal1 619.5 506.4     VSS 1555
213.232 metal4 599.695 535.2   VSS 70839
213.232 metal1 646 531.6       VSS 3367
213.231 metal3 574.615 528     VSS 56837
213.231 metal3 600.615 510     VSS 57073
213.231 metal1 561.7 538.8     VSS 3934
213.231 metal4 574.615 524.4   VSS 70574
213.23  metal1 586.1 499.2     VSS 1168
213.23  metal4 575.42 524.4    VSS 70575
213.23  metal4 573.695 524.4   VSS 70573
213.229 metal1 626.5 520.8     VSS 2740
213.229 metal1 627.6 513.6     VSS 1997
213.229 metal3 575.42 528      VSS 56838
213.228 metal3 601.42 510      VSS 57074
213.228 metal3 573.695 528     VSS 56836
213.228 metal1 624.4 510       VSS 1755
213.228 metal3 599.695 510     VSS 57072
213.228 metal2 574.5 520.8     VSS 40116
213.227 metal1 571.1 513.6     VSS 1982
213.227 metal1 614.9 499.2     VSS 1084
213.226 metal2 574.615 520.8   VSS 40118
213.226 metal1 575.6 535.2     VSS 3691
213.224 metal2 625.695 528     VSS 40780
213.223 metal2 627.42 528      VSS 40782
213.223 metal5 600.615 535.2   VSS 84302
213.223 metal1 571.8 513.6     VSS 2001
213.222 metal5 601.42 535.2    VSS 84303
213.222 metal5 599.695 535.2   VSS 84301
213.222 metal1 628.4 510       VSS 1780
213.222 metal2 626.5 520.8     VSS 40771
213.222 metal1 593.7 546       VSS 4505
213.222 metal2 573.695 520.8   VSS 40117
213.222 metal1 639.3 542.4     VSS 4194
213.222 metal2 575.42 520.8    VSS 40119
213.221 metal1 631.3 524.4     VSS 2835
213.221 metal5 574.615 524.4   VSS 84044
213.221 metal1 627 517.2       VSS 2275
213.221 metal5 575.42 524.4    VSS 84045
213.221 metal1 560.1 538.8     VSS 3931
213.221 metal5 573.695 524.4   VSS 84043
213.22  metal4 600.615 510     VSS 70819
213.22  metal4 574.615 528     VSS 70577
213.22  metal4 601.42 510      VSS 70820
213.22  metal4 599.695 510     VSS 70818
213.22  metal4 575.42 528      VSS 70578
213.219 metal1 594.6 506.4     VSS 1510
213.219 metal3 574.615 520.8   VSS 56831
213.219 metal4 573.695 528     VSS 70576
213.219 metal2 626.615 520.8   VSS 40773
213.219 metal1 559.4 513.6     VSS 2075
213.218 metal3 626.615 528     VSS 57345
213.218 metal3 575.42 520.8    VSS 56832
213.218 metal3 573.695 520.8   VSS 56830
213.217 metal1 626.6 517.2     VSS 2311
213.216 metal1 640.3 542.4     VSS 4215
213.216 metal1 570.6 517.2     VSS 2203
213.215 metal1 626.5 517.2     VSS 2419
213.215 metal3 627.42 528      VSS 57346
213.215 metal3 625.695 528     VSS 57344
213.215 metal1 559 513.6       VSS 2033
213.214 metal1 574.5 510       VSS 1888
213.214 metal4 574.615 520.8   VSS 70571
213.214 metal4 575.42 520.8    VSS 70572
213.214 metal4 573.695 520.8   VSS 70570
213.213 metal1 563.9 520.8     VSS 2592
213.213 metal1 572.205 516.837 VSS 2312
213.213 metal6 600.615 535.2   VSS 110845
213.213 metal6 600.5 535.2     VSS 110393
213.213 metal6 601.42 535.2    VSS 110846
213.213 metal6 599.695 535.2   VSS 110844
213.213 metal1 572.205 517.025 VSS 2169
213.212 metal1 551.6 524.4     VSS 2911
213.212 metal2 625.695 520.8   VSS 40772
213.212 metal1 572.205 517.2   VSS 2168
213.212 metal1 591.7 499.2     VSS 1146
213.212 metal2 627.42 520.8    VSS 40774
213.211 metal1 563.2 520.8     VSS 2560
213.211 metal1 626.2 524.4     VSS 2867
213.211 metal1 589.9 542.4     VSS 4185
213.211 metal6 574.615 524.4   VSS 109890
213.211 metal6 573.695 524.4   VSS 109889
213.211 metal6 575.42 524.4    VSS 109891
213.211 metal6 574.5 524.4     VSS 109432
213.211 metal1 627.6 524.4     VSS 2863
213.211 metal5 600.615 510     VSS 84281
213.211 metal5 601.42 510      VSS 84282
213.211 metal1 564.2 517.2     VSS 2294
213.211 metal1 563 520.8       VSS 2522
213.211 metal5 599.695 510     VSS 84280
213.21  metal1 573.2 513.6     VSS 2037
213.21  metal5 574.615 528     VSS 84047
213.21  metal5 575.42 528      VSS 84048
213.21  metal5 573.695 528     VSS 84046
213.21  metal2 626.5 517.2     VSS 40767
213.209 metal5 574.615 520.8   VSS 84041
213.209 metal5 575.42 520.8    VSS 84042
213.209 metal5 573.695 520.8   VSS 84040
213.209 metal1 563.4 517.2     VSS 2348
213.209 metal1 641.7 535.2     VSS 3666
213.209 metal1 575.2 513.6     VSS 2021
213.209 metal3 626.615 520.8   VSS 57339
213.208 metal1 573.4 513.6     VSS 2010
213.208 metal1 633 535.2       VSS 3601
213.208 metal1 625.2 510       VSS 1839
213.207 metal1 578.6 502.8     VSS 1310
213.207 metal2 626.615 517.2   VSS 40769
213.207 metal6 574.5 523.42    VSS 109433
213.207 metal6 573.695 523.42  VSS 109670
213.207 metal6 574.615 523.42  VSS 109671
213.207 metal6 575.42 523.42   VSS 109672
213.207 metal3 627.42 520.8    VSS 57340
213.207 metal3 625.695 520.8   VSS 57338
213.207 metal7 575.42 523.42   VSS 120440
213.207 metal7 575.42 521.695  VSS 120434
213.207 metal7 575.42 522.615  VSS 120437
213.207 metal7 575.42 522.5    VSS 120291
213.206 metal4 626.615 528     VSS 71065
213.206 metal1 626.5 524.4     VSS 2976
213.205 metal6 575.42 522.615  VSS 109669
213.205 metal6 573.695 522.615 VSS 109667
213.205 metal6 574.5 522.615   VSS 109434
213.205 metal6 574.615 522.615 VSS 109668
213.205 metal1 574.5 517.2     VSS 2421
213.205 metal7 574.615 522.5   VSS 120292
213.205 metal7 574.615 523.42  VSS 120439
213.205 metal7 574.615 522.615 VSS 120436
213.205 metal7 574.615 521.695 VSS 120433
213.205 metal4 627.42 528      VSS 71066
213.205 metal6 574.615 521.695 VSS 109665
213.205 metal6 574.5 521.695   VSS 109435
213.205 metal6 575.42 521.695  VSS 109666
213.205 metal6 573.695 521.695 VSS 109664
213.205 metal4 625.695 528     VSS 71064
213.205 metal6 574.615 520.8   VSS 109893
213.205 metal6 573.695 520.8   VSS 109892
213.205 metal6 575.42 520.8    VSS 109894
213.205 metal6 574.5 520.8     VSS 109436
213.204 metal1 561.8 520.8     VSS 2578
213.204 metal1 562 517.2       VSS 2308
213.203 metal1 565.8 538.8     VSS 3860
213.203 metal2 574.5 517.2     VSS 40112
213.202 metal1 643.6 528       VSS 3083
213.202 metal7 573.695 522.615 VSS 120435
213.202 metal7 573.695 522.5   VSS 120293
213.202 metal7 573.695 521.695 VSS 120432
213.202 metal7 573.695 523.42  VSS 120438
213.202 metal1 584 542.4       VSS 4218
213.202 metal2 626.5 524.4     VSS 40775
213.202 metal2 625.695 517.2   VSS 40768
213.202 metal2 574.615 517.2   VSS 40114
213.201 metal1 582.9 546       VSS 4483
213.201 metal6 600.615 510     VSS 110866
213.201 metal6 601.42 510      VSS 110867
213.201 metal6 599.695 510     VSS 110865
213.201 metal6 600.5 510       VSS 110403
213.201 metal1 561.6 517.2     VSS 2273
213.201 metal2 627.42 517.2    VSS 40770
213.201 metal2 574.5 510       VSS 40104
213.201 metal4 626.615 520.8   VSS 71059
213.2   metal1 626.5 513.6     VSS 2143
213.2   metal6 574.5 528       VSS 109431
213.2   metal6 574.615 528     VSS 109887
213.2   metal6 573.695 528     VSS 109886
213.2   metal6 575.42 528      VSS 109888
213.2   metal2 626.615 524.4   VSS 40777
213.2   metal4 627.42 520.8    VSS 71060
213.2   metal4 625.695 520.8   VSS 71058
213.2   metal1 601.5 506.4     VSS 1576
213.2   metal1 578.4 502.8     VSS 1335
213.2   metal1 538.9 535.2     VSS 3676
213.199 metal2 573.695 517.2   VSS 40113
213.199 metal2 575.42 517.2    VSS 40115
213.199 metal3 626.615 517.2   VSS 57336
213.198 metal3 574.615 517.2   VSS 56828
213.197 metal1 630.4 538.8     VSS 3938
213.197 metal3 575.42 517.2    VSS 56829
213.197 metal3 573.695 517.2   VSS 56827
213.197 metal1 626.5 531.6     VSS 3546
213.197 metal2 625.695 524.4   VSS 40776
213.197 metal3 627.42 517.2    VSS 57337
213.197 metal3 625.695 517.2   VSS 57335
213.197 metal2 627.42 524.4    VSS 40778
213.196 metal1 537.9 535.2     VSS 3730
213.196 metal1 574.5 513.6     VSS 2145
213.195 metal4 574.615 517.2   VSS 70568
213.195 metal3 626.615 524.4   VSS 57342
213.195 metal4 575.42 517.2    VSS 70569
213.195 metal4 573.695 517.2   VSS 70567
213.195 metal1 574.5 531.6     VSS 3548
213.195 metal2 574.615 510     VSS 40106
213.195 metal1 600.5 538.8     VSS 4071
213.194 metal1 608.5 499.2     VSS 1089
213.194 metal3 627.42 524.4    VSS 57343
213.194 metal3 625.695 524.4   VSS 57341
213.194 metal1 631.6 535.2     VSS 3693
213.194 metal5 626.615 528     VSS 84553
213.194 metal5 627.42 528      VSS 84554
213.194 metal5 625.695 528     VSS 84552
213.193 metal2 626.5 513.6     VSS 40763
213.193 metal5 626.615 520.8   VSS 84547
213.193 metal5 627.42 520.8    VSS 84548
213.193 metal5 625.695 520.8   VSS 84546
213.193 metal1 560.4 517.2     VSS 2325
213.193 metal5 574.615 517.2   VSS 84038
213.193 metal5 575.42 517.2    VSS 84039
213.193 metal5 573.695 517.2   VSS 84037
213.192 metal1 579.2 538.8     VSS 3975
213.192 metal4 626.615 517.2   VSS 71056
213.192 metal1 630.2 538.8     VSS 3984
213.192 metal1 573.8 535.2     VSS 3600
213.192 metal4 627.42 517.2    VSS 71057
213.192 metal4 625.695 517.2   VSS 71055
213.191 metal4 626.615 524.4   VSS 71062
213.191 metal2 574.5 513.6     VSS 40108
213.191 metal4 627.42 524.4    VSS 71063
213.191 metal4 625.695 524.4   VSS 71061
213.19  metal6 574.5 517.2     VSS 109437
213.19  metal6 575.42 517.2    VSS 109897
213.19  metal6 574.615 517.2   VSS 109896
213.19  metal6 573.695 517.2   VSS 109895
213.19  metal2 626.615 513.6   VSS 40765
213.19  metal2 574.5 531.6     VSS 40128
213.189 metal2 574.615 513.6   VSS 40110
213.189 metal2 626.5 531.6     VSS 40783
213.188 metal5 626.615 524.4   VSS 84550
213.188 metal5 627.42 524.4    VSS 84551
213.188 metal5 625.695 524.4   VSS 84549
213.187 metal1 556.6 513.6     VSS 1983
213.187 metal1 644 510         VSS 1743
213.187 metal2 574.615 531.6   VSS 40130
213.187 metal1 565.6 502.8     VSS 1345
213.186 metal1 566.4 502.8     VSS 1284
213.186 metal5 626.615 517.2   VSS 84544
213.186 metal5 627.42 517.2    VSS 84545
213.186 metal6 625.695 520.8   VSS 111820
213.186 metal6 627.42 520.8    VSS 111822
213.186 metal6 626.5 520.8     VSS 111364
213.186 metal6 626.615 520.8   VSS 111821
213.186 metal5 625.695 517.2   VSS 84543
213.185 metal2 573.695 513.6   VSS 40109
213.185 metal2 626.615 531.6   VSS 40785
213.185 metal1 556.195 513.962 VSS 2026
213.185 metal2 575.42 513.6    VSS 40111
213.184 metal1 636.1 502.8     VSS 1292
213.184 metal1 617.9 499.2     VSS 1136
213.184 metal1 564.4 502.8     VSS 1308
213.184 metal6 626.5 524.4     VSS 111360
213.184 metal6 625.695 524.4   VSS 111817
213.184 metal6 627.42 524.4    VSS 111819
213.184 metal6 626.615 524.4   VSS 111818
213.184 metal2 600.5 538.8     VSS 40463
213.184 metal1 556.195 513.775 VSS 1911
213.184 metal2 625.695 513.6   VSS 40764
213.183 metal2 627.42 513.6    VSS 40766
213.183 metal2 573.695 510     VSS 40105
213.183 metal1 558.6 520.8     VSS 2526
213.183 metal3 574.615 513.6   VSS 56825
213.183 metal7 625.695 522.615 VSS 120417
213.183 metal7 625.695 522.5   VSS 120287
213.183 metal7 625.695 523.42  VSS 120420
213.183 metal7 625.695 521.695 VSS 120414
213.183 metal1 568 502.8       VSS 1324
213.182 metal6 625.695 528     VSS 111814
213.182 metal6 627.42 528      VSS 111816
213.182 metal6 626.615 528     VSS 111815
213.182 metal6 626.5 528       VSS 111359
213.182 metal2 575.42 510      VSS 40107
213.182 metal6 625.695 521.695 VSS 111592
213.182 metal6 627.42 521.695  VSS 111594
213.182 metal6 626.5 521.695   VSS 111363
213.182 metal6 626.615 521.695 VSS 111593
213.182 metal1 556.195 513.6   VSS 1910
213.182 metal2 573.695 531.6   VSS 40129
213.182 metal3 575.42 513.6    VSS 56826
213.182 metal6 626.615 523.42  VSS 111599
213.182 metal6 626.5 523.42    VSS 111361
213.182 metal6 625.695 523.42  VSS 111598
213.182 metal6 627.42 523.42   VSS 111600
213.182 metal3 573.695 513.6   VSS 56824
213.181 metal2 575.42 531.6    VSS 40131
213.181 metal6 625.695 522.615 VSS 111595
213.181 metal6 626.5 522.615   VSS 111362
213.181 metal6 627.42 522.615  VSS 111597
213.181 metal6 626.615 522.615 VSS 111596
213.181 metal1 559 517.2       VSS 2300
213.18  metal7 626.615 521.695 VSS 120415
213.18  metal7 626.615 523.42  VSS 120421
213.18  metal7 626.615 522.615 VSS 120418
213.18  metal7 626.615 522.5   VSS 120286
213.18  metal6 627.42 517.2    VSS 111825
213.18  metal6 626.615 517.2   VSS 111824
213.18  metal6 625.695 517.2   VSS 111823
213.18  metal6 626.5 517.2     VSS 111365
213.18  metal3 626.615 513.6   VSS 57333
213.18  metal1 626.2 510       VSS 1804
213.18  metal1 632.9 542.4     VSS 4241
213.179 metal1 644.4 510       VSS 1824
213.179 metal1 563.2 502.8     VSS 1337
213.179 metal3 574.615 531.6   VSS 56840
213.179 metal1 558.8 517.2     VSS 2235
213.179 metal2 600.615 538.8   VSS 40465
213.179 metal1 582.2 542.4     VSS 4255
213.178 metal1 626.8 510       VSS 1716
213.178 metal3 627.42 513.6    VSS 57334
213.178 metal4 574.615 513.6   VSS 70565
213.178 metal3 625.695 513.6   VSS 57332
213.178 metal2 625.695 531.6   VSS 40784
213.178 metal4 575.42 513.6    VSS 70566
213.178 metal4 573.695 513.6   VSS 70564
213.177 metal2 627.42 531.6    VSS 40786
213.177 metal3 575.42 531.6    VSS 56841
213.177 metal3 573.695 531.6   VSS 56839
213.177 metal7 627.42 523.42   VSS 120422
213.177 metal7 627.42 522.5    VSS 120285
213.177 metal7 627.42 521.695  VSS 120416
213.177 metal7 627.42 522.615  VSS 120419
213.176 metal3 574.615 510     VSS 56822
213.175 metal1 630 535.2       VSS 3677
213.174 metal1 541 506.4       VSS 1549
213.174 metal3 626.615 531.6   VSS 57348
213.173 metal5 574.615 513.6   VSS 84035
213.173 metal1 542 506.4       VSS 1560
213.173 metal5 575.42 513.6    VSS 84036
213.173 metal5 573.695 513.6   VSS 84034
213.173 metal1 540 506.4       VSS 1529
213.173 metal3 575.42 510      VSS 56823
213.173 metal3 573.695 510     VSS 56821
213.173 metal4 574.615 531.6   VSS 70580
213.173 metal1 574.5 535.2     VSS 3813
213.173 metal1 624.3 502.8     VSS 1366
213.172 metal1 539.8 506.4     VSS 1556
213.172 metal1 644.8 528       VSS 3149
213.172 metal4 575.42 531.6    VSS 70581
213.172 metal4 573.695 531.6   VSS 70579
213.172 metal4 626.615 513.6   VSS 71053
213.172 metal1 557.2 520.8     VSS 2544
213.172 metal1 637.9 502.8     VSS 1282
213.172 metal3 627.42 531.6    VSS 57349
213.172 metal4 627.42 513.6    VSS 71054
213.172 metal3 625.695 531.6   VSS 57347
213.171 metal4 625.695 513.6   VSS 71052
213.171 metal1 555.6 506.4     VSS 1520
213.17  metal1 626.5 510       VSS 1886
213.169 metal1 542.2 506.4     VSS 1528
213.169 metal2 599.695 538.8   VSS 40464
213.169 metal1 561.6 502.8     VSS 1329
213.169 metal6 574.5 513.6     VSS 109438
213.169 metal6 573.695 513.6   VSS 109898
213.169 metal6 574.615 513.6   VSS 109899
213.169 metal6 575.42 513.6    VSS 109900
213.169 metal1 600.5 506.4     VSS 1629
213.169 metal2 601.42 538.8    VSS 40466
213.168 metal1 568.6 538.8     VSS 3895
213.167 metal5 574.615 531.6   VSS 84050
213.167 metal5 575.42 531.6    VSS 84051
213.167 metal5 573.695 531.6   VSS 84049
213.167 metal1 555.3 513.6     VSS 1944
213.166 metal1 538.405 506.038 VSS 1597
213.166 metal1 557.7 517.2     VSS 2302
213.166 metal1 538.405 506.225 VSS 1457
213.165 metal1 625.3 535.2     VSS 3663
213.165 metal1 538.405 506.4   VSS 1456
213.165 metal1 538.4 506.4     VSS 1526
213.165 metal5 626.615 513.6   VSS 84541
213.165 metal4 626.615 531.6   VSS 71068
213.165 metal5 627.42 513.6    VSS 84542
213.165 metal5 625.695 513.6   VSS 84540
213.164 metal1 581.2 542.4     VSS 4175
213.164 metal4 627.42 531.6    VSS 71069
213.164 metal4 625.695 531.6   VSS 71067
213.164 metal3 600.615 538.8   VSS 57097
213.163 metal1 646.7 538.8     VSS 3948
213.163 metal2 600.5 506.4     VSS 40427
213.163 metal1 624.5 502.8     VSS 1380
213.163 metal1 581.1 542.4     VSS 4234
213.162 metal4 574.615 510     VSS 70562
213.162 metal2 574.5 535.2     VSS 40132
213.161 metal6 575.42 531.6    VSS 109885
213.161 metal6 573.695 531.6   VSS 109883
213.161 metal6 574.615 531.6   VSS 109884
213.161 metal6 574.5 531.6     VSS 109430
213.161 metal3 601.42 538.8    VSS 57098
213.161 metal3 599.695 538.8   VSS 57096
213.161 metal4 575.42 510      VSS 70563
213.161 metal2 626.5 510       VSS 40759
213.161 metal4 573.695 510     VSS 70561
213.16  metal2 600.615 506.4   VSS 40429
213.159 metal1 631.9 542.4     VSS 4193
213.158 metal1 550.3 524.4     VSS 2905
213.158 metal6 627.42 513.6    VSS 111828
213.158 metal6 626.5 513.6     VSS 111366
213.158 metal6 625.695 513.6   VSS 111826
213.158 metal6 626.615 513.6   VSS 111827
213.156 metal5 626.615 531.6   VSS 84556
213.156 metal2 574.615 535.2   VSS 40134
213.156 metal5 627.42 531.6    VSS 84557
213.156 metal2 626.615 510     VSS 40761
213.156 metal5 625.695 531.6   VSS 84555
213.156 metal1 646.9 538.8     VSS 3927
213.155 metal2 599.695 506.4   VSS 40428
213.155 metal2 601.42 506.4    VSS 40430
213.154 metal1 570.7 502.8     VSS 1279
213.154 metal1 559.6 502.8     VSS 1317
213.152 metal3 600.615 506.4   VSS 57070
213.152 metal4 600.615 538.8   VSS 70843
213.151 metal4 601.42 538.8    VSS 70844
213.151 metal4 599.695 538.8   VSS 70842
213.151 metal1 645.6 528       VSS 3062
213.151 metal3 601.42 506.4    VSS 57071
213.151 metal3 599.695 506.4   VSS 57069
213.15  metal1 607 542.4       VSS 4163
213.149 metal1 629.9 502.8     VSS 1301
213.148 metal5 574.615 510     VSS 84032
213.148 metal6 626.5 531.6     VSS 111358
213.148 metal6 626.615 531.6   VSS 111812
213.148 metal6 627.42 531.6    VSS 111813
213.148 metal6 625.695 531.6   VSS 111811
213.148 metal5 575.42 510      VSS 84033
213.148 metal2 625.695 510     VSS 40760
213.148 metal5 573.695 510     VSS 84031
213.148 metal1 645.8 510       VSS 1821
213.148 metal2 627.42 510      VSS 40762
213.147 metal2 573.695 535.2   VSS 40133
213.146 metal1 544.3 535.2     VSS 3726
213.146 metal4 600.615 506.4   VSS 70816
213.146 metal2 575.42 535.2    VSS 40135
213.146 metal1 549.995 524.763 VSS 2865
213.146 metal1 556.1 538.8     VSS 3992
213.146 metal4 601.42 506.4    VSS 70817
213.146 metal4 599.695 506.4   VSS 70815
213.145 metal1 549.995 524.575 VSS 2764
213.145 metal1 542 524.4       VSS 2907
213.145 metal1 549.995 524.4   VSS 2763
213.145 metal1 629.7 502.8     VSS 1385
213.144 metal1 535.8 524.4     VSS 2832
213.143 metal3 626.615 510     VSS 57330
213.143 metal1 646 510         VSS 1782
213.143 metal1 555.8 517.2     VSS 2200
213.142 metal1 638.8 524.4     VSS 2839
213.141 metal5 600.615 538.8   VSS 84305
213.141 metal5 601.42 538.8    VSS 84306
213.141 metal3 627.42 510      VSS 57331
213.141 metal5 599.695 538.8   VSS 84304
213.141 metal1 544.4 524.4     VSS 2889
213.141 metal3 574.615 535.2   VSS 56843
213.141 metal3 625.695 510     VSS 57329
213.14  metal5 600.615 506.4   VSS 84278
213.14  metal5 601.42 506.4    VSS 84279
213.14  metal5 599.695 506.4   VSS 84277
213.14  metal1 611.2 542.4     VSS 4155
213.14  metal1 544.8 524.4     VSS 2833
213.138 metal3 575.42 535.2    VSS 56844
213.138 metal3 573.695 535.2   VSS 56842
213.137 metal1 572.8 506.4     VSS 1573
213.135 metal1 648.9 531.6     VSS 3421
213.135 metal6 575.42 510      VSS 109903
213.135 metal6 573.695 510     VSS 109901
213.135 metal6 574.615 510     VSS 109902
213.135 metal6 574.5 510       VSS 109439
213.135 metal1 625.3 538.8     VSS 3861
213.135 metal1 579.6 542.4     VSS 4166
213.135 metal1 604.3 542.4     VSS 4168
213.134 metal1 510.8 528       VSS 3110
213.134 metal6 601.42 506.4    VSS 110870
213.134 metal6 599.695 506.4   VSS 110868
213.134 metal6 600.615 506.4   VSS 110869
213.134 metal6 600.5 506.4     VSS 110404
213.134 metal1 553.2 520.8     VSS 2590
213.134 metal1 575.8 506.4     VSS 1518
213.133 metal1 550.8 510       VSS 1751
213.133 metal1 573 506.4       VSS 1541
213.133 metal1 612.2 542.4     VSS 4251
213.133 metal4 626.615 510     VSS 71050
213.133 metal1 600.5 502.8     VSS 1430
213.133 metal4 627.42 510      VSS 71051
213.132 metal4 625.695 510     VSS 71049
213.132 metal1 544.9 535.2     VSS 3675

#################################################
Range             Total Count Displayed / Scissored Percentage
 > 213.615        1           1 / 0                  0.00%    
186.913 ~ 213.615 89061       89061 / 0             69.53%    
160.211 ~ 186.913 26097       26097 / 0             20.37%    
133.509 ~ 160.211 9869        9869 / 0               7.70%    
106.807 ~ 133.509 2127        2127 / 0               1.66%    
80.1056 ~ 106.807 462         462 / 0                0.36%    
53.4037 ~ 80.1056 236         236 / 0                0.18%    
26.7019 ~ 53.4037 0           0 / 0                  0.00%    
0 ~ 26.7019       239         239 / 0                0.19%    
 < 0              0           0 / 0                  0.00%    
