###############################################################
#  Generated by:      Cadence Innovus 22.15-s091_1
#  OS:                Linux x86_64(Host ID micron4.eng.tau.ac.il)
#  Generated on:      Wed Aug 26 20:54:04 2026
#  Design:            top
#  Command:           checkDesign -all
###############################################################
Design: top

------ Design Summary:
Total Standard Cell Number   (cells) : 150126
Total Block Cell Number      (cells) : 0
Total I/O Pad Cell Number    (cells) : 2644
Total Standard Cell Area     ( um^2) : 384886.80
Total Block Cell Area        ( um^2) : 0.00
Total I/O Pad Cell Area      ( um^2) : 410400.00

------ Design Statistics:

Number of Instances            : 152770
Number of Non-uniquified Insts : 152692
Number of Nets                 : 43504
Average number of Pins per Net : 2.84
Maximum number of Pins in Net  : 90

------ I/O Port summary

Number of Primary I/O Ports    : 36
Number of Input Ports          : 4
Number of Output Ports         : 32
Number of Bidirectional Ports  : 0
Number of Power/Ground Ports   : 0



------------------------------------------------------------
Detail report:


------ I/O Pad/Port Checking


