
#################################################
ir      layer  location        net NodeID
189.139 metal1 221.9 616.2     VDD 9981
189.135 metal1 222.3 616.2     VDD 9966
189.121 metal1 220.8 616.2     VDD 9954
189.11  metal1 223.3 616.2     VDD 9980
189.093 metal1 219.2 616.2     VDD 9952
188.967 metal1 225.6 616.2     VDD 9983
188.962 metal1 244.3 583.8     VDD 7482
188.957 metal1 240.5 583.8     VDD 7470
188.949 metal1 212 616.2       VDD 9747
188.943 metal1 220.7 609       VDD 9405
188.939 metal1 246.1 583.8     VDD 7493
188.932 metal1 238.7 583.8     VDD 7489
188.929 metal1 218.1 609       VDD 9381
188.924 metal1 223.1 609       VDD 9386
188.913 metal1 217.2 609       VDD 9384
188.909 metal1 249.7 573       VDD 6442
188.902 metal1 246.7 598.2     VDD 8501
188.9   metal1 243 598.2       VDD 8504
188.9   metal1 246.995 598.562 VDD 8479
188.899 metal1 246.995 598.375 VDD 8321
188.898 metal1 246.995 598.2   VDD 8320
188.898 metal1 247.5 573       VDD 6454
188.897 metal1 245.2 601.8     VDD 8722
188.896 metal1 245.995 601.438 VDD 8751
188.896 metal1 245.995 601.625 VDD 8564
188.896 metal1 243.2 601.8     VDD 8737
188.895 metal1 245.995 601.8   VDD 8563
188.892 metal1 239.6 598.2     VDD 8463
188.891 metal1 247.2 601.8     VDD 8744
188.889 metal1 241.1 601.8     VDD 8741
188.886 metal1 248 601.8       VDD 8742
188.885 metal1 253.1 573       VDD 6431
188.883 metal1 226.8 616.2     VDD 9951
188.88  metal1 237.1 598.2     VDD 8512
188.88  metal1 215.6 609       VDD 9372
188.872 metal1 219.8 619.8     VDD 10307
188.867 metal1 219.1 619.8     VDD 10283
188.866 metal1 236.3 598.2     VDD 8482
188.866 metal1 243.7 594.6     VDD 8253
188.864 metal1 246.8 594.6     VDD 8233
188.859 metal1 226.1 609       VDD 9409
188.854 metal1 250.1 598.2     VDD 8462
188.85  metal1 220.8 620.153   VDD 10320
188.847 metal1 220.8 619.975   VDD 10070
188.846 metal1 223.3 583.8     VDD 7484
188.845 metal1 240.6 576.6     VDD 6748
188.845 metal1 241.6 576.6     VDD 6778
188.845 metal1 249.8 583.8     VDD 7485
188.843 metal1 220.8 619.8     VDD 10069
188.839 metal1 238.1 576.6     VDD 6765
188.838 metal1 221.5 580.2     VDD 7125
188.837 metal1 238 576.6       VDD 6780
188.834 metal1 244.7 591       VDD 8006
188.833 metal1 220.9 580.2     VDD 7118
188.831 metal1 226.9 583.8     VDD 7466
188.829 metal1 245.9 591       VDD 8004
188.827 metal1 221.2 619.8     VDD 10313
188.825 metal1 251.2 569.4     VDD 6160
188.823 metal1 213.1 609       VDD 9402
188.823 metal1 214.5 619.8     VDD 10330
188.818 metal1 250.2 576.6     VDD 6763
188.817 metal1 250.4 576.6     VDD 6770
188.815 metal1 239.8 594.6     VDD 8231
188.814 metal1 223.3 601.8     VDD 8732
188.812 metal1 226.5 580.2     VDD 7103
188.812 metal1 236.6 576.6     VDD 6746
188.807 metal1 242 573         VDD 6433
188.806 metal1 219.1 601.8     VDD 8763
188.804 metal1 242.7 580.2     VDD 7098
188.803 metal1 243.4 569.4     VDD 6185
188.801 metal1 228.7 583.8     VDD 7453
188.8   metal1 213.5 619.8     VDD 10294
188.799 metal1 252.4 569.4     VDD 6177
188.798 metal1 251.4 583.8     VDD 7492
188.797 metal1 241.6 580.2     VDD 7121
188.793 metal1 217.5 583.8     VDD 7449
188.789 metal1 238.2 594.6     VDD 8250
188.789 metal1 251.7 583.8     VDD 7463
188.787 metal1 250.2 601.8     VDD 8770
188.787 metal1 240.795 573.363 VDD 6432
188.786 metal1 236.5 587.4     VDD 7766
188.786 metal1 240.795 573.175 VDD 6264
188.786 metal1 267 565.8       VDD 5885
188.785 metal1 240.795 573     VDD 6263
188.784 metal1 252.2 576.6     VDD 6747
188.782 metal1 245.9 587.4     VDD 7755
188.779 metal1 268 565.8       VDD 5897
188.779 metal1 248.6 565.8     VDD 5907
188.778 metal1 217.2 601.8     VDD 8747
188.778 metal1 234.3 601.8     VDD 8733
188.777 metal1 248.7 565.8     VDD 5895
188.776 metal1 250.9 594.6     VDD 8236
188.775 metal1 228.5 580.2     VDD 7124
188.774 metal1 240.2 573       VDD 6455
188.774 metal1 221.9 576.6     VDD 6779
188.769 metal1 251.1 594.6     VDD 8224
188.769 metal1 226.9 576.6     VDD 6745
188.768 metal1 225.7 598.2     VDD 8502
188.766 metal1 241.2 569.4     VDD 6151
188.765 metal1 232.3 583.8     VDD 7481
188.765 metal1 216.4 601.8     VDD 8771
188.763 metal1 227.3 576.6     VDD 6777
188.761 metal1 252.54 583.8    VDD 7164
188.758 metal1 240.8 569.4     VDD 6176
188.758 metal1 240.7 605.4     VDD 9088
188.758 metal1 234.1 587.4     VDD 7760
188.756 metal1 270.4 565.8     VDD 5875
188.754 metal1 228.7 601.8     VDD 8762
188.754 metal1 219.5 598.2     VDD 8467
188.753 metal1 252.8 583.8     VDD 7247
188.752 metal1 249.8 580.2     VDD 7131
188.749 metal1 237.1 605.4     VDD 9052
188.748 metal1 267 569.4       VDD 6174
188.747 metal1 250.7 591       VDD 8012
188.747 metal1 250.3 580.2     VDD 7128
188.743 metal1 253.06 583.8    VDD 7163
188.743 metal1 242.2 565.8     VDD 5889
188.743 metal1 240.005 569.763 VDD 6181
188.742 metal1 240.005 569.575 VDD 5991
188.742 metal1 240.005 569.4   VDD 5990
188.741 metal1 261.4 580.2     VDD 7113
188.739 metal1 261.2 580.2     VDD 7101
188.737 metal1 229.5 609       VDD 9360
188.736 metal1 233.1 576.6     VDD 6752
188.736 metal1 263 580.2       VDD 7096
188.734 metal1 233.9 591       VDD 8009
188.733 metal1 251.2 601.8     VDD 8754
188.732 metal1 215.9 580.2     VDD 7127
188.728 metal1 264.2 580.2     VDD 7117
188.727 metal1 238 573         VDD 6426
188.726 metal1 231.3 583.8     VDD 7520
188.726 metal1 252.2 580.2     VDD 7106
188.726 metal1 214.2 601.8     VDD 8768
188.723 metal1 223.7 594.6     VDD 8241
188.723 metal1 231.7 598.2     VDD 8511
188.722 metal1 224.2 594.6     VDD 8249
188.722 metal1 217.5 576.6     VDD 6769
188.722 metal1 232.7 576.6     VDD 6749
188.721 metal1 232.9 580.2     VDD 7104
188.72  metal1 252.6 580.2     VDD 7126
188.72  metal1 217.2 598.2     VDD 8495
188.72  metal1 247.1 562.2     VDD 5626
188.72  metal1 261.2 569.4     VDD 6148
188.718 metal1 247.3 562.2     VDD 5648
188.717 metal1 225.6 594.6     VDD 8269
188.717 metal2 231.3 583.8     VDD 44377
188.716 metal1 268 576.6       VDD 6760
188.715 metal1 245.1 605.4     VDD 9064
188.715 metal1 230.9 598.2     VDD 8499
188.714 metal1 263.795 576.962 VDD 6750
188.713 metal1 240.1 609       VDD 9393
188.712 metal2 231.415 583.8   VDD 44379
188.711 metal1 265.4 576.6     VDD 6759
188.71  metal1 222.6 594.6     VDD 8240
188.709 metal1 263.795 576.775 VDD 6555
188.709 metal1 208.8 616.2     VDD 9962
188.709 metal1 225.1 605.4     VDD 9086
188.707 metal1 266.6 580.2     VDD 7093
188.705 metal1 266.8 580.2     VDD 7114
188.705 metal1 231.3 598.2     VDD 8535
188.705 metal1 211 619.8       VDD 10318
188.704 metal1 263.795 576.6   VDD 6554
188.703 metal2 230.495 583.8   VDD 44378
188.702 metal2 232.22 583.8    VDD 44380
188.702 metal1 272.2 573       VDD 6424
188.701 metal1 223.3 591       VDD 7993
188.701 metal1 228.2 594.6     VDD 8244
188.701 metal1 242.1 609       VDD 9408
188.699 metal1 251.9 587.4     VDD 7771
188.699 metal1 228.4 594.6     VDD 8256
188.699 metal1 253.8 580.2     VDD 7092
188.698 metal3 231.415 583.8   VDD 60561
188.696 metal1 228 591         VDD 8023
188.695 metal3 232.22 583.8    VDD 60562
188.695 metal2 231.3 598.2     VDD 44393
188.695 metal3 230.495 583.8   VDD 60560
188.695 metal1 229.9 605.4     VDD 9101
188.694 metal1 259.4 573       VDD 6423
188.693 metal1 241.9 562.2     VDD 5643
188.691 metal1 231.3 601.8     VDD 8806
188.691 metal2 231.415 598.2   VDD 44395
188.69  metal1 229.4 591       VDD 8010
188.69  metal1 241.7 562.2     VDD 5637
188.689 metal1 230.9 587.4     VDD 7742
188.688 metal1 220.9 569.4     VDD 6189
188.688 metal1 231.3 587.4     VDD 7808
188.687 metal4 231.415 583.8   VDD 74193
188.687 metal1 231.3 580.2     VDD 7159
188.686 metal4 232.22 583.8    VDD 74194
188.686 metal4 230.495 583.8   VDD 74192
188.686 metal1 229.8 594.6     VDD 8084
188.685 metal1 223.6 612.6     VDD 9673
188.685 metal1 230.5 605.4     VDD 9072
188.685 metal1 220.1 569.4     VDD 6170
188.684 metal2 231.3 587.4     VDD 44381
188.684 metal1 237.4 569.4     VDD 5994
188.684 metal1 221.7 573       VDD 6267
188.683 metal1 259.2 580.2     VDD 7108
188.683 metal2 231.3 601.8     VDD 44397
188.683 metal1 226.5 612.6     VDD 9662
188.683 metal1 222.2 612.6     VDD 9661
188.683 metal2 231.415 587.4   VDD 44383
188.682 metal2 230.495 598.2   VDD 44394
188.681 metal2 232.22 598.2    VDD 44396
188.68  metal2 231.415 601.8   VDD 44399
188.679 metal2 230.495 587.4   VDD 44382
188.679 metal2 232.22 587.4    VDD 44384
188.679 metal2 231.3 580.2     VDD 44373
188.678 metal1 231.3 591       VDD 8054
188.677 metal3 231.415 587.4   VDD 60564
188.677 metal1 214.8 598.2     VDD 8464
188.677 metal5 231.415 583.8   VDD 87732
188.677 metal5 232.22 583.8    VDD 87733
188.677 metal3 231.415 598.2   VDD 60573
188.677 metal5 230.495 583.8   VDD 87731
188.676 metal3 232.22 587.4    VDD 60565
188.676 metal3 230.495 587.4   VDD 60563
188.675 metal1 246.9 605.4     VDD 9093
188.675 metal2 231.415 580.2   VDD 44375
188.674 metal2 231.3 591       VDD 44385
188.674 metal3 232.22 598.2    VDD 60574
188.674 metal3 230.495 598.2   VDD 60572
188.673 metal4 231.415 587.4   VDD 74196
188.673 metal4 230.495 587.4   VDD 74195
188.673 metal4 232.22 587.4    VDD 74197
188.673 metal1 219.6 612.6     VDD 9649
188.673 metal2 230.495 601.8   VDD 44398
188.673 metal1 271.2 576.6     VDD 6755
188.672 metal2 232.22 601.8    VDD 44400
188.672 metal2 231.415 591     VDD 44387
188.672 metal1 276.4 565.8     VDD 5901
188.669 metal5 232.22 587.4    VDD 87736
188.669 metal5 231.415 587.4   VDD 87735
188.669 metal5 230.495 587.4   VDD 87734
188.669 metal1 211.9 583.8     VDD 7486
188.669 metal3 231.415 601.8   VDD 60576
188.669 metal2 230.495 591     VDD 44386
188.668 metal2 232.22 591      VDD 44388
188.668 metal2 230.495 580.2   VDD 44374
188.668 metal2 232.22 580.2    VDD 44376
188.667 metal6 230.495 583.8   VDD 118386
188.667 metal6 232.22 583.8    VDD 118388
188.667 metal6 231.3 583.8     VDD 117957
188.667 metal6 231.415 583.8   VDD 118387
188.667 metal3 232.22 601.8    VDD 60577
188.667 metal3 230.495 601.8   VDD 60575
188.667 metal3 231.415 591     VDD 60567
188.666 metal1 258.595 580.562 VDD 7100
188.666 metal1 258.595 580.375 VDD 6869
188.666 metal6 231.415 587.4   VDD 118384
188.666 metal4 231.415 598.2   VDD 74205
188.666 metal6 232.22 587.4    VDD 118385
188.666 metal6 231.3 587.4     VDD 117956
188.666 metal6 230.495 587.4   VDD 118383
188.666 metal3 232.22 591      VDD 60568
188.666 metal3 230.495 591     VDD 60566
188.666 metal1 259.5 569.4     VDD 6153
188.665 metal1 214.2 598.2     VDD 8491
188.665 metal4 232.22 598.2    VDD 74206
188.665 metal1 258.595 580.2   VDD 6868
188.665 metal4 230.495 598.2   VDD 74204
188.665 metal1 231.2 594.6     VDD 8271
188.664 metal3 231.415 580.2   VDD 60558
188.664 metal1 218 612.6       VDD 9664
188.663 metal1 231.3 594.6     VDD 8294
188.662 metal3 232.22 580.2    VDD 60559
188.662 metal4 231.415 591     VDD 74199
188.662 metal3 230.495 580.2   VDD 60557
188.662 metal4 230.495 591     VDD 74198
188.662 metal4 232.22 591      VDD 74200
188.661 metal1 231.3 605.4     VDD 9133
188.66  metal4 231.415 601.8   VDD 74208
188.66  metal4 232.22 601.8    VDD 74209
188.66  metal4 230.495 601.8   VDD 74207
188.658 metal1 227.9 612.6     VDD 9667
188.658 metal5 231.415 591     VDD 87738
188.658 metal5 230.495 591     VDD 87737
188.658 metal5 232.22 591      VDD 87739
188.658 metal2 231.3 594.6     VDD 44389
188.656 metal4 231.415 580.2   VDD 74190
188.656 metal5 231.415 598.2   VDD 87744
188.656 metal1 231.3 576.6     VDD 6804
188.655 metal5 232.22 598.2    VDD 87745
188.655 metal5 230.495 598.2   VDD 87743
188.655 metal4 232.22 580.2    VDD 74191
188.655 metal2 231.415 594.6   VDD 44391
188.655 metal1 229.7 616.2     VDD 9967
188.655 metal4 230.495 580.2   VDD 74189
188.655 metal1 218.6 594.6     VDD 8266
188.654 metal2 231.3 605.4     VDD 44401
188.654 metal6 232.22 591      VDD 118382
188.654 metal6 231.3 591       VDD 117955
188.654 metal6 230.495 591     VDD 118380
188.654 metal6 231.415 591     VDD 118381
188.654 metal1 257.9 573       VDD 6435
188.653 metal1 216.6 612.6     VDD 9674
188.653 metal1 260.4 565.8     VDD 5874
188.653 metal1 252.6 601.8     VDD 8766
188.652 metal1 234.8 573       VDD 6452
188.652 metal1 270.795 580.562 VDD 7086
188.652 metal1 213.6 598.2     VDD 8473
188.652 metal5 231.415 601.8   VDD 87747
188.652 metal5 232.22 601.8    VDD 87748
188.652 metal5 230.495 601.8   VDD 87746
188.652 metal1 270.795 580.375 VDD 6867
188.652 metal1 216.4 612.6     VDD 9629
188.651 metal2 231.415 605.4   VDD 44403
188.651 metal1 270.795 580.2   VDD 6866
188.65  metal2 230.495 594.6   VDD 44390
188.65  metal2 232.22 594.6    VDD 44392
188.649 metal1 271.005 579.837 VDD 7105
188.649 metal1 231.5 609       VDD 9355
188.648 metal1 271.005 580.025 VDD 6865
188.648 metal1 277 565.8       VDD 5908
188.648 metal3 231.415 594.6   VDD 60570
188.648 metal5 231.415 580.2   VDD 87729
188.648 metal1 271.005 580.2   VDD 6864
188.647 metal5 230.495 580.2   VDD 87728
188.647 metal5 232.22 580.2    VDD 87730
188.646 metal3 232.22 594.6    VDD 60571
188.646 metal3 230.495 594.6   VDD 60569
188.646 metal6 230.495 598.2   VDD 118374
188.646 metal6 231.3 598.2     VDD 117950
188.646 metal6 232.22 598.2    VDD 118376
188.646 metal6 231.415 598.2   VDD 118375
188.645 metal2 230.495 605.4   VDD 44402
188.645 metal2 231.3 576.6     VDD 44369
188.645 metal2 232.22 605.4    VDD 44404
188.644 metal6 231.3 601.8     VDD 117949
188.644 metal6 231.415 601.8   VDD 118372
188.644 metal6 230.495 601.8   VDD 118371
188.644 metal6 232.22 601.8    VDD 118373
188.644 metal1 231.3 609       VDD 9440
188.642 metal4 231.415 594.6   VDD 74202
188.642 metal3 231.415 605.4   VDD 60579
188.642 metal4 232.22 594.6    VDD 74203
188.642 metal4 230.495 594.6   VDD 74201
188.641 metal1 226.5 569.4     VDD 6158
188.641 metal1 257.795 579.837 VDD 7090
188.641 metal1 257.795 580.025 VDD 6871
188.64  metal1 273.2 576.6     VDD 6743
188.64  metal3 230.495 605.4   VDD 60578
188.64  metal3 232.22 605.4    VDD 60580
188.64  metal6 231.415 580.2   VDD 118390
188.64  metal6 232.22 580.2    VDD 118391
188.64  metal6 230.495 580.2   VDD 118389
188.64  metal6 231.3 580.2     VDD 117958
188.64  metal1 257.795 580.2   VDD 6870
188.64  metal2 231.415 576.6   VDD 44371
188.637 metal5 232.22 594.6    VDD 87742
188.637 metal5 231.415 594.6   VDD 87741
188.636 metal5 230.495 594.6   VDD 87740
188.634 metal4 231.415 605.4   VDD 74211
188.634 metal4 232.22 605.4    VDD 74212
188.634 metal4 230.495 605.4   VDD 74210
188.634 metal1 209.6 601.8     VDD 8738
188.634 metal1 217.2 594.6     VDD 8252
188.633 metal2 231.3 609       VDD 44405
188.632 metal1 236.8 565.8     VDD 5870
188.632 metal1 272 580.2       VDD 7091
188.631 metal6 232.22 594.6    VDD 118379
188.631 metal6 231.3 594.6     VDD 117953
188.631 metal6 231.415 594.6   VDD 118378
188.631 metal6 230.495 594.6   VDD 118377
188.631 metal6 231.3 594.495   VDD 117954
188.631 metal6 231.415 594.495 VDD 118186
188.631 metal6 230.495 594.495 VDD 118185
188.631 metal6 232.22 594.495  VDD 118187
188.631 metal1 227.9 573       VDD 6436
188.631 metal6 230.495 596.22  VDD 118191
188.631 metal6 232.22 596.22   VDD 118193
188.631 metal6 231.415 596.22  VDD 118192
188.631 metal6 231.3 596.22    VDD 117951
188.63  metal1 257.3 573       VDD 6481
188.63  metal2 230.495 576.6   VDD 44370
188.629 metal2 232.22 576.6    VDD 44372
188.629 metal6 231.3 595.415   VDD 117952
188.629 metal6 232.22 595.415  VDD 118190
188.629 metal6 230.495 595.415 VDD 118188
188.629 metal6 231.415 595.415 VDD 118189
188.628 metal1 254.7 591       VDD 8014
188.628 metal2 231.415 609     VDD 44407
188.628 metal5 231.415 605.4   VDD 87750
188.627 metal5 232.22 605.4    VDD 87751
188.627 metal7 231.415 595.3   VDD 123103
188.627 metal5 230.495 605.4   VDD 87749
188.627 metal7 231.415 594.495 VDD 123322
188.627 metal7 231.415 595.415 VDD 123325
188.627 metal7 231.415 596.22  VDD 123328
188.626 metal1 257.2 580.2     VDD 7111
188.626 metal7 230.495 595.3   VDD 123104
188.626 metal7 230.495 596.22  VDD 123327
188.626 metal7 230.495 595.415 VDD 123324
188.626 metal7 230.495 594.495 VDD 123321
188.625 metal1 252.5 562.2     VDD 5647
188.625 metal7 232.22 594.495  VDD 123323
188.625 metal7 232.22 595.3    VDD 123102
188.625 metal7 232.22 595.415  VDD 123326
188.625 metal7 232.22 596.22   VDD 123329
188.624 metal3 231.415 576.6   VDD 60555
188.624 metal1 207.7 609       VDD 9383
188.623 metal1 257.3 580.2     VDD 7158
188.622 metal1 216.2 605.4     VDD 9096
188.622 metal3 232.22 576.6    VDD 60556
188.621 metal3 230.495 576.6   VDD 60554
188.621 metal6 231.415 605.4   VDD 118369
188.621 metal6 231.3 605.4     VDD 117948
188.621 metal6 230.495 605.4   VDD 118368
188.621 metal6 232.22 605.4    VDD 118370
188.62  metal1 227.5 569.4     VDD 6167
188.619 metal1 209.6 619.8     VDD 10296
188.619 metal1 213.4 612.6     VDD 9631
188.618 metal2 230.495 609     VDD 44406
188.618 metal2 232.22 609      VDD 44408
188.617 metal1 272.8 580.2     VDD 7115
188.616 metal2 257.3 573       VDD 44689
188.615 metal2 257.3 580.2     VDD 44697
188.613 metal1 273 580.2       VDD 7129
188.613 metal3 231.415 609     VDD 60582
188.612 metal1 226.7 619.8     VDD 10328
188.612 metal4 231.415 576.6   VDD 74187
188.612 metal4 232.22 576.6    VDD 74188
188.611 metal4 230.495 576.6   VDD 74186
188.611 metal2 257.415 580.2   VDD 44699
188.61  metal1 257.3 576.6     VDD 6803
188.61  metal3 232.22 609      VDD 60583
188.61  metal3 230.495 609     VDD 60581
188.609 metal2 257.415 573     VDD 44691
188.607 metal1 215.5 569.4     VDD 6187
188.605 metal1 233 573         VDD 6441
188.605 metal1 256.8 583.8     VDD 7474
188.604 metal2 256.495 580.2   VDD 44698
188.604 metal2 257.3 576.6     VDD 44693
188.603 metal2 258.22 580.2    VDD 44700
188.603 metal1 234.6 569.4     VDD 6173
188.603 metal1 254.9 598.2     VDD 8513
188.603 metal1 208.2 601.8     VDD 8730
188.602 metal1 207.4 616.2     VDD 9985
188.601 metal5 231.415 576.6   VDD 87726
188.601 metal5 232.22 576.6    VDD 87727
188.601 metal1 212 612.6       VDD 9676
188.601 metal1 275.9 573       VDD 6447
188.601 metal5 230.495 576.6   VDD 87725
188.601 metal4 231.415 609     VDD 74214
188.6   metal2 257.415 576.6   VDD 44695
188.6   metal4 232.22 609      VDD 74215
188.6   metal4 230.495 609     VDD 74213
188.599 metal3 257.415 580.2   VDD 60801
188.597 metal1 266.8 562.2     VDD 5650
188.597 metal3 258.22 580.2    VDD 60802
188.597 metal3 256.495 580.2   VDD 60800
188.596 metal2 256.495 573     VDD 44690
188.595 metal1 236.9 612.6     VDD 9659
188.595 metal2 258.22 573      VDD 44692
188.594 metal2 256.495 576.6   VDD 44694
188.593 metal2 258.22 576.6    VDD 44696
188.593 metal1 211.5 612.6     VDD 9652
188.59  metal6 232.22 576.6    VDD 118394
188.59  metal6 231.415 576.6   VDD 118393
188.59  metal6 230.495 576.6   VDD 118392
188.59  metal6 231.3 576.6     VDD 117959
188.59  metal4 257.415 580.2   VDD 74433
188.59  metal3 257.415 576.6   VDD 60798
188.59  metal1 238.3 612.6     VDD 9627
188.59  metal4 258.22 580.2    VDD 74434
188.59  metal5 231.415 609     VDD 87753
188.589 metal4 256.495 580.2   VDD 74432
188.589 metal5 232.22 609      VDD 87754
188.589 metal5 230.495 609     VDD 87752
188.588 metal3 257.415 573     VDD 60795
188.588 metal3 256.495 576.6   VDD 60797
188.588 metal3 258.22 576.6    VDD 60799
188.588 metal1 248.1 609       VDD 9400
188.586 metal1 257.3 583.8     VDD 7519
188.585 metal1 256 587.4       VDD 7781
188.585 metal1 234 569.4       VDD 6188
188.584 metal3 258.22 573      VDD 60796
188.584 metal3 256.495 573     VDD 60794
188.584 metal1 206.9 609       VDD 9359
188.583 metal1 258.4 583.8     VDD 7479
188.582 metal1 211.9 576.6     VDD 6776
188.582 metal4 257.415 576.6   VDD 74430
188.582 metal4 258.22 576.6    VDD 74431
188.582 metal4 256.495 576.6   VDD 74429
188.582 metal5 257.415 580.2   VDD 87972
188.581 metal5 256.495 580.2   VDD 87971
188.581 metal5 258.22 580.2    VDD 87973
188.581 metal2 257.3 583.8     VDD 44701
188.579 metal6 231.415 609     VDD 118366
188.579 metal6 230.495 609     VDD 118365
188.579 metal6 231.3 609       VDD 117947
188.579 metal6 232.22 609      VDD 118367
188.578 metal2 257.415 583.8   VDD 44703
188.576 metal1 260.2 583.8     VDD 7461
188.575 metal5 257.415 576.6   VDD 87969
188.575 metal5 258.22 576.6    VDD 87970
188.575 metal5 256.495 576.6   VDD 87968
188.575 metal1 238.1 616.2     VDD 9976
188.574 metal1 215.1 573       VDD 6439
188.574 metal2 256.495 583.8   VDD 44702
188.573 metal2 258.22 583.8    VDD 44704
188.573 metal6 257.3 580.2     VDD 118922
188.573 metal6 258.22 580.2    VDD 119355
188.573 metal6 256.495 580.2   VDD 119353
188.573 metal6 257.415 580.2   VDD 119354
188.573 metal1 235.2 565.8     VDD 5872
188.572 metal4 257.415 573     VDD 74427
188.572 metal1 275 580.2       VDD 7094
188.571 metal4 258.22 573      VDD 74428
188.571 metal3 257.415 583.8   VDD 60804
188.571 metal4 256.495 573     VDD 74426
188.57  metal3 258.22 583.8    VDD 60805
188.57  metal3 256.495 583.8   VDD 60803
188.568 metal6 257.415 576.6   VDD 119357
188.568 metal6 258.22 576.6    VDD 119358
188.568 metal6 257.3 576.6     VDD 118923
188.568 metal6 256.495 576.6   VDD 119356
188.568 metal1 233.5 569.4     VDD 6175
188.567 metal1 257.3 569.4     VDD 6212
188.566 metal1 214.1 569.4     VDD 6179
188.566 metal1 237.4 562.2     VDD 5653
188.566 metal1 201.1 601.8     VDD 8723
188.565 metal4 257.415 583.8   VDD 74436
188.565 metal4 256.495 583.8   VDD 74435
188.565 metal4 258.22 583.8    VDD 74437
188.563 metal1 201.9 601.8     VDD 8761
188.562 metal1 262.3 583.8     VDD 7464
188.561 metal1 206.5 601.8     VDD 8724
188.56  metal5 257.415 583.8   VDD 87975
188.56  metal5 258.22 583.8    VDD 87976
188.56  metal5 256.495 583.8   VDD 87974
188.557 metal5 257.415 573     VDD 87966
188.557 metal1 234.8 565.8     VDD 5899
188.557 metal1 254.2 601.8     VDD 8746
188.557 metal5 258.22 573      VDD 87967
188.557 metal5 256.495 573     VDD 87965
188.556 metal1 262.9 562.2     VDD 5652
188.556 metal1 256.4 591       VDD 8030
188.555 metal1 231.3 573       VDD 6482
188.555 metal1 233.9 616.2     VDD 9979
188.555 metal6 257.415 583.8   VDD 119351
188.555 metal6 258.22 583.8    VDD 119352
188.555 metal6 257.3 583.8     VDD 118921
188.555 metal6 256.495 583.8   VDD 119350
188.553 metal2 257.3 569.4     VDD 44685
188.552 metal1 205.8 602.153   VDD 8780
188.548 metal2 231.3 573       VDD 44365
188.547 metal2 257.415 569.4   VDD 44687
188.547 metal1 264 583.8       VDD 7477
188.547 metal1 209.8 605.4     VDD 9059
188.545 metal1 257.3 587.4     VDD 7807
188.545 metal1 205.8 601.975   VDD 8566
188.544 metal1 264.2 583.8     VDD 7462
188.544 metal1 257.8 587.4     VDD 7756
188.544 metal2 231.415 573     VDD 44367
188.543 metal1 231.3 612.6     VDD 9700
188.543 metal6 257.3 573       VDD 118924
188.543 metal6 256.495 573     VDD 119359
188.543 metal6 258.22 573      VDD 119361
188.543 metal6 257.415 573     VDD 119360
188.542 metal2 257.3 587.4     VDD 44705
188.541 metal1 258.995 587.038 VDD 7768
188.54  metal1 258.995 587.225 VDD 7573
188.54  metal1 276.8 569.4     VDD 6180
188.54  metal2 257.415 587.4   VDD 44707
188.539 metal1 242.5 616.2     VDD 9970
188.539 metal1 258.995 587.4   VDD 7572
188.538 metal1 209.2 605.4     VDD 9085
188.537 metal2 230.495 573     VDD 44366
188.537 metal2 232.22 573      VDD 44368
188.537 metal2 231.3 612.6     VDD 44409
188.536 metal2 256.495 587.4   VDD 44706
188.536 metal2 258.22 587.4    VDD 44708
188.535 metal1 205.8 601.8     VDD 8565
188.535 metal2 256.495 569.4   VDD 44686
188.534 metal2 258.22 569.4    VDD 44688
188.534 metal3 257.415 587.4   VDD 60807
188.534 metal2 231.415 612.6   VDD 44411
188.533 metal3 231.415 573     VDD 60552
188.533 metal1 260.195 587.763 VDD 7757
188.533 metal1 228.4 620.153   VDD 10316
188.533 metal3 258.22 587.4    VDD 60808
188.533 metal3 256.495 587.4   VDD 60806
188.533 metal1 260.195 587.575 VDD 7571
188.532 metal1 260.195 587.4   VDD 7570
188.532 metal3 232.22 573      VDD 60553
188.531 metal3 230.495 573     VDD 60551
188.529 metal1 228.4 619.975   VDD 10068
188.529 metal4 257.415 587.4   VDD 74439
188.529 metal4 256.495 587.4   VDD 74438
188.529 metal4 258.22 587.4    VDD 74440
188.529 metal1 232.4 569.4     VDD 6156
188.529 metal1 260.6 587.4     VDD 7772
188.528 metal2 230.495 612.6   VDD 44410
188.528 metal3 257.415 569.4   VDD 60792
188.528 metal1 261.1 594.6     VDD 8225
188.528 metal2 232.22 612.6    VDD 44412
188.526 metal1 265.1 594.6     VDD 8234
188.525 metal4 231.415 573     VDD 74184
188.525 metal5 258.22 587.4    VDD 87979
188.525 metal5 257.415 587.4   VDD 87978
188.525 metal5 256.495 587.4   VDD 87977
188.525 metal1 208.4 605.4     VDD 9081
188.525 metal3 231.415 612.6   VDD 60585
188.525 metal4 232.22 573      VDD 74185
188.524 metal4 230.495 573     VDD 74183
188.524 metal1 228.4 619.8     VDD 10067
188.524 metal3 258.22 569.4    VDD 60793
188.524 metal3 256.495 569.4   VDD 60791
188.524 metal1 265.8 583.8     VDD 7480
188.523 metal3 232.22 612.6    VDD 60586
188.523 metal3 230.495 612.6   VDD 60584
188.521 metal6 258.22 587.4    VDD 119349
188.521 metal6 257.415 587.4   VDD 119348
188.521 metal6 257.3 587.4     VDD 118920
188.521 metal6 256.495 587.4   VDD 119347
188.52  metal1 261.4 587.4     VDD 7770
188.519 metal1 250.3 609       VDD 9413
188.518 metal4 231.415 612.6   VDD 74217
188.517 metal4 232.22 612.6    VDD 74218
188.517 metal4 230.495 612.6   VDD 74216
188.517 metal5 231.415 573     VDD 87723
188.517 metal5 232.22 573      VDD 87724
188.517 metal5 230.495 573     VDD 87722
188.516 metal1 208 619.8       VDD 10303
188.513 metal4 257.415 569.4   VDD 74424
188.513 metal1 257.3 591       VDD 8053
188.512 metal4 258.22 569.4    VDD 74425
188.512 metal4 256.495 569.4   VDD 74423
188.511 metal5 231.415 612.6   VDD 87756
188.511 metal5 232.22 612.6    VDD 87757
188.511 metal5 230.495 612.6   VDD 87755
188.511 metal1 207.6 605.4     VDD 9094
188.51  metal6 232.22 573      VDD 118397
188.51  metal6 231.3 573       VDD 117960
188.51  metal6 231.415 573     VDD 118396
188.51  metal6 230.495 573     VDD 118395
188.509 metal1 223.1 565.8     VDD 5892
188.509 metal1 231.3 616.2     VDD 10017
188.508 metal1 257.3 565.8     VDD 5931
188.508 metal1 205.3 601.8     VDD 8807
188.507 metal1 233.6 565.8     VDD 5902
188.507 metal2 257.3 591       VDD 44709
188.505 metal1 262.795 587.038 VDD 7769
188.505 metal6 232.22 612.6    VDD 118364
188.505 metal6 230.495 612.6   VDD 118362
188.505 metal6 231.3 612.6     VDD 117946
188.505 metal6 231.415 612.6   VDD 118363
188.505 metal1 258.8 591       VDD 7983
188.504 metal1 262.795 587.225 VDD 7569
188.504 metal2 257.415 591     VDD 44711
188.504 metal1 262.795 587.4   VDD 7568
188.503 metal1 195.1 601.8     VDD 8777
188.503 metal1 266.7 594.6     VDD 8246
188.503 metal1 220.2 565.8     VDD 5896
188.502 metal1 233.5 565.8     VDD 5869
188.499 metal1 235.795 561.837 VDD 5624
188.499 metal5 257.415 569.4   VDD 87963
188.499 metal5 258.22 569.4    VDD 87964
188.499 metal5 256.495 569.4   VDD 87962
188.499 metal1 194.9 601.8     VDD 8759
188.498 metal2 256.495 591     VDD 44710
188.498 metal1 231 569.4       VDD 6186
188.498 metal1 235.795 562.025 VDD 5465
188.498 metal2 205.3 601.8     VDD 44073
188.498 metal2 258.22 591      VDD 44712
188.497 metal2 257.3 565.8     VDD 44681
188.496 metal1 235.795 562.2   VDD 5464
188.495 metal3 257.415 591     VDD 60810
188.494 metal1 203.4 616.2     VDD 9988
188.493 metal1 252 605.4       VDD 9074
188.493 metal3 258.22 591      VDD 60811
188.493 metal3 256.495 591     VDD 60809
188.493 metal2 231.3 616.2     VDD 44413
188.493 metal2 205.415 601.8   VDD 44075
188.492 metal2 257.415 565.8   VDD 44683
188.491 metal6 256.495 570.22  VDD 119164
188.491 metal6 258.22 570.22   VDD 119166
188.491 metal6 257.415 570.22  VDD 119165
188.491 metal6 257.3 570.22    VDD 118925
188.49  metal1 200.8 616.2     VDD 9746
188.49  metal1 257.1 594.6     VDD 8220
188.488 metal4 257.415 591     VDD 74442
188.488 metal1 261 591         VDD 7986
188.488 metal1 207.8 583.8     VDD 7450
188.488 metal4 258.22 591      VDD 74443
188.488 metal4 256.495 591     VDD 74441
188.487 metal1 231.3 569.4     VDD 6213
188.486 metal6 256.495 569.4   VDD 119362
188.486 metal1 268 583.8       VDD 7467
188.486 metal6 257.3 569.4     VDD 118927
188.486 metal6 257.415 569.4   VDD 119363
188.486 metal6 258.22 569.4    VDD 119364
188.486 metal6 256.495 569.415 VDD 119161
188.486 metal6 257.415 569.415 VDD 119162
188.486 metal6 258.22 569.415  VDD 119163
188.486 metal2 231.415 616.2   VDD 44415
188.486 metal6 257.3 569.415   VDD 118926
188.484 metal2 204.495 601.8   VDD 44074
188.483 metal2 206.22 601.8    VDD 44076
188.483 metal1 205.3 609       VDD 9441
188.483 metal1 207.46 620.153  VDD 10300
188.482 metal7 256.495 569.3   VDD 122777
188.482 metal5 257.415 591     VDD 87981
188.482 metal7 256.495 568.495 VDD 122988
188.482 metal7 256.495 569.415 VDD 122991
188.482 metal7 256.495 570.22  VDD 122994
188.482 metal5 256.495 591     VDD 87980
188.482 metal5 258.22 591      VDD 87982
188.481 metal7 257.415 569.3   VDD 122776
188.481 metal1 207.46 619.975  VDD 10072
188.481 metal7 257.415 570.22  VDD 122995
188.481 metal7 257.415 569.415 VDD 122992
188.481 metal7 257.415 568.495 VDD 122989
188.481 metal2 256.495 565.8   VDD 44682
188.481 metal2 258.22 565.8    VDD 44684
188.48  metal1 207.46 619.8    VDD 10071
188.479 metal3 205.415 601.8   VDD 60333
188.478 metal1 217.7 565.8     VDD 5894
188.478 metal1 257.3 594.6     VDD 8293
188.478 metal7 258.22 568.495  VDD 122990
188.478 metal6 257.415 568.495 VDD 119159
188.478 metal7 258.22 570.22   VDD 122996
188.478 metal6 256.495 568.495 VDD 119158
188.478 metal7 258.22 569.415  VDD 122993
188.478 metal7 258.22 569.3    VDD 122775
188.478 metal6 258.22 568.495  VDD 119160
188.478 metal6 257.3 568.495   VDD 118928
188.477 metal1 202.1 609       VDD 9387
188.476 metal2 231.3 569.4     VDD 44361
188.476 metal3 206.22 601.8    VDD 60334
188.476 metal3 204.495 601.8   VDD 60332
188.476 metal6 257.415 591     VDD 119345
188.476 metal6 256.495 591     VDD 119344
188.476 metal6 257.3 591       VDD 118919
188.476 metal6 258.22 591      VDD 119346
188.476 metal3 257.415 565.8   VDD 60789
188.475 metal1 205.8 605.4     VDD 9053
188.475 metal1 199.4 616.2     VDD 9963
188.474 metal2 205.3 609       VDD 44081
188.473 metal1 265 587.4       VDD 7751
188.473 metal3 258.22 565.8    VDD 60790
188.473 metal3 256.495 565.8   VDD 60788
188.472 metal1 206.9 591       VDD 8026
188.472 metal2 230.495 616.2   VDD 44414
188.471 metal2 231.415 569.4   VDD 44363
188.471 metal2 232.22 616.2    VDD 44416
188.47  metal2 205.415 609     VDD 44083
188.468 metal1 206.8 591       VDD 7989
188.468 metal2 257.3 594.6     VDD 44713
188.467 metal4 205.415 601.8   VDD 73965
188.467 metal4 206.22 601.8    VDD 73966
188.466 metal4 204.495 601.8   VDD 73964
188.466 metal1 211.5 573       VDD 6446
188.465 metal1 260.5 598.2     VDD 8496
188.465 metal1 200.5 605.4     VDD 9083
188.463 metal3 231.415 616.2   VDD 60588
188.463 metal1 205.3 605.4     VDD 9134
188.463 metal4 257.415 565.8   VDD 74421
188.463 metal2 257.415 594.6   VDD 44715
188.462 metal4 258.22 565.8    VDD 74422
188.462 metal2 204.495 609     VDD 44082
188.462 metal4 256.495 565.8   VDD 74420
188.462 metal2 206.22 609      VDD 44084
188.461 metal2 230.495 569.4   VDD 44362
188.461 metal2 232.22 569.4    VDD 44364
188.46  metal2 205.3 605.4     VDD 44077
188.459 metal3 232.22 616.2    VDD 60589
188.459 metal3 230.495 616.2   VDD 60587
188.458 metal2 205.415 605.4   VDD 44079
188.458 metal3 205.415 609     VDD 60339
188.457 metal1 255.8 601.8     VDD 8772
188.457 metal1 232.5 565.8     VDD 5868
188.457 metal1 206.6 594.6     VDD 8247
188.457 metal5 205.415 601.8   VDD 87504
188.457 metal5 206.22 601.8    VDD 87505
188.457 metal5 204.495 601.8   VDD 87503
188.456 metal3 231.415 569.4   VDD 60549
188.455 metal2 204.495 605.4   VDD 44078
188.455 metal3 206.22 609      VDD 60340
188.455 metal3 204.495 609     VDD 60338
188.455 metal2 206.22 605.4    VDD 44080
188.455 metal1 227.94 565.8    VDD 5687
188.454 metal1 201.1 598.2     VDD 8486
188.454 metal3 205.415 605.4   VDD 60336
188.453 metal1 205.4 598.2     VDD 8469
188.453 metal1 257 562.2       VDD 5644
188.453 metal2 256.495 594.6   VDD 44714
188.453 metal3 232.22 569.4    VDD 60550
188.453 metal1 264.2 591       VDD 8003
188.453 metal3 230.495 569.4   VDD 60548
188.453 metal2 258.22 594.6    VDD 44716
188.453 metal3 204.495 605.4   VDD 60335
188.453 metal3 206.22 605.4    VDD 60337
188.452 metal1 228.2 565.8     VDD 5720
188.451 metal5 257.415 565.8   VDD 87960
188.451 metal5 258.22 565.8    VDD 87961
188.451 metal5 256.495 565.8   VDD 87959
188.45  metal1 205.3 598.2     VDD 8536
188.45  metal4 205.415 605.4   VDD 73968
188.45  metal4 204.495 605.4   VDD 73967
188.45  metal4 206.22 605.4    VDD 73969
188.449 metal1 266.5 587.4     VDD 7780
188.448 metal3 257.415 594.6   VDD 60813
188.448 metal4 205.415 609     VDD 73971
188.448 metal1 279.4 576.6     VDD 6756
188.447 metal1 257.3 598.2     VDD 8534
188.447 metal4 206.22 609      VDD 73972
188.447 metal4 204.495 609     VDD 73970
188.447 metal6 205.415 601.8   VDD 117408
188.447 metal6 205.3 601.8     VDD 116985
188.447 metal6 206.22 601.8    VDD 117409
188.447 metal6 204.495 601.8   VDD 117407
188.446 metal1 206.9 583.8     VDD 7496
188.446 metal5 205.415 605.4   VDD 87507
188.446 metal5 206.22 605.4    VDD 87508
188.446 metal1 205 616.2       VDD 9960
188.446 metal5 204.495 605.4   VDD 87506
188.446 metal4 231.415 616.2   VDD 74220
188.445 metal2 205.3 598.2     VDD 44069
188.445 metal3 258.22 594.6    VDD 60814
188.445 metal3 256.495 594.6   VDD 60812
188.445 metal4 232.22 616.2    VDD 74221
188.444 metal1 276.8 562.2     VDD 5634
188.444 metal4 230.495 616.2   VDD 74219
188.444 metal4 231.415 569.4   VDD 74181
188.443 metal2 205.415 598.2   VDD 44071
188.443 metal4 232.22 569.4    VDD 74182
188.443 metal6 206.22 605.4    VDD 117406
188.443 metal6 205.415 605.4   VDD 117405
188.443 metal6 204.495 605.4   VDD 117404
188.443 metal6 205.3 605.4     VDD 116984
188.443 metal4 230.495 569.4   VDD 74180
188.441 metal1 278.8 580.2     VDD 7107
188.441 metal1 202.1 594.6     VDD 8254
188.44  metal6 257.415 565.8   VDD 119366
188.44  metal6 258.22 565.8    VDD 119367
188.44  metal6 256.495 565.8   VDD 119365
188.44  metal6 257.3 565.8     VDD 118929
188.439 metal1 202.6 594.6     VDD 8259
188.439 metal2 204.495 598.2   VDD 44070
188.438 metal5 205.415 609     VDD 87510
188.438 metal2 206.22 598.2    VDD 44072
188.438 metal5 206.22 609      VDD 87511
188.438 metal5 204.495 609     VDD 87509
188.437 metal2 257.3 598.2     VDD 44717
188.437 metal1 205.3 616.2     VDD 10018
188.436 metal4 257.415 594.6   VDD 74445
188.436 metal3 205.415 598.2   VDD 60330
188.436 metal1 247.5 612.6     VDD 9655
188.435 metal4 258.22 594.6    VDD 74446
188.435 metal4 256.495 594.6   VDD 74444
188.435 metal1 196.5 616.2     VDD 9989
188.435 metal3 204.495 598.2   VDD 60329
188.435 metal3 206.22 598.2    VDD 60331
188.434 metal1 257.3 562.2     VDD 5680
188.433 metal1 253.6 605.4     VDD 9103
188.433 metal1 265.6 591       VDD 8025
188.432 metal5 231.415 569.4   VDD 87720
188.432 metal1 204 594.6       VDD 8267
188.432 metal5 232.22 569.4    VDD 87721
188.432 metal5 230.495 569.4   VDD 87719
188.432 metal2 257.415 598.2   VDD 44719
188.431 metal6 232.22 570.22   VDD 118202
188.431 metal6 231.3 570.22    VDD 117961
188.431 metal6 230.495 570.22  VDD 118200
188.431 metal6 231.415 570.22  VDD 118201
188.431 metal4 205.415 598.2   VDD 73962
188.43  metal4 206.22 598.2    VDD 73963
188.43  metal4 204.495 598.2   VDD 73961
188.429 metal6 205.3 609       VDD 116983
188.429 metal5 231.415 616.2   VDD 87759
188.429 metal6 205.415 609     VDD 117402
188.429 metal6 206.22 609      VDD 117403
188.429 metal6 204.495 609     VDD 117401
188.429 metal1 267.6 587.4     VDD 7778
188.429 metal5 232.22 616.2    VDD 87760
188.429 metal5 230.495 616.2   VDD 87758
188.426 metal5 206.22 598.2    VDD 87502
188.426 metal5 205.415 598.2   VDD 87501
188.426 metal5 204.495 598.2   VDD 87500
188.425 metal5 257.415 594.6   VDD 87984
188.425 metal5 258.22 594.6    VDD 87985
188.425 metal5 256.495 594.6   VDD 87983
188.424 metal1 205.3 594.6     VDD 8295
188.423 metal1 234.2 562.2     VDD 5649
188.423 metal2 256.495 598.2   VDD 44718
188.422 metal2 258.22 598.2    VDD 44720
188.422 metal6 231.3 569.415   VDD 117962
188.422 metal6 230.495 569.415 VDD 118197
188.422 metal6 232.22 569.415  VDD 118199
188.422 metal6 231.415 569.415 VDD 118198
188.421 metal6 230.495 569.4   VDD 118398
188.421 metal6 232.22 569.4    VDD 118400
188.421 metal6 231.415 569.4   VDD 118399
188.421 metal6 231.3 569.4     VDD 117963
188.421 metal1 268 587.4       VDD 7744
188.421 metal2 257.3 562.2     VDD 44677
188.421 metal6 205.3 598.2     VDD 116986
188.421 metal6 204.495 598.2   VDD 117410
188.421 metal6 205.415 598.2   VDD 117411
188.421 metal6 206.22 598.2    VDD 117412
188.421 metal2 205.3 616.2     VDD 44089
188.42  metal7 232.22 568.495  VDD 122999
188.42  metal7 232.22 569.3    VDD 122778
188.42  metal7 232.22 569.415  VDD 123002
188.42  metal7 232.22 570.22   VDD 123005
188.42  metal1 201.4 612.6     VDD 9648
188.419 metal1 206.6 619.8     VDD 10317
188.419 metal2 205.3 594.6     VDD 44065
188.418 metal1 235.5 619.8     VDD 10295
188.418 metal7 231.415 569.415 VDD 123001
188.418 metal7 231.415 569.3   VDD 122779
188.418 metal7 231.415 570.22  VDD 123004
188.418 metal7 231.415 568.495 VDD 122998
188.418 metal3 257.415 598.2   VDD 60816
188.416 metal2 205.415 594.6   VDD 44067
188.416 metal1 205.3 612.6     VDD 9701
188.416 metal1 271.795 583.438 VDD 7459
188.415 metal1 200.3 619.8     VDD 10289
188.415 metal1 267.5 598.2     VDD 8478
188.415 metal1 271.795 583.625 VDD 7244
188.415 metal6 257.415 594.495 VDD 119150
188.415 metal3 258.22 598.2    VDD 60817
188.415 metal2 257.415 562.2   VDD 44679
188.415 metal6 256.495 594.495 VDD 119149
188.415 metal6 258.22 594.495  VDD 119151
188.415 metal6 257.3 594.495   VDD 118918
188.415 metal6 258.22 594.6    VDD 119343
188.415 metal6 256.495 594.6   VDD 119341
188.415 metal3 256.495 598.2   VDD 60815
188.415 metal6 257.3 594.6     VDD 118917
188.415 metal1 246.9 558.6     VDD 5387
188.415 metal6 257.415 594.6   VDD 119342
188.415 metal1 197.9 609       VDD 9364
188.414 metal1 271.795 583.8   VDD 7243
188.414 metal1 205.3 591       VDD 8024
188.413 metal6 232.22 616.2    VDD 118361
188.413 metal6 230.495 616.2   VDD 118359
188.413 metal6 231.415 616.2   VDD 118360
188.413 metal6 231.3 616.2     VDD 117945
188.413 metal7 230.495 569.415 VDD 123000
188.413 metal7 230.495 570.22  VDD 123003
188.413 metal7 230.495 569.3   VDD 122780
188.413 metal7 230.495 568.495 VDD 122997
188.413 metal1 247.8 558.6     VDD 5402
188.413 metal1 196.7 612.6     VDD 9646
188.413 metal2 205.415 616.2   VDD 44091
188.412 metal2 204.495 594.6   VDD 44066
188.412 metal2 205.3 612.6     VDD 44085
188.412 metal2 206.22 594.6    VDD 44068
188.411 metal1 208 587.4       VDD 7749
188.411 metal1 199.8 594.6     VDD 8243
188.411 metal7 256.495 595.415 VDD 123315
188.411 metal7 256.495 595.3   VDD 123101
188.411 metal7 256.495 596.22  VDD 123318
188.411 metal7 256.495 594.495 VDD 123312
188.41  metal1 254.195 605.038 VDD 9062
188.41  metal2 205.415 612.6   VDD 44087
188.41  metal1 254.195 605.225 VDD 8842
188.41  metal6 231.3 568.495   VDD 117964
188.41  metal6 230.495 568.495 VDD 118194
188.41  metal6 231.415 568.495 VDD 118195
188.41  metal6 232.22 568.495  VDD 118196
188.41  metal3 205.415 594.6   VDD 60327
188.41  metal1 248.5 616.2     VDD 9974
188.409 metal1 254.195 605.4   VDD 8841
188.409 metal2 205.3 591       VDD 44061
188.409 metal3 206.22 594.6    VDD 60328
188.408 metal3 204.495 594.6   VDD 60326
188.407 metal6 256.495 595.415 VDD 119152
188.407 metal6 258.22 595.415  VDD 119154
188.407 metal6 257.415 595.415 VDD 119153
188.407 metal6 257.3 595.415   VDD 118916
188.406 metal4 257.415 598.2   VDD 74448
188.406 metal2 205.415 591     VDD 44063
188.406 metal2 204.495 612.6   VDD 44086
188.406 metal2 206.22 612.6    VDD 44088
188.406 metal4 258.22 598.2    VDD 74449
188.405 metal1 207.6 587.4     VDD 7750
188.405 metal4 256.495 598.2   VDD 74447
188.405 metal7 257.415 596.22  VDD 123319
188.405 metal7 257.415 595.415 VDD 123316
188.405 metal7 257.415 594.495 VDD 123313
188.405 metal7 257.415 595.3   VDD 123100
188.405 metal4 205.415 594.6   VDD 73959
188.404 metal4 206.22 594.6    VDD 73960
188.404 metal3 205.415 612.6   VDD 60342
188.404 metal4 204.495 594.6   VDD 73958
188.404 metal1 240.9 619.8     VDD 10293
188.404 metal2 256.495 562.2   VDD 44678
188.403 metal1 203.2 591       VDD 8008
188.403 metal3 206.22 612.6    VDD 60343
188.403 metal3 204.495 612.6   VDD 60341
188.403 metal2 258.22 562.2    VDD 44680
188.402 metal6 257.3 596.22    VDD 118915
188.402 metal6 257.415 596.22  VDD 119156
188.402 metal6 256.495 596.22  VDD 119155
188.402 metal6 258.22 596.22   VDD 119157
188.402 metal2 204.495 591     VDD 44062

#################################################
Range             Total Count Displayed / Scissored Percentage
 > 213.615        0           0 / 0                  0.00%    
186.913 ~ 213.615 5395        5395 / 0               4.15%    
160.211 ~ 186.913 76617       76617 / 0             59.00%    
133.509 ~ 160.211 38874       38874 / 0             29.93%    
106.807 ~ 133.509 7080        7080 / 0               5.45%    
80.1056 ~ 106.807 1407        1407 / 0               1.08%    
53.4037 ~ 80.1056 166         166 / 0                0.13%    
26.7019 ~ 53.4037 8           8 / 0                  0.01%    
0 ~ 26.7019       319         319 / 0                0.25%    
 < 0              2           2 / 0                  0.00%    
