*----------------------------------------------------------------------------------------
*	Innovus 22.15-s091_1 (64bit) 02/28/2024 12:21 (Linux 3.10.0-693.el7.x86_64)
*	
*
* 	Date & Time:	2026-Aug-26 12:47:29 (2026-Aug-26 09:47:29 GMT)
*
*----------------------------------------------------------------------------------------
*
*	Design: top
*
*	Liberty Libraries used: 
*	        SlowView: /project/verif/users/marianajjar/ws/spline_3_1_rerun/innovus/dataout/design_saves/top_signoff.dat/libs/mmmc/tcbn65lplvtwc.lib
*	        SlowView: /project/verif/users/marianajjar/ws/spline_3_1_rerun/innovus/dataout/design_saves/top_signoff.dat/libs/mmmc/tcbn65lphvtwc.lib
*	        SlowView: /project/verif/users/marianajjar/ws/spline_3_1_rerun/innovus/dataout/design_saves/top_signoff.dat/libs/mmmc/tcbn65lpwc.lib
*	        SlowView: /project/verif/users/marianajjar/ws/spline_3_1_rerun/innovus/dataout/design_saves/top_signoff.dat/libs/mmmc/tpdn65lpnv2od3wc.lib
*
*	Power Domain used: 
*              Rail:        VDD      Voltage:       1.08 
*
*       Power View : SlowView
*
*       User-Defined Activity : N.A.
*
*	Switching Activity File used: 
*	        /project/verif/users/marianajjar/ws/spline_3_1_rerun/power_sim/core_sf_L4.saif
*
*            Total Design annotation coverage: 32562/43203 = 75.369766% 

*       Hierarchical Global Activity: N.A.
*
*       Global Activity: N.A.
*
*       Sequential Element Activity: 0.200000
*
*       Primary Input Activity: 0.200000
*
*       Default icg ratio: N.A.
*
*       Global Comb ClockGate Ratio: N.A.
*
*	Power Units = 1mW
*
*	Time Units = 1e-09 secs 
*
*       report_power -outfile ./power_signoff/perL_saif_win/core_I0_L4.rpt -instances {I0}
*
-----------------------------------------------------------------------------------------


Total Power 
-----------------------------------------------------------------------------------------
Total Internal Power:       55.06330262 	   47.7720%
Total Switching Power:      60.12779451 	   52.1659%
Total Leakage Power:         0.07154304 	    0.0621%
Total Power:               115.26264017 
-----------------------------------------------------------------------------------------


Group                           Internal   Switching     Leakage       Total  Percentage 
                                Power      Power         Power         Power  (%)        
-----------------------------------------------------------------------------------------
Sequential                         2.338      0.4308    0.004119       2.773       2.405 
Macro                                  0           0    0.004201    0.004201    0.003645 
IO                                 40.16       50.46    0.001643       90.62       78.62 
Combinational                      12.38       8.497      0.0612       20.94       18.17 
Clock (Combinational)             0.1843      0.7442   0.0003845      0.9289      0.8059 
Clock (Sequential)                     0           0           0           0           0 
-----------------------------------------------------------------------------------------
Total                              55.06       60.13     0.07154       115.3         100 
-----------------------------------------------------------------------------------------


Clock                           Internal   Switching     Leakage       Total  Percentage 
                                Power      Power         Power         Power  (%)        
-----------------------------------------------------------------------------------------
clk                                3.204       25.22   0.0004301       28.42       24.66 
-----------------------------------------------------------------------------------------
Total (excluding duplicates)       3.204       25.22   0.0004301       28.42       24.66 
-----------------------------------------------------------------------------------------
Clock: clk
Clock Period: 0.001042 usec 
Clock Toggle Rate:  1919.9939 Mhz 
Clock Static Probability:  0.5000



Rail                  Voltage   Internal   Switching     Leakage       Total  Percentage 
                                Power      Power         Power         Power  (%)        
-----------------------------------------------------------------------------------------
Default                  1.08      40.16       50.46    0.005617       90.62       78.62 
VDD                      1.08       14.9       9.672     0.06593       24.64       21.38 


Instance                      Max Toggles   Total Toggles   Internal   Switching     Leakage       Total  Percentage    Cell
                              Input Pins    Output Pins     Power      Power         Power         Power  (%)           Name
----------------------------------------------------------------------------------------------------------------------------
I0                                      0               0      14.84       9.571     0.06498       24.47       21.23    
----------------------------------------------------------------------------------------------------------------------------
Total                                                          14.84       9.571     0.06498       24.47       21.23    


-----------------------------------------------------------------------------------------
*	Power Distribution Summary: 
*                Highest Average Power:                     I5/I1 (PDDW0204CDG):             27.5 
*                Highest Leakage Power:                PAD_POC/I1 (PVDD2POC):         0.003923 
*          Total Cap:      3.37654e-10 F
*          Total instances in design: 36484
*          Total instances in design with no power:     6
*          Total instances in design with no activity:     6
*          Total Fillers and Decap:     4
-----------------------------------------------------------------------------------------

